Component: ARM Compiler 5.06 update 4 (build 422) Tool: armlink [4d35d2]

==============================================================================

Section Cross References

    startup_stm32f40_41xxx.o(STACK) refers (Special) to heapauxi.o(.text) for __use_two_region_memory
    startup_stm32f40_41xxx.o(HEAP) refers (Special) to heapauxi.o(.text) for __use_two_region_memory
    startup_stm32f40_41xxx.o(RESET) refers (Special) to heapauxi.o(.text) for __use_two_region_memory
    startup_stm32f40_41xxx.o(RESET) refers to startup_stm32f40_41xxx.o(STACK) for __initial_sp
    startup_stm32f40_41xxx.o(RESET) refers to startup_stm32f40_41xxx.o(.text) for Reset_Handler
    startup_stm32f40_41xxx.o(RESET) refers to stm32f4xx_it.o(i.NMI_Handler) for NMI_Handler
    startup_stm32f40_41xxx.o(RESET) refers to context_rvds.o(.text) for HardFault_Handler
    startup_stm32f40_41xxx.o(RESET) refers to stm32f4xx_it.o(i.MemManage_Handler) for MemManage_Handler
    startup_stm32f40_41xxx.o(RESET) refers to stm32f4xx_it.o(i.BusFault_Handler) for BusFault_Handler
    startup_stm32f40_41xxx.o(RESET) refers to stm32f4xx_it.o(i.UsageFault_Handler) for UsageFault_Handler
    startup_stm32f40_41xxx.o(RESET) refers to stm32f4xx_it.o(i.SVC_Handler) for SVC_Handler
    startup_stm32f40_41xxx.o(RESET) refers to stm32f4xx_it.o(i.DebugMon_Handler) for DebugMon_Handler
    startup_stm32f40_41xxx.o(RESET) refers to board.o(i.SysTick_Handler) for SysTick_Handler
    startup_stm32f40_41xxx.o(RESET) refers to stm32f4xx_it.o(i.CAN1_RX0_IRQHandler) for CAN1_RX0_IRQHandler
    startup_stm32f40_41xxx.o(RESET) refers to stm32f4xx_it.o(i.USART6_IRQHandler) for USART6_IRQHandler
    startup_stm32f40_41xxx.o(.text) refers (Special) to heapauxi.o(.text) for __use_two_region_memory
    startup_stm32f40_41xxx.o(.text) refers to system_stm32f4xx.o(i.SystemInit) for SystemInit
    startup_stm32f40_41xxx.o(.text) refers to __main.o(!!!main) for __main
    startup_stm32f40_41xxx.o(.text) refers to startup_stm32f40_41xxx.o(HEAP) for Heap_Mem
    startup_stm32f40_41xxx.o(.text) refers to startup_stm32f40_41xxx.o(STACK) for Stack_Mem
    stm32f4xx_adc.o(i.ADC_DeInit) refers to stm32f4xx_rcc.o(i.RCC_APB2PeriphResetCmd) for RCC_APB2PeriphResetCmd
    stm32f4xx_can.o(i.CAN_DeInit) refers to stm32f4xx_rcc.o(i.RCC_APB1PeriphResetCmd) for RCC_APB1PeriphResetCmd
    stm32f4xx_can.o(i.CAN_GetITStatus) refers to stm32f4xx_can.o(i.CheckITStatus) for CheckITStatus
    stm32f4xx_cryp.o(i.CRYP_DeInit) refers to stm32f4xx_rcc.o(i.RCC_AHB2PeriphResetCmd) for RCC_AHB2PeriphResetCmd
    stm32f4xx_cryp_aes.o(i.CRYP_AES_CBC) refers to stm32f4xx_cryp.o(i.CRYP_KeyStructInit) for CRYP_KeyStructInit
    stm32f4xx_cryp_aes.o(i.CRYP_AES_CBC) refers to stm32f4xx_cryp.o(i.CRYP_FIFOFlush) for CRYP_FIFOFlush
    stm32f4xx_cryp_aes.o(i.CRYP_AES_CBC) refers to stm32f4xx_cryp.o(i.CRYP_Init) for CRYP_Init
    stm32f4xx_cryp_aes.o(i.CRYP_AES_CBC) refers to stm32f4xx_cryp.o(i.CRYP_KeyInit) for CRYP_KeyInit
    stm32f4xx_cryp_aes.o(i.CRYP_AES_CBC) refers to stm32f4xx_cryp.o(i.CRYP_Cmd) for CRYP_Cmd
    stm32f4xx_cryp_aes.o(i.CRYP_AES_CBC) refers to stm32f4xx_cryp.o(i.CRYP_GetFlagStatus) for CRYP_GetFlagStatus
    stm32f4xx_cryp_aes.o(i.CRYP_AES_CBC) refers to stm32f4xx_cryp.o(i.CRYP_IVInit) for CRYP_IVInit
    stm32f4xx_cryp_aes.o(i.CRYP_AES_CBC) refers to stm32f4xx_cryp.o(i.CRYP_GetCmdStatus) for CRYP_GetCmdStatus
    stm32f4xx_cryp_aes.o(i.CRYP_AES_CBC) refers to stm32f4xx_cryp.o(i.CRYP_DataIn) for CRYP_DataIn
    stm32f4xx_cryp_aes.o(i.CRYP_AES_CBC) refers to stm32f4xx_cryp.o(i.CRYP_DataOut) for CRYP_DataOut
    stm32f4xx_cryp_aes.o(i.CRYP_AES_CCM) refers to stm32f4xx_cryp.o(i.CRYP_KeyStructInit) for CRYP_KeyStructInit
    stm32f4xx_cryp_aes.o(i.CRYP_AES_CCM) refers to stm32f4xx_cryp.o(i.CRYP_FIFOFlush) for CRYP_FIFOFlush
    stm32f4xx_cryp_aes.o(i.CRYP_AES_CCM) refers to stm32f4xx_cryp.o(i.CRYP_KeyInit) for CRYP_KeyInit
    stm32f4xx_cryp_aes.o(i.CRYP_AES_CCM) refers to stm32f4xx_cryp.o(i.CRYP_IVInit) for CRYP_IVInit
    stm32f4xx_cryp_aes.o(i.CRYP_AES_CCM) refers to stm32f4xx_cryp.o(i.CRYP_Init) for CRYP_Init
    stm32f4xx_cryp_aes.o(i.CRYP_AES_CCM) refers to stm32f4xx_cryp.o(i.CRYP_PhaseConfig) for CRYP_PhaseConfig
    stm32f4xx_cryp_aes.o(i.CRYP_AES_CCM) refers to stm32f4xx_cryp.o(i.CRYP_DataIn) for CRYP_DataIn
    stm32f4xx_cryp_aes.o(i.CRYP_AES_CCM) refers to stm32f4xx_cryp.o(i.CRYP_Cmd) for CRYP_Cmd
    stm32f4xx_cryp_aes.o(i.CRYP_AES_CCM) refers to stm32f4xx_cryp.o(i.CRYP_GetCmdStatus) for CRYP_GetCmdStatus
    stm32f4xx_cryp_aes.o(i.CRYP_AES_CCM) refers to stm32f4xx_cryp.o(i.CRYP_GetFlagStatus) for CRYP_GetFlagStatus
    stm32f4xx_cryp_aes.o(i.CRYP_AES_CCM) refers to stm32f4xx_cryp.o(i.CRYP_DataOut) for CRYP_DataOut
    stm32f4xx_cryp_aes.o(i.CRYP_AES_CTR) refers to stm32f4xx_cryp.o(i.CRYP_KeyStructInit) for CRYP_KeyStructInit
    stm32f4xx_cryp_aes.o(i.CRYP_AES_CTR) refers to stm32f4xx_cryp.o(i.CRYP_KeyInit) for CRYP_KeyInit
[...]
    i.rt_kprintf                             0x08003184   Section        0  kservice.o(i.rt_kprintf)
    i.rt_list_init                           0x080031b4   Section        0  ipc.o(i.rt_list_init)
    rt_list_init                             0x080031b5   Thumb Code     6  ipc.o(i.rt_list_init)
    i.rt_list_init                           0x080031ba   Section        0  scheduler.o(i.rt_list_init)
    rt_list_init                             0x080031bb   Thumb Code     6  scheduler.o(i.rt_list_init)
    i.rt_list_init                           0x080031c0   Section        0  timer.o(i.rt_list_init)
    rt_list_init                             0x080031c1   Thumb Code     6  timer.o(i.rt_list_init)
    i.rt_list_insert_after                   0x080031c6   Section        0  object.o(i.rt_list_insert_after)
    rt_list_insert_after                     0x080031c7   Thumb Code    14  object.o(i.rt_list_insert_after)
    i.rt_list_insert_after                   0x080031d4   Section        0  thread.o(i.rt_list_insert_after)
    rt_list_insert_after                     0x080031d5   Thumb Code    14  thread.o(i.rt_list_insert_after)
    i.rt_list_insert_after                   0x080031e2   Section        0  timer.o(i.rt_list_insert_after)
    rt_list_insert_after                     0x080031e3   Thumb Code    14  timer.o(i.rt_list_insert_after)
    i.rt_list_insert_before                  0x080031f0   Section        0  ipc.o(i.rt_list_insert_before)
    rt_list_insert_before                    0x080031f1   Thumb Code    14  ipc.o(i.rt_list_insert_before)
    i.rt_list_isempty                        0x080031fe   Section        0  ipc.o(i.rt_list_isempty)
    rt_list_isempty                          0x080031ff   Thumb Code    16  ipc.o(i.rt_list_isempty)
    i.rt_list_isempty                        0x0800320e   Section        0  timer.o(i.rt_list_isempty)
    rt_list_isempty                          0x0800320f   Thumb Code    16  timer.o(i.rt_list_isempty)
    i.rt_list_isempty                        0x0800321e   Section        0  cmd.o(i.rt_list_isempty)
    rt_list_isempty                          0x0800321f   Thumb Code    16  cmd.o(i.rt_list_isempty)
    i.rt_list_len                            0x0800322e   Section        0  cmd.o(i.rt_list_len)
    rt_list_len                              0x0800322f   Thumb Code    20  cmd.o(i.rt_list_len)
    i.rt_list_remove                         0x08003242   Section        0  object.o(i.rt_list_remove)
    rt_list_remove                           0x08003243   Thumb Code    18  object.o(i.rt_list_remove)
    i.rt_list_remove                         0x08003254   Section        0  thread.o(i.rt_list_remove)
    rt_list_remove                           0x08003255   Thumb Code    18  thread.o(i.rt_list_remove)
    i.rt_malloc                              0x08003268   Section        0  mem.o(i.rt_malloc)
    i.rt_memmove                             0x080033d4   Section        0  kservice.o(i.rt_memmove)
    i.rt_memset                              0x08003416   Section        0  kservice.o(i.rt_memset)
    i.rt_object_allocate                     0x0800345e   Section        0  object.o(i.rt_object_allocate)
    i.rt_object_delete                       0x080034b2   Section        0  object.o(i.rt_object_delete)
    i.rt_object_detach                       0x080034d6   Section        0  object.o(i.rt_object_detach)
    i.rt_object_get_information              0x080034f4   Section        0  object.o(i.rt_object_get_information)
    i.rt_object_init                         0x0800351c   Section        0  object.o(i.rt_object_init)
    i.rt_object_is_systemobject              0x08003572   Section        0  object.o(i.rt_object_is_systemobject)
    i.rt_schedule                            0x08003584   Section        0  scheduler.o(i.rt_schedule)
    i.rt_schedule_insert_thread              0x08003608   Section        0  scheduler.o(i.rt_schedule_insert_thread)
    i.rt_schedule_remove_thread              0x08003658   Section        0  scheduler.o(i.rt_schedule_remove_thread)
    i.rt_sem_init                            0x080036ac   Section        0  ipc.o(i.rt_sem_init)
    i.rt_sem_release                         0x080036d2   Section        0  ipc.o(i.rt_sem_release)
    i.rt_sem_take                            0x0800370c   Section        0  ipc.o(i.rt_sem_take)
    i.rt_show_version                        0x08003780   Section        0  kservice.o(i.rt_show_version)
    i.rt_strlen                              0x08003830   Section        0  kservice.o(i.rt_strlen)
    i.rt_strncpy                             0x08003842   Section        0  kservice.o(i.rt_strncpy)
    i.rt_system_heap_init                    0x08003878   Section        0  mem.o(i.rt_system_heap_init)
    i.rt_system_scheduler_init               0x08003970   Section        0  scheduler.o(i.rt_system_scheduler_init)
    i.rt_system_scheduler_start              0x080039bc   Section        0  scheduler.o(i.rt_system_scheduler_start)
    i.rt_system_timer_init                   0x080039ec   Section        0  timer.o(i.rt_system_timer_init)
    i.rt_system_timer_thread_init            0x08003a08   Section        0  timer.o(i.rt_system_timer_thread_init)
    i.rt_thread_create                       0x08003a0a   Section        0  thread.o(i.rt_thread_create)
    i.rt_thread_exit                         0x08003a5c   Section        0  thread.o(i.rt_thread_exit)
    i.rt_thread_idle_entry                   0x08003ab0   Section        0  idle.o(i.rt_thread_idle_entry)
    rt_thread_idle_entry                     0x08003ab1   Thumb Code     8  idle.o(i.rt_thread_idle_entry)
    i.rt_thread_idle_excute                  0x08003ab8   Section        0  idle.o(i.rt_thread_idle_excute)
    i.rt_thread_idle_init                    0x08003b44   Section        0  idle.o(i.rt_thread_idle_init)
    i.rt_thread_init                         0x08003b80   Section        0  thread.o(i.rt_thread_init)
    i.rt_thread_mdelay                       0x08003bb4   Section        0  thread.o(i.rt_thread_mdelay)
    i.rt_thread_resume                       0x08003bc8   Section        0  thread.o(i.rt_thread_resume)
    i.rt_thread_self                         0x08003c04   Section        0  thread.o(i.rt_thread_self)
    i.rt_thread_sleep                        0x08003c10   Section        0  thread.o(i.rt_thread_sleep)
    i.rt_thread_startup                      0x08003c54   Section        0  thread.o(i.rt_thread_startup)
    i.rt_thread_suspend                      0x08003c80   Section        0  thread.o(i.rt_thread_suspend)
    i.rt_thread_timeout                      0x08003cc4   Section        0  thread.o(i.rt_thread_timeout)
    i.rt_thread_yield                        0x08003ce4   Section        0  thread.o(i.rt_thread_yield)
    i.rt_tick_from_millisecond               0x08003d48   Section        0  clock.o(i.rt_tick_from_millisecond)
    i.rt_tick_get                            0x08003d80   Section        0  clock.o(i.rt_tick_get)
    i.rt_tick_increase                       0x08003d8c   Section        0  clock.o(i.rt_tick_increase)
    i.rt_timer_check                         0x08003dbc   Section        0  timer.o(i.rt_timer_check)
    i.rt_timer_control                       0x08003e38   Section        0  timer.o(i.rt_timer_control)
    i.rt_timer_detach                        0x08003e70   Section        0  timer.o(i.rt_timer_detach)
    i.rt_timer_init                          0x08003e90   Section        0  timer.o(i.rt_timer_init)
    i.rt_timer_start                         0x08003ec0   Section        0  timer.o(i.rt_timer_start)
    i.rt_timer_stop                          0x08003fb8   Section        0  timer.o(i.rt_timer_stop)
    i.rt_vsnprintf                           0x08003fe8   Section        0  kservice.o(i.rt_vsnprintf)
    i.rti_board_end                          0x08004318   Section        0  components.o(i.rti_board_end)
    rti_board_end                            0x08004319   Thumb Code     4  components.o(i.rti_board_end)
    i.rti_board_start                        0x0800431c   Section        0  components.o(i.rti_board_start)
    rti_board_start                          0x0800431d   Thumb Code     4  components.o(i.rti_board_start)
    i.rti_end                                0x08004320   Section        0  components.o(i.rti_end)
    rti_end                                  0x08004321   Thumb Code     4  components.o(i.rti_end)
    i.rti_start                              0x08004324   Section        0  components.o(i.rti_start)
    rti_start                                0x08004325   Thumb Code     4  components.o(i.rti_start)
    i.rtthread_startup                       0x08004328   Section        0  components.o(i.rtthread_startup)
    i.shell_auto_complete                    0x08004354   Section        0  shell.o(i.shell_auto_complete)
    shell_auto_complete                      0x08004355   Thumb Code    42  shell.o(i.shell_auto_complete)
    i.show_wait_queue                        0x0800438c   Section        0  cmd.o(i.show_wait_queue)
    show_wait_queue                          0x0800438d   Thumb Code    40  cmd.o(i.show_wait_queue)
    i.skip_atoi                              0x080043bc   Section        0  kservice.o(i.skip_atoi)
    skip_atoi                                0x080043bd   Thumb Code    38  kservice.o(i.skip_atoi)
    i.str_common                             0x080043e2   Section        0  msh.o(i.str_common)
    str_common                               0x080043e3   Thumb Code    32  msh.o(i.str_common)
    i.uart6_tx_thread                        0x08004404   Section        0  main.o(i.uart6_tx_thread)
    uart6_tx_thread                          0x08004405   Thumb Code    98  main.o(i.uart6_tx_thread)
    i.uart_init                              0x080044bc   Section        0  usart.o(i.uart_init)
    uart_init                                0x080044bd   Thumb Code    10  usart.o(i.uart_init)
    i.usage_fault_track                      0x080044c8   Section        0  cpuport.o(i.usage_fault_track)
    usage_fault_track                        0x080044c9   Thumb Code   122  cpuport.o(i.usage_fault_track)
    i.version                                0x080045b0   Section        0  cmd.o(i.version)
    x$fpl$fpinit                             0x080045ba   Section       10  fpinit.o(x$fpl$fpinit)
    $v0                                      0x080045ba   Number         0  fpinit.o(x$fpl$fpinit)
    .constdata                               0x080045c4   Section      290  kservice.o(.constdata)
    small_digits                             0x080046c4   Data          17  kservice.o(.constdata)
    large_digits                             0x080046d5   Data          17  kservice.o(.constdata)
    .constdata                               0x080046e6   Section        9  mem.o(.constdata)
    .constdata                               0x080046ef   Section      147  cmd.o(.constdata)
    .constdata                               0x08004782   Section       31  msh.o(.constdata)
    .conststring                             0x080047a4   Section       68  cmd.o(.conststring)
    .rti_fn.0                                0x080047e8   Section        4  components.o(.rti_fn.0)
    __tagsym$$used                           0x080047e8   Number         0  components.o(.rti_fn.0)
    .rti_fn.0.end                            0x080047ec   Section        4  components.o(.rti_fn.0.end)
    __tagsym$$used                           0x080047ec   Number         0  components.o(.rti_fn.0.end)
    .rti_fn.1                                0x080047f0   Section        4  usart.o(.rti_fn.1)
    __tagsym$$used                           0x080047f0   Number         0  usart.o(.rti_fn.1)
    .rti_fn.1.end                            0x080047f4   Section        4  components.o(.rti_fn.1.end)
    __tagsym$$used                           0x080047f4   Number         0  components.o(.rti_fn.1.end)
    .rti_fn.6                                0x080047f8   Section        4  shell.o(.rti_fn.6)
    __tagsym$$used                           0x080047f8   Number         0  shell.o(.rti_fn.6)
    .rti_fn.6.end                            0x080047fc   Section        4  components.o(.rti_fn.6.end)
    __tagsym$$used                           0x080047fc   Number         0  components.o(.rti_fn.6.end)
    FSymTab                                  0x08004800   Section        8  mem.o(FSymTab)
    __tagsym$$used                           0x08004800   Number         0  mem.o(FSymTab)
    FSymTab                                  0x08004808   Section       96  cmd.o(FSymTab)
    __tagsym$$used                           0x08004808   Number         0  cmd.o(FSymTab)
    __tagsym$$used                           0x08004810   Number         0  cmd.o(FSymTab)
    __tagsym$$used                           0x08004818   Number         0  cmd.o(FSymTab)
    __tagsym$$used                           0x08004820   Number         0  cmd.o(FSymTab)
    __tagsym$$used                           0x08004828   Number         0  cmd.o(FSymTab)
    __tagsym$$used                           0x08004830   Number         0  cmd.o(FSymTab)
    __tagsym$$used                           0x08004838   Number         0  cmd.o(FSymTab)
    __tagsym$$used                           0x08004840   Number         0  cmd.o(FSymTab)
    __tagsym$$used                           0x08004848   Number         0  cmd.o(FSymTab)
    __tagsym$$used                           0x08004850   Number         0  cmd.o(FSymTab)
    __tagsym$$used                           0x08004858   Number         0  cmd.o(FSymTab)
    __tagsym$$used                           0x08004860   Number         0  cmd.o(FSymTab)
    FSymTab                                  0x08004868   Section       24  msh.o(FSymTab)
    __tagsym$$used                           0x08004868   Number         0  msh.o(FSymTab)
    __tagsym$$used                           0x08004870   Number         0  msh.o(FSymTab)
    __tagsym$$used                           0x08004878   Number         0  msh.o(FSymTab)
    .data                                    0x20000000   Section       16  stm32f4xx_rcc.o(.data)
    APBAHBPrescTable                         0x20000000   Data          16  stm32f4xx_rcc.o(.data)
    .data                                    0x20000010   Section       20  system_stm32f4xx.o(.data)
    .data                                    0x20000024   Section       16  usart.o(.data)
    Usart6_Index_Head                        0x20000024   Data           4  usart.o(.data)
    Usart6_Index_Tail                        0x20000028   Data           4  usart.o(.data)
    Usart6_RecPack_Flag                      0x2000002c   Data           1  usart.o(.data)
    .data                                    0x20000034   Section       12  can.o(.data)
    Self_Can_Addr                            0x20000034   Data           4  can.o(.data)
    Can1_Index_Head                          0x20000038   Data           4  can.o(.data)
    Can1_Index_Tail                          0x2000003c   Data           4  can.o(.data)
    .data                                    0x20000040   Section       16  cpuport.o(.data)
    rt_exception_hook                        0x2000004c   Data           4  cpuport.o(.data)
    .data                                    0x20000050   Section        4  clock.o(.data)
    rt_tick                                  0x20000050   Data           4  clock.o(.data)
    .data                                    0x20000054   Section        1  irq.o(.data)
    .data                                    0x20000058   Section       24  mem.o(.data)
    heap_ptr                                 0x20000058   Data           4  mem.o(.data)
    heap_end                                 0x2000005c   Data           4  mem.o(.data)
    lfree                                    0x20000060   Data           4  mem.o(.data)
    mem_size_aligned                         0x20000064   Data           4  mem.o(.data)
    used_mem                                 0x20000068   Data           4  mem.o(.data)
    max_mem                                  0x2000006c   Data           4  mem.o(.data)
    .data                                    0x20000070   Section       64  object.o(.data)
    rt_object_container                      0x20000070   Data          64  object.o(.data)
    .data                                    0x200000b0   Section       24  scheduler.o(.data)
    rt_scheduler_lock_nest                   0x200000b0   Data           2  scheduler.o(.data)
    .data                                    0x200000c8   Section       12  timer.o(.data)
    rt_timer_list                            0x200000c8   Data           8  timer.o(.data)
    random_nr                                0x200000d0   Data           4  timer.o(.data)
    .data                                    0x200000d4   Section       24  shell.o(.data)
    finsh_prompt_custom                      0x200000e8   Data           4  shell.o(.data)
    .bss                                     0x200000ec   Section       48  main.o(.bss)
    .bss                                     0x2000011c   Section      512  usart.o(.bss)
    Usart6_Buff                              0x2000011c   Data         512  usart.o(.bss)
    .bss                                     0x2000031c   Section      640  can.o(.bss)
    .bss                                     0x2000059c   Section      376  idle.o(.bss)
    idle                                     0x2000059c   Data         120  idle.o(.bss)
    rt_thread_stack                          0x20000614   Data         256  idle.o(.bss)
    .bss                                     0x20000714   Section      128  kservice.o(.bss)
    rt_log_buf                               0x20000714   Data         128  kservice.o(.bss)
    .bss                                     0x20000794   Section       32  mem.o(.bss)
    heap_sem                                 0x20000794   Data          32  mem.o(.bss)
    .bss                                     0x200007b4   Section       64  scheduler.o(.bss)
    .bss                                     0x200007f4   Section     4096  board.o(.bss)
    rt_heap                                  0x200007f4   Data        4096  board.o(.bss)
    .bss                                     0x200017f4   Section      129  shell.o(.bss)
    finsh_prompt                             0x200017f4   Data         129  shell.o(.bss)
    .bss                                     0x20001878   Section       96  libspace.o(.bss)
    HEAP                                     0x200018d8   Section      512  startup_stm32f40_41xxx.o(HEAP)
    Heap_Mem                                 0x200018d8   Data         512  startup_stm32f40_41xxx.o(HEAP)
    STACK                                    0x20001ad8   Section     1024  startup_stm32f40_41xxx.o(STACK)
    Stack_Mem                                0x20001ad8   Data        1024  startup_stm32f40_41xxx.o(STACK)
    __initial_sp                             0x20001ed8   Data           0  startup_stm32f40_41xxx.o(STACK)

    Global Symbols

    Symbol Name                              Value     Ov Type        Size  Object(Section)

    BuildAttributes$$THM_ISAv4$E$P$D$K$B$S$7EM$VFPi3$EXTD16$VFPS$VFMA$PE$A:L22UL41UL21$X:L11$S22US41US21$IEEE1$IW$USESV6$~STKCKD$USESV7$~SHL$OSPACE$ROPI$EBA8$UX$STANDARDLIB$REQ8$PRES8$EABIv2 0x00000000   Number         0  anon$$obj.o ABSOLUTE
    __ARM_use_no_argv                        0x00000000   Number         0  main.o ABSOLUTE
    __ARM_exceptions_init                     - Undefined Weak Reference
    __alloca_initialize                       - Undefined Weak Reference
    __arm_preinit_                            - Undefined Weak Reference
    __cpp_initialize__aeabi_                  - Undefined Weak Reference
    __cxa_finalize                            - Undefined Weak Reference
    __rt_locale                               - Undefined Weak Reference
    __sigvec_lookup                           - Undefined Weak Reference
    _atexit_init                              - Undefined Weak Reference
    _call_atexit_fns                          - Undefined Weak Reference
    _clock_init                               - Undefined Weak Reference
    _fp_trap_init                             - Undefined Weak Reference
    _fp_trap_shutdown                         - Undefined Weak Reference
    _get_lc_collate                           - Undefined Weak Reference
    _get_lc_ctype                             - Undefined Weak Reference
    _get_lc_monetary                          - Undefined Weak Reference
    _get_lc_numeric                           - Undefined Weak Reference
    _get_lc_time                              - Undefined Weak Reference
    _getenv_init                              - Undefined Weak Reference
    _handle_redirection                       - Undefined Weak Reference
    _init_alloc                               - Undefined Weak Reference
    _init_user_alloc                          - Undefined Weak Reference
    _initio                                   - Undefined Weak Reference
    _mutex_acquire                            - Undefined Weak Reference
    _mutex_release                            - Undefined Weak Reference
    _printf_post_padding                      - Undefined Weak Reference
    _printf_pre_padding                       - Undefined Weak Reference
    _printf_truncate_signed                   - Undefined Weak Reference
    _printf_truncate_unsigned                 - Undefined Weak Reference
    _rand_init                                - Undefined Weak Reference
    _signal_finish                            - Undefined Weak Reference
    _signal_init                              - Undefined Weak Reference
    _terminate_alloc                          - Undefined Weak Reference
    _terminate_user_alloc                     - Undefined Weak Reference
    _terminateio                              - Undefined Weak Reference
    __Vectors_Size                           0x00000188   Number         0  startup_stm32f40_41xxx.o ABSOLUTE
    __Vectors                                0x08000000   Data           4  startup_stm32f40_41xxx.o(RESET)
    __Vectors_End                            0x08000188   Data           0  startup_stm32f40_41xxx.o(RESET)
    __main                                   0x08000189   Thumb Code     8  __main.o(!!!main)
    __scatterload                            0x08000191   Thumb Code     0  __scatter.o(!!!scatter)
    __scatterload_rt2                        0x08000191   Thumb Code    44  __scatter.o(!!!scatter)
    __scatterload_rt2_thumb_only             0x08000191   Thumb Code     0  __scatter.o(!!!scatter)
    __scatterload_null                       0x0800019f   Thumb Code     0  __scatter.o(!!!scatter)
    __scatterload_copy                       0x080001c5   Thumb Code    26  __scatter_copy.o(!!handler_copy)
    __scatterload_zeroinit                   0x080001e1   Thumb Code    28  __scatter_zi.o(!!handler_zi)
    __rt_lib_init                            0x080001fd   Thumb Code     0  libinit.o(.ARM.Collect$$libinit$$00000000)
    __rt_lib_init_fp_1                       0x080001ff   Thumb Code     0  libinit2.o(.ARM.Collect$$libinit$$00000001)
    __rt_lib_init_alloca_1                   0x08000203   Thumb Code     0  libinit2.o(.ARM.Collect$$libinit$$0000002E)
    __rt_lib_init_argv_1                     0x08000203   Thumb Code     0  libinit2.o(.ARM.Collect$$libinit$$0000002C)
    __rt_lib_init_atexit_1                   0x08000203   Thumb Code     0  libinit2.o(.ARM.Collect$$libinit$$0000001B)
    __rt_lib_init_clock_1                    0x08000203   Thumb Code     0  libinit2.o(.ARM.Collect$$libinit$$00000021)
    __rt_lib_init_cpp_1                      0x08000203   Thumb Code     0  libinit2.o(.ARM.Collect$$libinit$$00000032)
    __rt_lib_init_exceptions_1               0x08000203   Thumb Code     0  libinit2.o(.ARM.Collect$$libinit$$00000030)
    __rt_lib_init_fp_trap_1                  0x08000203   Thumb Code     0  libinit2.o(.ARM.Collect$$libinit$$0000001F)
    __rt_lib_init_getenv_1                   0x08000203   Thumb Code     0  libinit2.o(.ARM.Collect$$libinit$$00000023)
    __rt_lib_init_heap_1                     0x08000203   Thumb Code     0  libinit2.o(.ARM.Collect$$libinit$$0000000A)
    __rt_lib_init_lc_collate_1               0x08000203   Thumb Code     0  libinit2.o(.ARM.Collect$$libinit$$00000011)
    __rt_lib_init_lc_ctype_1                 0x08000203   Thumb Code     0  libinit2.o(.ARM.Collect$$libinit$$00000013)
    __rt_lib_init_lc_monetary_1              0x08000203   Thumb Code     0  libinit2.o(.ARM.Collect$$libinit$$00000015)
    __rt_lib_init_lc_numeric_1               0x08000203   Thumb Code     0  libinit2.o(.ARM.Collect$$libinit$$00000017)
    __rt_lib_init_lc_time_1                  0x08000203   Thumb Code     0  libinit2.o(.ARM.Collect$$libinit$$00000019)
    __rt_lib_init_preinit_1                  0x08000203   Thumb Code     0  libinit2.o(.ARM.Collect$$libinit$$00000004)
    __rt_lib_init_rand_1                     0x08000203   Thumb Code     0  libinit2.o(.ARM.Collect$$libinit$$0000000E)
    __rt_lib_init_return                     0x08000203   Thumb Code     0  libinit2.o(.ARM.Collect$$libinit$$00000033)
    __rt_lib_init_signal_1                   0x08000203   Thumb Code     0  libinit2.o(.ARM.Collect$$libinit$$0000001D)
    __rt_lib_init_stdio_1                    0x08000203   Thumb Code     0  libinit2.o(.ARM.Collect$$libinit$$00000025)
    __rt_lib_init_user_alloc_1               0x08000203   Thumb Code     0  libinit2.o(.ARM.Collect$$libinit$$0000000C)
    __rt_lib_shutdown                        0x08000205   Thumb Code     0  libshutdown.o(.ARM.Collect$$libshutdown$$00000000)
    __rt_lib_shutdown_cpp_1                  0x08000207   Thumb Code     0  libshutdown2.o(.ARM.Collect$$libshutdown$$00000002)
    __rt_lib_shutdown_fp_trap_1              0x08000207   Thumb Code     0  libshutdown2.o(.ARM.Collect$$libshutdown$$00000007)
    __rt_lib_shutdown_heap_1                 0x08000207   Thumb Code     0  libshutdown2.o(.ARM.Collect$$libshutdown$$0000000F)
    __rt_lib_shutdown_return                 0x08000207   Thumb Code     0  libshutdown2.o(.ARM.Collect$$libshutdown$$00000010)
    __rt_lib_shutdown_signal_1               0x08000207   Thumb Code     0  libshutdown2.o(.ARM.Collect$$libshutdown$$0000000A)
    __rt_lib_shutdown_stdio_1                0x08000207   Thumb Code     0  libshutdown2.o(.ARM.Collect$$libshutdown$$00000004)
    __rt_lib_shutdown_user_alloc_1           0x08000207   Thumb Code     0  libshutdown2.o(.ARM.Collect$$libshutdown$$0000000C)
    __rt_entry                               0x08000209   Thumb Code     0  __rtentry.o(.ARM.Collect$$rtentry$$00000000)
    __rt_entry_presh_1                       0x08000209   Thumb Code     0  __rtentry2.o(.ARM.Collect$$rtentry$$00000002)
    __rt_entry_sh                            0x08000209   Thumb Code     0  __rtentry4.o(.ARM.Collect$$rtentry$$00000004)
    __rt_entry_li                            0x0800020f   Thumb Code     0  __rtentry2.o(.ARM.Collect$$rtentry$$0000000A)
    __rt_entry_postsh_1                      0x0800020f   Thumb Code     0  __rtentry2.o(.ARM.Collect$$rtentry$$00000009)
    __rt_entry_main                          0x08000213   Thumb Code     0  __rtentry2.o(.ARM.Collect$$rtentry$$0000000D)
    __rt_entry_postli_1                      0x08000213   Thumb Code     0  __rtentry2.o(.ARM.Collect$$rtentry$$0000000C)
    __rt_exit                                0x0800021b   Thumb Code     0  rtexit.o(.ARM.Collect$$rtexit$$00000000)
    __rt_exit_ls                             0x0800021d   Thumb Code     0  rtexit2.o(.ARM.Collect$$rtexit$$00000003)
    __rt_exit_prels_1                        0x0800021d   Thumb Code     0  rtexit2.o(.ARM.Collect$$rtexit$$00000002)
    __rt_exit_exit                           0x08000221   Thumb Code     0  rtexit2.o(.ARM.Collect$$rtexit$$00000004)
    Reset_Handler                            0x08000229   Thumb Code     8  startup_stm32f40_41xxx.o(.text)
    ADC_IRQHandler                           0x08000243   Thumb Code     0  startup_stm32f40_41xxx.o(.text)
    CAN1_RX1_IRQHandler                      0x08000243   Thumb Code     0  startup_stm32f40_41xxx.o(.text)
    CAN1_SCE_IRQHandler                      0x08000243   Thumb Code     0  startup_stm32f40_41xxx.o(.text)
    CAN1_TX_IRQHandler                       0x08000243   Thumb Code     0  startup_stm32f40_41xxx.o(.text)
    CAN2_RX0_IRQHandler                      0x08000243   Thumb Code     0  startup_stm32f40_41xxx.o(.text)
    CAN2_RX1_IRQHandler                      0x08000243   Thumb Code     0  startup_stm32f40_41xxx.o(.text)
    CAN2_SCE_IRQHandler                      0x08000243   Thumb Code     0  startup_stm32f40_41xxx.o(.text)
    CAN2_TX_IRQHandler                       0x08000243   Thumb Code     0  startup_stm32f40_41xxx.o(.text)
    CRYP_IRQHandler                          0x08000243   Thumb Code     0  startup_stm32f40_41xxx.o(.text)
    DCMI_IRQHandler                          0x08000243   Thumb Code     0  startup_stm32f40_41xxx.o(.text)
    DMA1_Stream0_IRQHandler                  0x08000243   Thumb Code     0  startup_stm32f40_41xxx.o(.text)
    DMA1_Stream1_IRQHandler                  0x08000243   Thumb Code     0  startup_stm32f40_41xxx.o(.text)
    DMA1_Stream2_IRQHandler                  0x08000243   Thumb Code     0  startup_stm32f40_41xxx.o(.text)
    DMA1_Stream3_IRQHandler                  0x08000243   Thumb Code     0  startup_stm32f40_41xxx.o(.text)
    DMA1_Stream4_IRQHandler                  0x08000243   Thumb Code     0  startup_stm32f40_41xxx.o(.text)
    DMA1_Stream5_IRQHandler                  0x08000243   Thumb Code     0  startup_stm32f40_41xxx.o(.text)
    DMA1_Stream6_IRQHandler                  0x08000243   Thumb Code     0  startup_stm32f40_41xxx.o(.text)
    DMA1_Stream7_IRQHandler                  0x08000243   Thumb Code     0  startup_stm32f40_41xxx.o(.text)
    DMA2_Stream0_IRQHandler                  0x08000243   Thumb Code     0  startup_stm32f40_41xxx.o(.text)
    DMA2_Stream1_IRQHandler                  0x08000243   Thumb Code     0  startup_stm32f40_41xxx.o(.text)
    DMA2_Stream2_IRQHandler                  0x08000243   Thumb Code     0  startup_stm32f40_41xxx.o(.text)
    DMA2_Stream3_IRQHandler                  0x08000243   Thumb Code     0  startup_stm32f40_41xxx.o(.text)
    DMA2_Stream4_IRQHandler                  0x08000243   Thumb Code     0  startup_stm32f40_41xxx.o(.text)
    DMA2_Stream5_IRQHandler                  0x08000243   Thumb Code     0  startup_stm32f40_41xxx.o(.text)
    DMA2_Stream6_IRQHandler                  0x08000243   Thumb Code     0  startup_stm32f40_41xxx.o(.text)
    DMA2_Stream7_IRQHandler                  0x08000243   Thumb Code     0  startup_stm32f40_41xxx.o(.text)
    ETH_IRQHandler                           0x08000243   Thumb Code     0  startup_stm32f40_41xxx.o(.text)
    ETH_WKUP_IRQHandler                      0x08000243   Thumb Code     0  startup_stm32f40_41xxx.o(.text)
    EXTI0_IRQHandler                         0x08000243   Thumb Code     0  startup_stm32f40_41xxx.o(.text)
    EXTI15_10_IRQHandler                     0x08000243   Thumb Code     0  startup_stm32f40_41xxx.o(.text)
    EXTI1_IRQHandler                         0x08000243   Thumb Code     0  startup_stm32f40_41xxx.o(.text)
    EXTI2_IRQHandler                         0x08000243   Thumb Code     0  startup_stm32f40_41xxx.o(.text)
    EXTI3_IRQHandler                         0x08000243   Thumb Code     0  startup_stm32f40_41xxx.o(.text)
    EXTI4_IRQHandler                         0x08000243   Thumb Code     0  startup_stm32f40_41xxx.o(.text)
    EXTI9_5_IRQHandler                       0x08000243   Thumb Code     0  startup_stm32f40_41xxx.o(.text)
    FLASH_IRQHandler                         0x08000243   Thumb Code     0  startup_stm32f40_41xxx.o(.text)
    FPU_IRQHandler                           0x08000243   Thumb Code     0  startup_stm32f40_41xxx.o(.text)
    FSMC_IRQHandler                          0x08000243   Thumb Code     0  startup_stm32f40_41xxx.o(.text)
    HASH_RNG_IRQHandler                      0x08000243   Thumb Code     0  startup_stm32f40_41xxx.o(.text)
    I2C1_ER_IRQHandler                       0x08000243   Thumb Code     0  startup_stm32f40_41xxx.o(.text)
    I2C1_EV_IRQHandler                       0x08000243   Thumb Code     0  startup_stm32f40_41xxx.o(.text)
    I2C2_ER_IRQHandler                       0x08000243   Thumb Code     0  startup_stm32f40_41xxx.o(.text)
    I2C2_EV_IRQHandler                       0x08000243   Thumb Code     0  startup_stm32f40_41xxx.o(.text)
    I2C3_ER_IRQHandler                       0x08000243   Thumb Code     0  startup_stm32f40_41xxx.o(.text)
    I2C3_EV_IRQHandler                       0x08000243   Thumb Code     0  startup_stm32f40_41xxx.o(.text)
    OTG_FS_IRQHandler                        0x08000243   Thumb Code     0  startup_stm32f40_41xxx.o(.text)
    OTG_FS_WKUP_IRQHandler                   0x08000243   Thumb Code     0  startup_stm32f40_41xxx.o(.text)
    OTG_HS_EP1_IN_IRQHandler                 0x08000243   Thumb Code     0  startup_stm32f40_41xxx.o(.text)
    OTG_HS_EP1_OUT_IRQHandler                0x08000243   Thumb Code     0  startup_stm32f40_41xxx.o(.text)
    OTG_HS_IRQHandler                        0x08000243   Thumb Code     0  startup_stm32f40_41xxx.o(.text)
    OTG_HS_WKUP_IRQHandler                   0x08000243   Thumb Code     0  startup_stm32f40_41xxx.o(.text)
    PVD_IRQHandler                           0x08000243   Thumb Code     0  startup_stm32f40_41xxx.o(.text)
    RCC_IRQHandler                           0x08000243   Thumb Code     0  startup_stm32f40_41xxx.o(.text)
    RTC_Alarm_IRQHandler                     0x08000243   Thumb Code     0  startup_stm32f40_41xxx.o(.text)
    RTC_WKUP_IRQHandler                      0x08000243   Thumb Code     0  startup_stm32f40_41xxx.o(.text)
    SDIO_IRQHandler                          0x08000243   Thumb Code     0  startup_stm32f40_41xxx.o(.text)
    SPI1_IRQHandler                          0x08000243   Thumb Code     0  startup_stm32f40_41xxx.o(.text)
    SPI2_IRQHandler                          0x08000243   Thumb Code     0  startup_stm32f40_41xxx.o(.text)
    SPI3_IRQHandler                          0x08000243   Thumb Code     0  startup_stm32f40_41xxx.o(.text)
    TAMP_STAMP_IRQHandler                    0x08000243   Thumb Code     0  startup_stm32f40_41xxx.o(.text)
    TIM1_BRK_TIM9_IRQHandler                 0x08000243   Thumb Code     0  startup_stm32f40_41xxx.o(.text)
    TIM1_CC_IRQHandler                       0x08000243   Thumb Code     0  startup_stm32f40_41xxx.o(.text)
    TIM1_TRG_COM_TIM11_IRQHandler            0x08000243   Thumb Code     0  startup_stm32f40_41xxx.o(.text)
    TIM1_UP_TIM10_IRQHandler                 0x08000243   Thumb Code     0  startup_stm32f40_41xxx.o(.text)
    TIM2_IRQHandler                          0x08000243   Thumb Code     0  startup_stm32f40_41xxx.o(.text)
    TIM3_IRQHandler                          0x08000243   Thumb Code     0  startup_stm32f40_41xxx.o(.text)
    TIM4_IRQHandler                          0x08000243   Thumb Code     0  startup_stm32f40_41xxx.o(.text)
    TIM5_IRQHandler                          0x08000243   Thumb Code     0  startup_stm32f40_41xxx.o(.text)
    TIM6_DAC_IRQHandler                      0x08000243   Thumb Code     0  startup_stm32f40_41xxx.o(.text)
    TIM7_IRQHandler                          0x08000243   Thumb Code     0  startup_stm32f40_41xxx.o(.text)
    TIM8_BRK_TIM12_IRQHandler                0x08000243   Thumb Code     0  startup_stm32f40_41xxx.o(.text)
    TIM8_CC_IRQHandler                       0x08000243   Thumb Code     0  startup_stm32f40_41xxx.o(.text)
    TIM8_TRG_COM_TIM14_IRQHandler            0x08000243   Thumb Code     0  startup_stm32f40_41xxx.o(.text)
    TIM8_UP_TIM13_IRQHandler                 0x08000243   Thumb Code     0  startup_stm32f40_41xxx.o(.text)
    UART4_IRQHandler                         0x08000243   Thumb Code     0  startup_stm32f40_41xxx.o(.text)
    UART5_IRQHandler                         0x08000243   Thumb Code     0  startup_stm32f40_41xxx.o(.text)
    USART1_IRQHandler                        0x08000243   Thumb Code     0  startup_stm32f40_41xxx.o(.text)
    USART2_IRQHandler                        0x08000243   Thumb Code     0  startup_stm32f40_41xxx.o(.text)
    USART3_IRQHandler                        0x08000243   Thumb Code     0  startup_stm32f40_41xxx.o(.text)
    WWDG_IRQHandler                          0x08000243   Thumb Code     0  startup_stm32f40_41xxx.o(.text)
    __user_initial_stackheap                 0x08000245   Thumb Code     0  startup_stm32f40_41xxx.o(.text)
    rt_hw_interrupt_disable                  0x08000269   Thumb Code     8  context_rvds.o(.text)
    rt_hw_interrupt_enable                   0x08000271   Thumb Code     6  context_rvds.o(.text)
    rt_hw_context_switch                     0x08000277   Thumb Code    32  context_rvds.o(.text)
    rt_hw_context_switch_interrupt           0x08000277   Thumb Code     0  context_rvds.o(.text)
    PendSV_Handler                           0x08000297   Thumb Code   108  context_rvds.o(.text)
    rt_hw_context_switch_to                  0x08000303   Thumb Code    70  context_rvds.o(.text)
    rt_hw_interrupt_thread_switch            0x08000349   Thumb Code     2  context_rvds.o(.text)
    HardFault_Handler                        0x0800034b   Thumb Code    56  context_rvds.o(.text)
    __use_no_semihosting                     0x0800039d   Thumb Code     2  use_no_semi_2.o(.text)
    strcpy                                   0x0800039f   Thumb Code    72  strcpy.o(.text)
    strlen                                   0x080003e7   Thumb Code    62  strlen.o(.text)
    strncmp                                  0x08000425   Thumb Code   150  strncmp.o(.text)
    strcat                                   0x080004bb   Thumb Code    24  strcat.o(.text)
    __aeabi_memcpy4                          0x080004d3   Thumb Code     0  rt_memcpy_w.o(.text)
    __aeabi_memcpy8                          0x080004d3   Thumb Code     0  rt_memcpy_w.o(.text)
    __rt_memcpy_w                            0x080004d3   Thumb Code   100  rt_memcpy_w.o(.text)
    _memcpy_lastbytes_aligned                0x0800051b   Thumb Code     0  rt_memcpy_w.o(.text)
    __aeabi_memclr                           0x08000537   Thumb Code     0  rt_memclr.o(.text)
    __rt_memclr                              0x08000537   Thumb Code    68  rt_memclr.o(.text)
    _memset                                  0x0800053b   Thumb Code     0  rt_memclr.o(.text)
    __aeabi_memclr4                          0x0800057b   Thumb Code     0  rt_memclr_w.o(.text)
    __aeabi_memclr8                          0x0800057b   Thumb Code     0  rt_memclr_w.o(.text)
    __rt_memclr_w                            0x0800057b   Thumb Code    78  rt_memclr_w.o(.text)
    _memset_w                                0x0800057f   Thumb Code     0  rt_memclr_w.o(.text)
    strncpy                                  0x080005c9   Thumb Code    86  strncpy.o(.text)
    __use_two_region_memory                  0x0800061f   Thumb Code     2  heapauxi.o(.text)
    __rt_heap_escrow$2region                 0x08000621   Thumb Code     2  heapauxi.o(.text)
    __rt_heap_expand$2region                 0x08000623   Thumb Code     2  heapauxi.o(.text)
    __I$use$semihosting                      0x08000625   Thumb Code     0  use_no_semi.o(.text)
    __use_no_semihosting_swi                 0x08000625   Thumb Code     2  use_no_semi.o(.text)
    __user_setup_stackheap                   0x08000627   Thumb Code    74  sys_stackheap_outer.o(.text)
    exit                                     0x08000671   Thumb Code    18  exit.o(.text)
    __user_libspace                          0x08000685   Thumb Code     8  libspace.o(.text)
    __user_perproc_libspace                  0x08000685   Thumb Code     0  libspace.o(.text)
    __user_perthread_libspace                0x08000685   Thumb Code     0  libspace.o(.text)
    main                                     0x0800068d   Thumb Code    10  components.o(i.$Sub$$main)
    BusFault_Handler                         0x08000697   Thumb Code     4  stm32f4xx_it.o(i.BusFault_Handler)
    CAN1_Config                              0x0800069d   Thumb Code   258  can.o(i.CAN1_Config)
    CAN1_Push_Packet                         0x080007ad   Thumb Code    50  can.o(i.CAN1_Push_Packet)
    CAN1_RX0_IRQHandler                      0x080007e9   Thumb Code    30  stm32f4xx_it.o(i.CAN1_RX0_IRQHandler)
    CAN1_Read_Packet                         0x08000811   Thumb Code    66  can.o(i.CAN1_Read_Packet)
    CAN_DeInit                               0x08000861   Thumb Code    50  stm32f4xx_can.o(i.CAN_DeInit)
    CAN_FilterInit                           0x08000899   Thumb Code   258  stm32f4xx_can.o(i.CAN_FilterInit)
    CAN_ITConfig                             0x080009a1   Thumb Code    18  stm32f4xx_can.o(i.CAN_ITConfig)
    CAN_Init                                 0x080009b3   Thumb Code   276  stm32f4xx_can.o(i.CAN_Init)
    CAN_Receive                              0x08000ac7   Thumb Code   240  stm32f4xx_can.o(i.CAN_Receive)
    CAN_StructInit                           0x08000bb7   Thumb Code    32  stm32f4xx_can.o(i.CAN_StructInit)
    DebugMon_Handler                         0x08000bd7   Thumb Code     2  stm32f4xx_it.o(i.DebugMon_Handler)
    FLASH_ClearFlag                          0x08000bd9   Thumb Code     6  stm32f4xx_flash.o(i.FLASH_ClearFlag)
    FLASH_If_Init                            0x08000be5   Thumb Code    14  flash_if.o(i.FLASH_If_Init)
    FLASH_Unlock                             0x08000bf5   Thumb Code    24  stm32f4xx_flash.o(i.FLASH_Unlock)
    GPIO_Config                              0x08000c19   Thumb Code    88  gpio.o(i.GPIO_Config)
    GPIO_Init                                0x08000c79   Thumb Code   144  stm32f4xx_gpio.o(i.GPIO_Init)
    GPIO_PinAFConfig                         0x08000d09   Thumb Code    70  stm32f4xx_gpio.o(i.GPIO_PinAFConfig)
    GPIO_ReadInputDataBit                    0x08000d4f   Thumb Code    18  stm32f4xx_gpio.o(i.GPIO_ReadInputDataBit)
    GPIO_ToggleBits                          0x08000d61   Thumb Code     8  stm32f4xx_gpio.o(i.GPIO_ToggleBits)
    Get_Self_Addr                            0x08000d69   Thumb Code    62  gpio.o(i.Get_Self_Addr)
    MemManage_Handler                        0x08000dad   Thumb Code     4  stm32f4xx_it.o(i.MemManage_Handler)
    NMI_Handler                              0x08000db1   Thumb Code     2  stm32f4xx_it.o(i.NMI_Handler)
    NVIC_Init                                0x08000db5   Thumb Code   106  misc.o(i.NVIC_Init)
    RCC_AHB1PeriphClockCmd                   0x08000e2d   Thumb Code    26  stm32f4xx_rcc.o(i.RCC_AHB1PeriphClockCmd)
    RCC_APB1PeriphClockCmd                   0x08000e4d   Thumb Code    26  stm32f4xx_rcc.o(i.RCC_APB1PeriphClockCmd)
    RCC_APB1PeriphResetCmd                   0x08000e6d   Thumb Code    26  stm32f4xx_rcc.o(i.RCC_APB1PeriphResetCmd)
    RCC_APB2PeriphClockCmd                   0x08000e8d   Thumb Code    26  stm32f4xx_rcc.o(i.RCC_APB2PeriphClockCmd)
    RCC_GetClocksFreq                        0x08000ead   Thumb Code   214  stm32f4xx_rcc.o(i.RCC_GetClocksFreq)
    SVC_Handler                              0x08000f95   Thumb Code     2  stm32f4xx_it.o(i.SVC_Handler)
    SysTick_Handler                          0x08001085   Thumb Code    16  board.o(i.SysTick_Handler)
    SystemCoreClockUpdate                    0x08001095   Thumb Code   170  system_stm32f4xx.o(i.SystemCoreClockUpdate)
    SystemInit                               0x08001155   Thumb Code    88  system_stm32f4xx.o(i.SystemInit)
    USART6_IRQHandler                        0x080011bd   Thumb Code    50  stm32f4xx_it.o(i.USART6_IRQHandler)
    USART_ClearITPendingBit                  0x080011f5   Thumb Code    30  stm32f4xx_usart.o(i.USART_ClearITPendingBit)
    USART_Cmd                                0x08001213   Thumb Code    24  stm32f4xx_usart.o(i.USART_Cmd)
    USART_Config                             0x0800122d   Thumb Code   192  usart.o(i.USART_Config)
    USART_GetFlagStatus                      0x080012f5   Thumb Code    26  stm32f4xx_usart.o(i.USART_GetFlagStatus)
    USART_GetITStatus                        0x0800130f   Thumb Code    84  stm32f4xx_usart.o(i.USART_GetITStatus)
    USART_ITConfig                           0x08001363   Thumb Code    74  stm32f4xx_usart.o(i.USART_ITConfig)
    USART_Init                               0x080013ad   Thumb Code   204  stm32f4xx_usart.o(i.USART_Init)
    USART_ReceiveData                        0x08001481   Thumb Code    10  stm32f4xx_usart.o(i.USART_ReceiveData)
    USART_SendData                           0x0800148b   Thumb Code     8  stm32f4xx_usart.o(i.USART_SendData)
    UsageFault_Handler                       0x08001493   Thumb Code     4  stm32f4xx_it.o(i.UsageFault_Handler)
    Usart6_Get_Char                          0x08001499   Thumb Code    52  usart.o(i.Usart6_Get_Char)
    Usart6_Push_Char                         0x080014d9   Thumb Code    42  usart.o(i.Usart6_Push_Char)
    Usart_Send_Data                          0x08001511   Thumb Code    48  usart.o(i.Usart_Send_Data)
    __rt_ffs                                 0x08001575   Thumb Code    70  kservice.o(i.__rt_ffs)
    _sys_exit                                0x08001735   Thumb Code     2  usart.o(i._sys_exit)
    cmd_free                                 0x08001835   Thumb Code    14  msh.o(i.cmd_free)
    cmd_ps                                   0x08001843   Thumb Code    14  msh.o(i.cmd_ps)
    finsh_get_prompt                         0x08001851   Thumb Code    84  shell.o(i.finsh_get_prompt)
    finsh_set_prompt_mode                    0x080018cd   Thumb Code    22  shell.o(i.finsh_set_prompt_mode)
    finsh_system_function_init               0x080018e9   Thumb Code    10  shell.o(i.finsh_system_function_init)
    finsh_system_init                        0x080018fd   Thumb Code    96  shell.o(i.finsh_system_init)
    finsh_thread_entry                       0x08001995   Thumb Code   936  shell.o(i.finsh_thread_entry)
    hello                                    0x08001ddd   Thumb Code    12  cmd.o(i.hello)
    list                                     0x08001dfd   Thumb Code    52  cmd.o(i.list)
    list_mailbox                             0x08001f09   Thumb Code   224  cmd.o(i.list_mailbox)
    list_mem                                 0x08002065   Thumb Code    34  mem.o(i.list_mem)
    list_sem                                 0x080020dd   Thumb Code   216  cmd.o(i.list_sem)
    list_thread                              0x08002215   Thumb Code   294  cmd.o(i.list_thread)
    list_timer                               0x080023f9   Thumb Code   190  cmd.o(i.list_timer)
    $Super$$main                             0x08002559   Thumb Code    80  main.o(i.main)
    main_thread_entry                        0x080025dd   Thumb Code    14  components.o(i.main_thread_entry)
    msh_auto_complete                        0x080026d5   Thumb Code   138  msh.o(i.msh_auto_complete)
    msh_exec                                 0x08002775   Thumb Code    82  msh.o(i.msh_exec)
    msh_help                                 0x0800283d   Thumb Code    64  msh.o(i.msh_help)
    msh_is_used                              0x080028b1   Thumb Code     4  msh.o(i.msh_is_used)
    rt_application_init                      0x08002bd1   Thumb Code    32  components.o(i.rt_application_init)
    rt_calloc                                0x08002bfd   Thumb Code    34  mem.o(i.rt_calloc)
    rt_components_board_init                 0x08002c21   Thumb Code    20  components.o(i.rt_components_board_init)
    rt_components_init                       0x08002c3d   Thumb Code    20  components.o(i.rt_components_init)
    rt_enter_critical                        0x08002c59   Thumb Code    28  scheduler.o(i.rt_enter_critical)
    rt_exit_critical                         0x08002c79   Thumb Code    60  scheduler.o(i.rt_exit_critical)
    rt_free                                  0x08002cbd   Thumb Code   128  mem.o(i.rt_free)
    rt_heap_begin_get                        0x08002d9d   Thumb Code     4  board.o(i.rt_heap_begin_get)
    rt_heap_end_get                          0x08002da5   Thumb Code     4  board.o(i.rt_heap_end_get)
    rt_hw_board_init                         0x08002dad   Thumb Code    48  board.o(i.rt_hw_board_init)
    rt_hw_console_getchar                    0x08002de1   Thumb Code    24  usart.o(i.rt_hw_console_getchar)
    rt_hw_console_output                     0x08002df9   Thumb Code    58  usart.o(i.rt_hw_console_output)
    rt_hw_hard_fault_exception               0x08002e39   Thumb Code   220  cpuport.o(i.rt_hw_hard_fault_exception)
    rt_hw_stack_init                         0x08003065   Thumb Code    74  cpuport.o(i.rt_hw_stack_init)
    rt_interrupt_enter                       0x080030b5   Thumb Code    26  irq.o(i.rt_interrupt_enter)
    rt_interrupt_leave                       0x080030d5   Thumb Code    26  irq.o(i.rt_interrupt_leave)
    rt_kprintf                               0x08003185   Thumb Code    44  kservice.o(i.rt_kprintf)
    rt_malloc                                0x08003269   Thumb Code   336  mem.o(i.rt_malloc)
    rt_memmove                               0x080033d5   Thumb Code    66  kservice.o(i.rt_memmove)
    rt_memset                                0x08003417   Thumb Code    72  kservice.o(i.rt_memset)
    rt_object_allocate                       0x0800345f   Thumb Code    84  object.o(i.rt_object_allocate)
    rt_object_delete                         0x080034b3   Thumb Code    36  object.o(i.rt_object_delete)
    rt_object_detach                         0x080034d7   Thumb Code    30  object.o(i.rt_object_detach)
    rt_object_get_information                0x080034f5   Thumb Code    36  object.o(i.rt_object_get_information)
    rt_object_init                           0x0800351d   Thumb Code    86  object.o(i.rt_object_init)
    rt_object_is_systemobject                0x08003573   Thumb Code    18  object.o(i.rt_object_is_systemobject)
    rt_schedule                              0x08003585   Thumb Code   106  scheduler.o(i.rt_schedule)
    rt_schedule_insert_thread                0x08003609   Thumb Code    72  scheduler.o(i.rt_schedule_insert_thread)
    rt_schedule_remove_thread                0x08003659   Thumb Code    76  scheduler.o(i.rt_schedule_remove_thread)
    rt_sem_init                              0x080036ad   Thumb Code    38  ipc.o(i.rt_sem_init)
    rt_sem_release                           0x080036d3   Thumb Code    58  ipc.o(i.rt_sem_release)
    rt_sem_take                              0x0800370d   Thumb Code   116  ipc.o(i.rt_sem_take)
    rt_show_version                          0x08003781   Thumb Code    38  kservice.o(i.rt_show_version)
    rt_strlen                                0x08003831   Thumb Code    18  kservice.o(i.rt_strlen)
    rt_strncpy                               0x08003843   Thumb Code    52  kservice.o(i.rt_strncpy)
    rt_system_heap_init                      0x08003879   Thumb Code   160  mem.o(i.rt_system_heap_init)
    rt_system_scheduler_init                 0x08003971   Thumb Code    52  scheduler.o(i.rt_system_scheduler_init)
    rt_system_scheduler_start                0x080039bd   Thumb Code    36  scheduler.o(i.rt_system_scheduler_start)
    rt_system_timer_init                     0x080039ed   Thumb Code    24  timer.o(i.rt_system_timer_init)
    rt_system_timer_thread_init              0x08003a09   Thumb Code     2  timer.o(i.rt_system_timer_thread_init)
    rt_thread_create                         0x08003a0b   Thumb Code    80  thread.o(i.rt_thread_create)
    rt_thread_exit                           0x08003a5d   Thumb Code    76  thread.o(i.rt_thread_exit)
    rt_thread_idle_excute                    0x08003ab9   Thumb Code   134  idle.o(i.rt_thread_idle_excute)
    rt_thread_idle_init                      0x08003b45   Thumb Code    38  idle.o(i.rt_thread_idle_init)
    rt_thread_init                           0x08003b81   Thumb Code    52  thread.o(i.rt_thread_init)
    rt_thread_mdelay                         0x08003bb5   Thumb Code    20  thread.o(i.rt_thread_mdelay)
    rt_thread_resume                         0x08003bc9   Thumb Code    60  thread.o(i.rt_thread_resume)
    rt_thread_self                           0x08003c05   Thumb Code     6  thread.o(i.rt_thread_self)
    rt_thread_sleep                          0x08003c11   Thumb Code    62  thread.o(i.rt_thread_sleep)
    rt_thread_startup                        0x08003c55   Thumb Code    44  thread.o(i.rt_thread_startup)
    rt_thread_suspend                        0x08003c81   Thumb Code    68  thread.o(i.rt_thread_suspend)
    rt_thread_timeout                        0x08003cc5   Thumb Code    32  thread.o(i.rt_thread_timeout)
    rt_thread_yield                          0x08003ce5   Thumb Code    92  thread.o(i.rt_thread_yield)
    rt_tick_from_millisecond                 0x08003d49   Thumb Code    56  clock.o(i.rt_tick_from_millisecond)
    rt_tick_get                              0x08003d81   Thumb Code     6  clock.o(i.rt_tick_get)
    rt_tick_increase                         0x08003d8d   Thumb Code    42  clock.o(i.rt_tick_increase)
    rt_timer_check                           0x08003dbd   Thumb Code   118  timer.o(i.rt_timer_check)
    rt_timer_control                         0x08003e39   Thumb Code    56  timer.o(i.rt_timer_control)
    rt_timer_detach                          0x08003e71   Thumb Code    32  timer.o(i.rt_timer_detach)
    rt_timer_init                            0x08003e91   Thumb Code    46  timer.o(i.rt_timer_init)
    rt_timer_start                           0x08003ec1   Thumb Code   238  timer.o(i.rt_timer_start)
    rt_timer_stop                            0x08003fb9   Thumb Code    48  timer.o(i.rt_timer_stop)
    rt_vsnprintf                             0x08003fe9   Thumb Code   808  kservice.o(i.rt_vsnprintf)
    rtthread_startup                         0x08004329   Thumb Code    42  components.o(i.rtthread_startup)
    version                                  0x080045b1   Thumb Code    10  cmd.o(i.version)
    _fp_init                                 0x080045bb   Thumb Code    10  fpinit.o(x$fpl$fpinit)
    __fplib_config_fpu_vfp                   0x080045c3   Thumb Code     0  fpinit.o(x$fpl$fpinit)
    __fplib_config_pureend_doubles           0x080045c3   Thumb Code     0  fpinit.o(x$fpl$fpinit)
    __lowest_bit_bitmap                      0x080045c4   Data         256  kservice.o(.constdata)
    __fsym_list_mem_name                     0x080046e6   Data           9  mem.o(.constdata)
    __fsym_hello_name                        0x080046ef   Data           6  cmd.o(.constdata)
    __fsym_version_name                      0x080046f5   Data           8  cmd.o(.constdata)
    __fsym___cmd_version_name                0x080046fd   Data          14  cmd.o(.constdata)
    __fsym_list_thread_name                  0x0800470b   Data          12  cmd.o(.constdata)
    __fsym___cmd_list_thread_name            0x08004717   Data          18  cmd.o(.constdata)
    __fsym_list_sem_name                     0x08004729   Data           9  cmd.o(.constdata)
    __fsym___cmd_list_sem_name               0x08004732   Data          15  cmd.o(.constdata)
    __fsym_list_mailbox_name                 0x08004741   Data          13  cmd.o(.constdata)
    __fsym___cmd_list_mailbox_name           0x0800474e   Data          19  cmd.o(.constdata)
    __fsym_list_timer_name                   0x08004761   Data          11  cmd.o(.constdata)
    __fsym___cmd_list_timer_name             0x0800476c   Data          17  cmd.o(.constdata)
    __fsym_list_name                         0x0800477d   Data           5  cmd.o(.constdata)
    __fsym___cmd_help_name                   0x08004782   Data          11  msh.o(.constdata)
    __fsym___cmd_ps_name                     0x0800478d   Data           9  msh.o(.constdata)
    __fsym___cmd_free_name                   0x08004796   Data          11  msh.o(.constdata)
    __rt_init_rti_start                      0x080047e8   Data           4  components.o(.rti_fn.0)
    __rt_init_rti_board_start                0x080047ec   Data           4  components.o(.rti_fn.0.end)
    __rt_init_uart_init                      0x080047f0   Data           4  usart.o(.rti_fn.1)
    __rt_init_rti_board_end                  0x080047f4   Data           4  components.o(.rti_fn.1.end)
    __rt_init_finsh_system_init              0x080047f8   Data           4  shell.o(.rti_fn.6)
    __rt_init_rti_end                        0x080047fc   Data           4  components.o(.rti_fn.6.end)
    FSymTab$$Base                            0x08004800   Number         0  mem.o(FSymTab)
    __fsym_list_mem                          0x08004800   Data           8  mem.o(FSymTab)
    __fsym_hello                             0x08004808   Data           8  cmd.o(FSymTab)
    __fsym_version                           0x08004810   Data           8  cmd.o(FSymTab)
    __fsym___cmd_version                     0x08004818   Data           8  cmd.o(FSymTab)
    __fsym_list_thread                       0x08004820   Data           8  cmd.o(FSymTab)
    __fsym___cmd_list_thread                 0x08004828   Data           8  cmd.o(FSymTab)
    __fsym_list_sem                          0x08004830   Data           8  cmd.o(FSymTab)
    __fsym___cmd_list_sem                    0x08004838   Data           8  cmd.o(FSymTab)
    __fsym_list_mailbox                      0x08004840   Data           8  cmd.o(FSymTab)
    __fsym___cmd_list_mailbox                0x08004848   Data           8  cmd.o(FSymTab)
    __fsym_list_timer                        0x08004850   Data           8  cmd.o(FSymTab)
    __fsym___cmd_list_timer                  0x08004858   Data           8  cmd.o(FSymTab)
    __fsym_list                              0x08004860   Data           8  cmd.o(FSymTab)
    __fsym___cmd_help                        0x08004868   Data           8  msh.o(FSymTab)
    __fsym___cmd_ps                          0x08004870   Data           8  msh.o(FSymTab)
    __fsym___cmd_free                        0x08004878   Data           8  msh.o(FSymTab)
    FSymTab$$Limit                           0x08004880   Number         0  msh.o(FSymTab)
    Region$$Table$$Base                      0x08004880   Number         0  anon$$obj.o(Region$$Table)
    Region$$Table$$Limit                     0x080048a0   Number         0  anon$$obj.o(Region$$Table)
    SystemCoreClock                          0x20000010   Data           4  system_stm32f4xx.o(.data)
    AHBPrescTable                            0x20000014   Data          16  system_stm32f4xx.o(.data)
    __stdout                                 0x20000030   Data           4  usart.o(.data)
    rt_interrupt_from_thread                 0x20000040   Data           4  cpuport.o(.data)
    rt_interrupt_to_thread                   0x20000044   Data           4  cpuport.o(.data)
    rt_thread_switch_interrupt_flag          0x20000048   Data           4  cpuport.o(.data)
    rt_interrupt_nest                        0x20000054   Data           1  irq.o(.data)
    rt_current_thread                        0x200000b4   Data           4  scheduler.o(.data)
    rt_current_priority                      0x200000b8   Data           1  scheduler.o(.data)
    rt_thread_ready_priority_group           0x200000bc   Data           4  scheduler.o(.data)
    rt_thread_defunct                        0x200000c0   Data           8  scheduler.o(.data)
    _syscall_table_begin                     0x200000d4   Data           4  shell.o(.data)
    _syscall_table_end                       0x200000d8   Data           4  shell.o(.data)
    _sysvar_table_begin                      0x200000dc   Data           4  shell.o(.data)
    _sysvar_table_end                        0x200000e0   Data           4  shell.o(.data)
    shell                                    0x200000e4   Data           4  shell.o(.data)
    RCC_Clocks                               0x200000ec   Data          16  main.o(.bss)
    can_rx_sem                               0x200000fc   Data          32  main.o(.bss)
    Can1_Buff                                0x2000031c   Data         640  can.o(.bss)
    rt_thread_priority_table                 0x200007b4   Data          64  scheduler.o(.bss)
    __libspace_start                         0x20001878   Data          96  libspace.o(.bss)
    __temporary_stack_top$libspace           0x200018d8   Data           0  libspace.o(.bss)



==============================================================================

Memory Map of the image

  Image Entry point : 0x08000189

  Load Region LR_IROM1 (Base: 0x08000000, Size: 0x0000498c, Max: 0x00100000, ABSOLUTE)

    Execution Region ER_IROM1 (Base: 0x08000000, Size: 0x000048a0, Max: 0x00100000, ABSOLUTE)

    Base Addr    Size         Type   Attr      Idx    E Section Name        Object

    0x08000000   0x00000188   Data   RO            3    RESET               startup_stm32f40_41xxx.o
    0x08000188   0x00000008   Code   RO         6969  * !!!main             c_w.l(__main.o)
    0x08000190   0x00000034   Code   RO         7137    !!!scatter          c_w.l(__scatter.o)
    0x080001c4   0x0000001a   Code   RO         7139    !!handler_copy      c_w.l(__scatter_copy.o)
    0x080001de   0x00000002   PAD
    0x080001e0   0x0000001c   Code   RO         7141    !!handler_zi        c_w.l(__scatter_zi.o)
    0x080001fc   0x00000002   Code   RO         7011    .ARM.Collect$$libinit$$00000000  c_w.l(libinit.o)
    0x080001fe   0x00000004   Code   RO         7017    .ARM.Collect$$libinit$$00000001  c_w.l(libinit2.o)
    0x08000202   0x00000000   Code   RO         7020    .ARM.Collect$$libinit$$00000004  c_w.l(libinit2.o)
    0x08000202   0x00000000   Code   RO         7023    .ARM.Collect$$libinit$$0000000A  c_w.l(libinit2.o)
    0x08000202   0x00000000   Code   RO         7025    .ARM.Collect$$libinit$$0000000C  c_w.l(libinit2.o)
    0x08000202   0x00000000   Code   RO         7027    .ARM.Collect$$libinit$$0000000E  c_w.l(libinit2.o)
    0x08000202   0x00000000   Code   RO         7030    .ARM.Collect$$libinit$$00000011  c_w.l(libinit2.o)
    0x08000202   0x00000000   Code   RO         7032    .ARM.Collect$$libinit$$00000013  c_w.l(libinit2.o)
    0x08000202   0x00000000   Code   RO         7034    .ARM.Collect$$libinit$$00000015  c_w.l(libinit2.o)
    0x08000202   0x00000000   Code   RO         7036    .ARM.Collect$$libinit$$00000017  c_w.l(libinit2.o)
    0x08000202   0x00000000   Code   RO         7038    .ARM.Collect$$libinit$$00000019  c_w.l(libinit2.o)
    0x08000202   0x00000000   Code   RO         7040    .ARM.Collect$$libinit$$0000001B  c_w.l(libinit2.o)
    0x08000202   0x00000000   Code   RO         7042    .ARM.Collect$$libinit$$0000001D  c_w.l(libinit2.o)
    0x08000202   0x00000000   Code   RO         7044    .ARM.Collect$$libinit$$0000001F  c_w.l(libinit2.o)
    0x08000202   0x00000000   Code   RO         7046    .ARM.Collect$$libinit$$00000021  c_w.l(libinit2.o)
    0x08000202   0x00000000   Code   RO         7048    .ARM.Collect$$libinit$$00000023  c_w.l(libinit2.o)
    0x08000202   0x00000000   Code   RO         7050    .ARM.Collect$$libinit$$00000025  c_w.l(libinit2.o)
    0x08000202   0x00000000   Code   RO         7054    .ARM.Collect$$libinit$$0000002C  c_w.l(libinit2.o)
    0x08000202   0x00000000   Code   RO         7056    .ARM.Collect$$libinit$$0000002E  c_w.l(libinit2.o)
    0x08000202   0x00000000   Code   RO         7058    .ARM.Collect$$libinit$$00000030  c_w.l(libinit2.o)
    0x08000202   0x00000000   Code   RO         7060    .ARM.Collect$$libinit$$00000032  c_w.l(libinit2.o)
    0x08000202   0x00000002   Code   RO         7061    .ARM.Collect$$libinit$$00000033  c_w.l(libinit2.o)
    0x08000204   0x00000002   Code   RO         7079    .ARM.Collect$$libshutdown$$00000000  c_w.l(libshutdown.o)
    0x08000206   0x00000000   Code   RO         7089    .ARM.Collect$$libshutdown$$00000002  c_w.l(libshutdown2.o)
    0x08000206   0x00000000   Code   RO         7091    .ARM.Collect$$libshutdown$$00000004  c_w.l(libshutdown2.o)
    0x08000206   0x00000000   Code   RO         7094    .ARM.Collect$$libshutdown$$00000007  c_w.l(libshutdown2.o)
    0x08000206   0x00000000   Code   RO         7097    .ARM.Collect$$libshutdown$$0000000A  c_w.l(libshutdown2.o)
    0x08000206   0x00000000   Code   RO         7099    .ARM.Collect$$libshutdown$$0000000C  c_w.l(libshutdown2.o)
    0x08000206   0x00000000   Code   RO         7102    .ARM.Collect$$libshutdown$$0000000F  c_w.l(libshutdown2.o)
    0x08000206   0x00000002   Code   RO         7103    .ARM.Collect$$libshutdown$$00000010  c_w.l(libshutdown2.o)
    0x08000208   0x00000000   Code   RO         6973    .ARM.Collect$$rtentry$$00000000  c_w.l(__rtentry.o)
    0x08000208   0x00000000   Code   RO         6980    .ARM.Collect$$rtentry$$00000002  c_w.l(__rtentry2.o)
    0x08000208   0x00000006   Code   RO         6992    .ARM.Collect$$rtentry$$00000004  c_w.l(__rtentry4.o)
    0x0800020e   0x00000000   Code   RO         6982    .ARM.Collect$$rtentry$$00000009  c_w.l(__rtentry2.o)
    0x0800020e   0x00000004   Code   RO         6983    .ARM.Collect$$rtentry$$0000000A  c_w.l(__rtentry2.o)
    0x08000212   0x00000000   Code   RO         6985    .ARM.Collect$$rtentry$$0000000C  c_w.l(__rtentry2.o)
    0x08000212   0x00000008   Code   RO         6986    .ARM.Collect$$rtentry$$0000000D  c_w.l(__rtentry2.o)
    0x0800021a   0x00000002   Code   RO         7015    .ARM.Collect$$rtexit$$00000000  c_w.l(rtexit.o)
    0x0800021c   0x00000000   Code   RO         7063    .ARM.Collect$$rtexit$$00000002  c_w.l(rtexit2.o)
    0x0800021c   0x00000004   Code   RO         7064    .ARM.Collect$$rtexit$$00000003  c_w.l(rtexit2.o)
    0x08000220   0x00000006   Code   RO         7065    .ARM.Collect$$rtexit$$00000004  c_w.l(rtexit2.o)
    0x08000226   0x00000002   PAD
    0x08000228   0x00000040   Code   RO            4    .text               startup_stm32f40_41xxx.o
    0x08000268   0x00000134   Code   RO         5638    .text               context_rvds.o
    0x0800039c   0x00000002   Code   RO         6917    .text               c_w.l(use_no_semi_2.o)
    0x0800039e   0x00000048   Code   RO         6949    .text               c_w.l(strcpy.o)
    0x080003e6   0x0000003e   Code   RO         6951    .text               c_w.l(strlen.o)
    0x08000424   0x00000096   Code   RO         6953    .text               c_w.l(strncmp.o)
    0x080004ba   0x00000018   Code   RO         6955    .text               c_w.l(strcat.o)
    0x080004d2   0x00000064   Code   RO         6959    .text               c_w.l(rt_memcpy_w.o)
    0x08000536   0x00000044   Code   RO         6961    .text               c_w.l(rt_memclr.o)
    0x0800057a   0x0000004e   Code   RO         6963    .text               c_w.l(rt_memclr_w.o)
    0x080005c8   0x00000056   Code   RO         6965    .text               c_w.l(strncpy.o)
    0x0800061e   0x00000006   Code   RO         6967    .text               c_w.l(heapauxi.o)
    0x08000624   0x00000002   Code   RO         6971    .text               c_w.l(use_no_semi.o)
    0x08000626   0x0000004a   Code   RO         7000    .text               c_w.l(sys_stackheap_outer.o)
    0x08000670   0x00000012   Code   RO         7004    .text               c_w.l(exit.o)
    0x08000682   0x00000002   PAD
    0x08000684   0x00000008   Code   RO         7012    .text               c_w.l(libspace.o)
    0x0800068c   0x0000000a   Code   RO         5742    i.$Sub$$main        components.o
    0x08000696   0x00000004   Code   RO         5233    i.BusFault_Handler  stm32f4xx_it.o
    0x0800069a   0x00000002   PAD
    0x0800069c   0x00000110   Code   RO         5478    i.CAN1_Config       can.o
    0x080007ac   0x0000003c   Code   RO         5479    i.CAN1_Push_Packet  can.o
    0x080007e8   0x00000028   Code   RO         5234    i.CAN1_RX0_IRQHandler  stm32f4xx_it.o
    0x08000810   0x00000050   Code   RO         5480    i.CAN1_Read_Packet  can.o
    0x08000860   0x00000038   Code   RO          416    i.CAN_DeInit        stm32f4xx_can.o
    0x08000898   0x00000108   Code   RO          418    i.CAN_FilterInit    stm32f4xx_can.o
    0x080009a0   0x00000012   Code   RO          424    i.CAN_ITConfig      stm32f4xx_can.o
    0x080009b2   0x00000114   Code   RO          425    i.CAN_Init          stm32f4xx_can.o
    0x08000ac6   0x000000f0   Code   RO          428    i.CAN_Receive       stm32f4xx_can.o
    0x08000bb6   0x00000020   Code   RO          431    i.CAN_StructInit    stm32f4xx_can.o
    0x08000bd6   0x00000002   Code   RO         5235    i.DebugMon_Handler  stm32f4xx_it.o
    0x08000bd8   0x0000000c   Code   RO         1545    i.FLASH_ClearFlag   stm32f4xx_flash.o
    0x08000be4   0x0000000e   Code   RO         5540    i.FLASH_If_Init     flash_if.o
    0x08000bf2   0x00000002   PAD
    0x08000bf4   0x00000024   Code   RO         1583    i.FLASH_Unlock      stm32f4xx_flash.o
    0x08000c18   0x00000060   Code   RO         5344    i.GPIO_Config       gpio.o
    0x08000c78   0x00000090   Code   RO         1993    i.GPIO_Init         stm32f4xx_gpio.o
    0x08000d08   0x00000046   Code   RO         1994    i.GPIO_PinAFConfig  stm32f4xx_gpio.o
    0x08000d4e   0x00000012   Code   RO         1997    i.GPIO_ReadInputDataBit  stm32f4xx_gpio.o
    0x08000d60   0x00000008   Code   RO         2003    i.GPIO_ToggleBits   stm32f4xx_gpio.o
    0x08000d68   0x00000044   Code   RO         5345    i.Get_Self_Addr     gpio.o
    0x08000dac   0x00000004   Code   RO         5236    i.MemManage_Handler  stm32f4xx_it.o
    0x08000db0   0x00000002   Code   RO         5237    i.NMI_Handler       stm32f4xx_it.o
    0x08000db2   0x00000002   PAD
    0x08000db4   0x00000078   Code   RO           13    i.NVIC_Init         misc.o
    0x08000e2c   0x00000020   Code   RO         2919    i.RCC_AHB1PeriphClockCmd  stm32f4xx_rcc.o
    0x08000e4c   0x00000020   Code   RO         2928    i.RCC_APB1PeriphClockCmd  stm32f4xx_rcc.o
    0x08000e6c   0x00000020   Code   RO         2930    i.RCC_APB1PeriphResetCmd  stm32f4xx_rcc.o
    0x08000e8c   0x00000020   Code   RO         2931    i.RCC_APB2PeriphClockCmd  stm32f4xx_rcc.o
    0x08000eac   0x000000e8   Code   RO         2940    i.RCC_GetClocksFreq  stm32f4xx_rcc.o
    0x08000f94   0x00000002   Code   RO         5238    i.SVC_Handler       stm32f4xx_it.o
    0x08000f96   0x00000002   PAD
    0x08000f98   0x000000ec   Code   RO         5303    i.SetSysClock       system_stm32f4xx.o
    0x08001084   0x00000010   Code   RO         6630    i.SysTick_Handler   board.o
    0x08001094   0x000000c0   Code   RO         5304    i.SystemCoreClockUpdate  system_stm32f4xx.o
    0x08001154   0x00000068   Code   RO         5305    i.SystemInit        system_stm32f4xx.o
    0x080011bc   0x00000038   Code   RO         5239    i.USART6_IRQHandler  stm32f4xx_it.o
    0x080011f4   0x0000001e   Code   RO         4866    i.USART_ClearITPendingBit  stm32f4xx_usart.o
    0x08001212   0x00000018   Code   RO         4869    i.USART_Cmd         stm32f4xx_usart.o
    0x0800122a   0x00000002   PAD
    0x0800122c   0x000000c8   Code   RO         5381    i.USART_Config      usart.o
    0x080012f4   0x0000001a   Code   RO         4872    i.USART_GetFlagStatus  stm32f4xx_usart.o
    0x0800130e   0x00000054   Code   RO         4873    i.USART_GetITStatus  stm32f4xx_usart.o
    0x08001362   0x0000004a   Code   RO         4875    i.USART_ITConfig    stm32f4xx_usart.o
    0x080013ac   0x000000d4   Code   RO         4876    i.USART_Init        stm32f4xx_usart.o
    0x08001480   0x0000000a   Code   RO         4883    i.USART_ReceiveData  stm32f4xx_usart.o
    0x0800148a   0x00000008   Code   RO         4886    i.USART_SendData    stm32f4xx_usart.o
    0x08001492   0x00000004   Code   RO         5240    i.UsageFault_Handler  stm32f4xx_it.o
    0x08001496   0x00000002   PAD
    0x08001498   0x00000040   Code   RO         5383    i.Usart6_Get_Char   usart.o
    0x080014d8   0x00000038   Code   RO         5384    i.Usart6_Push_Char  usart.o
    0x08001510   0x00000034   Code   RO         5386    i.Usart_Send_Data   usart.o
    0x08001544   0x00000030   Code   RO         6631    i._SysTick_Config   board.o
    0x08001574   0x0000004c   Code   RO         6017    i.__rt_ffs          kservice.o
    0x080015c0   0x00000014   Code   RO         5810    i._has_defunct_thread  idle.o
    0x080015d4   0x0000006a   Code   RO         6754    i._msh_exec_cmd     msh.o
    0x0800163e   0x00000002   PAD
    0x08001640   0x00000084   Code   RO         6402    i._rt_thread_init   thread.o
    0x080016c4   0x00000042   Code   RO         6523    i._rt_timer_init    timer.o
    0x08001706   0x0000002e   Code   RO         6524    i._rt_timer_remove  timer.o
    0x08001734   0x00000002   Code   RO         5387    i._sys_exit         usart.o
    0x08001736   0x00000002   PAD
    0x08001738   0x000000fc   Code   RO         5642    i.bus_fault_track   cpuport.o
    0x08001834   0x0000000e   Code   RO         6755    i.cmd_free          msh.o
    0x08001842   0x0000000e   Code   RO         6756    i.cmd_ps            msh.o
    0x08001850   0x00000074   Code   RO         6827    i.finsh_get_prompt  shell.o
    0x080018c4   0x00000008   Code   RO         6829    i.finsh_getchar     shell.o
    0x080018cc   0x0000001c   Code   RO         6832    i.finsh_set_prompt_mode  shell.o
    0x080018e8   0x00000014   Code   RO         6833    i.finsh_system_function_init  shell.o
    0x080018fc   0x00000098   Code   RO         6834    i.finsh_system_init  shell.o
    0x08001994   0x000003c8   Code   RO         6836    i.finsh_thread_entry  shell.o
    0x08001d5c   0x00000080   Code   RO         5643    i.hard_fault_track  cpuport.o
    0x08001ddc   0x00000020   Code   RO         6668    i.hello             cmd.o
    0x08001dfc   0x00000058   Code   RO         6669    i.list              cmd.o
    0x08001e54   0x0000002a   Code   RO         6670    i.list_find_init    cmd.o
    0x08001e7e   0x00000088   Code   RO         6671    i.list_get_next     cmd.o
    0x08001f06   0x00000002   PAD
    0x08001f08   0x0000015c   Code   RO         6672    i.list_mailbox      cmd.o
    0x08002064   0x00000078   Code   RO         6194    i.list_mem          mem.o
    0x080020dc   0x00000138   Code   RO         6673    i.list_sem          cmd.o
    0x08002214   0x000001e4   Code   RO         6674    i.list_thread       cmd.o
    0x080023f8   0x00000160   Code   RO         6675    i.list_timer        cmd.o
    0x08002558   0x00000084   Code   RO         5126    i.main              main.o
    0x080025dc   0x0000000e   Code   RO         5743    i.main_thread_entry  components.o
    0x080025ea   0x00000002   PAD
    0x080025ec   0x000000e8   Code   RO         5644    i.mem_manage_fault_track  cpuport.o
    0x080026d4   0x000000a0   Code   RO         6757    i.msh_auto_complete  msh.o
    0x08002774   0x0000006c   Code   RO         6758    i.msh_exec          msh.o
    0x080027e0   0x0000005c   Code   RO         6759    i.msh_get_cmd       msh.o
    0x0800283c   0x00000074   Code   RO         6760    i.msh_help          msh.o
    0x080028b0   0x00000004   Code   RO         6761    i.msh_is_used       msh.o
    0x080028b4   0x000000f0   Code   RO         6762    i.msh_split         msh.o
    0x080029a4   0x0000001c   Code   RO         6676    i.object_split      cmd.o
    0x080029c0   0x00000078   Code   RO         6195    i.plug_holes        mem.o
    0x08002a38   0x00000198   Code   RO         6019    i.print_number      kservice.o
    0x08002bd0   0x0000002c   Code   RO         5744    i.rt_application_init  components.o
    0x08002bfc   0x00000022   Code   RO         6196    i.rt_calloc         mem.o
    0x08002c1e   0x00000002   PAD
    0x08002c20   0x0000001c   Code   RO         5745    i.rt_components_board_init  components.o
    0x08002c3c   0x0000001c   Code   RO         5746    i.rt_components_init  components.o
    0x08002c58   0x00000020   Code   RO         6336    i.rt_enter_critical  scheduler.o
    0x08002c78   0x00000044   Code   RO         6337    i.rt_exit_critical  scheduler.o
    0x08002cbc   0x000000e0   Code   RO         6197    i.rt_free           mem.o
    0x08002d9c   0x00000008   Code   RO         6632    i.rt_heap_begin_get  board.o
    0x08002da4   0x00000008   Code   RO         6633    i.rt_heap_end_get   board.o
    0x08002dac   0x00000034   Code   RO         6634    i.rt_hw_board_init  board.o
    0x08002de0   0x00000018   Code   RO         5389    i.rt_hw_console_getchar  usart.o
    0x08002df8   0x00000040   Code   RO         5390    i.rt_hw_console_output  usart.o
    0x08002e38   0x0000022c   Code   RO         5648    i.rt_hw_hard_fault_exception  cpuport.o
    0x08003064   0x00000050   Code   RO         5649    i.rt_hw_stack_init  cpuport.o
    0x080030b4   0x00000020   Code   RO         5990    i.rt_interrupt_enter  irq.o
    0x080030d4   0x00000020   Code   RO         5992    i.rt_interrupt_leave  irq.o
    0x080030f4   0x00000014   Code   RO         5850    i.rt_ipc_list_resume  ipc.o
    0x08003108   0x0000006c   Code   RO         5852    i.rt_ipc_list_suspend  ipc.o
    0x08003174   0x00000010   Code   RO         5853    i.rt_ipc_object_init  ipc.o
    0x08003184   0x00000030   Code   RO         6023    i.rt_kprintf        kservice.o
    0x080031b4   0x00000006   Code   RO         5854    i.rt_list_init      ipc.o
    0x080031ba   0x00000006   Code   RO         6338    i.rt_list_init      scheduler.o
    0x080031c0   0x00000006   Code   RO         6525    i.rt_list_init      timer.o
    0x080031c6   0x0000000e   Code   RO         6260    i.rt_list_insert_after  object.o
    0x080031d4   0x0000000e   Code   RO         6403    i.rt_list_insert_after  thread.o
    0x080031e2   0x0000000e   Code   RO         6526    i.rt_list_insert_after  timer.o
    0x080031f0   0x0000000e   Code   RO         5855    i.rt_list_insert_before  ipc.o
    0x080031fe   0x00000010   Code   RO         5856    i.rt_list_isempty   ipc.o
    0x0800320e   0x00000010   Code   RO         6527    i.rt_list_isempty   timer.o
    0x0800321e   0x00000010   Code   RO         6677    i.rt_list_isempty   cmd.o
    0x0800322e   0x00000014   Code   RO         6678    i.rt_list_len       cmd.o
    0x08003242   0x00000012   Code   RO         6261    i.rt_list_remove    object.o
    0x08003254   0x00000012   Code   RO         6404    i.rt_list_remove    thread.o
    0x08003266   0x00000002   PAD
    0x08003268   0x0000016c   Code   RO         6198    i.rt_malloc         mem.o
    0x080033d4   0x00000042   Code   RO         6028    i.rt_memmove        kservice.o
    0x08003416   0x00000048   Code   RO         6029    i.rt_memset         kservice.o
    0x0800345e   0x00000054   Code   RO         6262    i.rt_object_allocate  object.o
    0x080034b2   0x00000024   Code   RO         6263    i.rt_object_delete  object.o
    0x080034d6   0x0000001e   Code   RO         6264    i.rt_object_detach  object.o
    0x080034f4   0x00000028   Code   RO         6266    i.rt_object_get_information  object.o
    0x0800351c   0x00000056   Code   RO         6268    i.rt_object_init    object.o
    0x08003572   0x00000012   Code   RO         6269    i.rt_object_is_systemobject  object.o
    0x08003584   0x00000084   Code   RO         6339    i.rt_schedule       scheduler.o
    0x08003608   0x00000050   Code   RO         6340    i.rt_schedule_insert_thread  scheduler.o
    0x08003658   0x00000054   Code   RO         6341    i.rt_schedule_remove_thread  scheduler.o
    0x080036ac   0x00000026   Code   RO         5869    i.rt_sem_init       ipc.o
    0x080036d2   0x0000003a   Code   RO         5870    i.rt_sem_release    ipc.o
    0x0800370c   0x00000074   Code   RO         5871    i.rt_sem_take       ipc.o
    0x08003780   0x000000b0   Code   RO         6031    i.rt_show_version   kservice.o
    0x08003830   0x00000012   Code   RO         6037    i.rt_strlen         kservice.o
    0x08003842   0x00000034   Code   RO         6039    i.rt_strncpy        kservice.o
    0x08003876   0x00000002   PAD
    0x08003878   0x000000f8   Code   RO         6201    i.rt_system_heap_init  mem.o
    0x08003970   0x0000004c   Code   RO         6342    i.rt_system_scheduler_init  scheduler.o
    0x080039bc   0x00000030   Code   RO         6343    i.rt_system_scheduler_start  scheduler.o
    0x080039ec   0x0000001c   Code   RO         6528    i.rt_system_timer_init  timer.o
    0x08003a08   0x00000002   Code   RO         6529    i.rt_system_timer_thread_init  timer.o
    0x08003a0a   0x00000050   Code   RO         6406    i.rt_thread_create  thread.o
    0x08003a5a   0x00000002   PAD
    0x08003a5c   0x00000054   Code   RO         6410    i.rt_thread_exit    thread.o
    0x08003ab0   0x00000008   Code   RO         5811    i.rt_thread_idle_entry  idle.o
    0x08003ab8   0x0000008c   Code   RO         5812    i.rt_thread_idle_excute  idle.o
    0x08003b44   0x0000003c   Code   RO         5814    i.rt_thread_idle_init  idle.o
    0x08003b80   0x00000034   Code   RO         6412    i.rt_thread_init    thread.o
    0x08003bb4   0x00000014   Code   RO         6413    i.rt_thread_mdelay  thread.o
    0x08003bc8   0x0000003c   Code   RO         6414    i.rt_thread_resume  thread.o
    0x08003c04   0x0000000c   Code   RO         6415    i.rt_thread_self    thread.o
    0x08003c10   0x00000044   Code   RO         6416    i.rt_thread_sleep   thread.o
    0x08003c54   0x0000002c   Code   RO         6417    i.rt_thread_startup  thread.o
    0x08003c80   0x00000044   Code   RO         6418    i.rt_thread_suspend  thread.o
    0x08003cc4   0x00000020   Code   RO         6419    i.rt_thread_timeout  thread.o
    0x08003ce4   0x00000064   Code   RO         6420    i.rt_thread_yield   thread.o
    0x08003d48   0x00000038   Code   RO         5702    i.rt_tick_from_millisecond  clock.o
    0x08003d80   0x0000000c   Code   RO         5703    i.rt_tick_get       clock.o
    0x08003d8c   0x00000030   Code   RO         5704    i.rt_tick_increase  clock.o
    0x08003dbc   0x0000007c   Code   RO         6530    i.rt_timer_check    timer.o
    0x08003e38   0x00000038   Code   RO         6531    i.rt_timer_control  timer.o
    0x08003e70   0x00000020   Code   RO         6534    i.rt_timer_detach   timer.o
    0x08003e90   0x0000002e   Code   RO         6535    i.rt_timer_init     timer.o
    0x08003ebe   0x00000002   PAD
    0x08003ec0   0x000000f8   Code   RO         6538    i.rt_timer_start    timer.o
    0x08003fb8   0x00000030   Code   RO         6539    i.rt_timer_stop     timer.o
    0x08003fe8   0x00000330   Code   RO         6042    i.rt_vsnprintf      kservice.o
    0x08004318   0x00000004   Code   RO         5747    i.rti_board_end     components.o
    0x0800431c   0x00000004   Code   RO         5748    i.rti_board_start   components.o
    0x08004320   0x00000004   Code   RO         5749    i.rti_end           components.o
    0x08004324   0x00000004   Code   RO         5750    i.rti_start         components.o
    0x08004328   0x0000002a   Code   RO         5751    i.rtthread_startup  components.o
    0x08004352   0x00000002   PAD
    0x08004354   0x00000038   Code   RO         6837    i.shell_auto_complete  shell.o
    0x0800438c   0x00000030   Code   RO         6679    i.show_wait_queue   cmd.o
    0x080043bc   0x00000026   Code   RO         6044    i.skip_atoi         kservice.o
    0x080043e2   0x00000020   Code   RO         6763    i.str_common        msh.o
    0x08004402   0x00000002   PAD
    0x08004404   0x000000b8   Code   RO         5127    i.uart6_tx_thread   main.o
    0x080044bc   0x0000000a   Code   RO         5391    i.uart_init         usart.o
    0x080044c6   0x00000002   PAD
    0x080044c8   0x000000e8   Code   RO         5650    i.usage_fault_track  cpuport.o
    0x080045b0   0x0000000a   Code   RO         6680    i.version           cmd.o
    0x080045ba   0x0000000a   Code   RO         7071    x$fpl$fpinit        fz_wm.l(fpinit.o)
    0x080045c4   0x00000122   Data   RO         6046    .constdata          kservice.o
    0x080046e6   0x00000009   Data   RO         6203    .constdata          mem.o
    0x080046ef   0x00000093   Data   RO         6681    .constdata          cmd.o
    0x08004782   0x0000001f   Data   RO         6764    .constdata          msh.o
    0x080047a1   0x00000003   PAD
    0x080047a4   0x00000044   Data   RO         6682    .conststring        cmd.o
    0x080047e8   0x00000004   Data   RO         5752    .rti_fn.0           components.o
    0x080047ec   0x00000004   Data   RO         5753    .rti_fn.0.end       components.o
    0x080047f0   0x00000004   Data   RO         5394    .rti_fn.1           usart.o
    0x080047f4   0x00000004   Data   RO         5754    .rti_fn.1.end       components.o
    0x080047f8   0x00000004   Data   RO         6840    .rti_fn.6           shell.o
    0x080047fc   0x00000004   Data   RO         5755    .rti_fn.6.end       components.o
    0x08004800   0x00000008   Data   RO         6205    FSymTab             mem.o
    0x08004808   0x00000060   Data   RO         6683    FSymTab             cmd.o
    0x08004868   0x00000018   Data   RO         6765    FSymTab             msh.o
    0x08004880   0x00000020   Data   RO         7135    Region$$Table       anon$$obj.o


    Execution Region RW_IRAM1 (Base: 0x20000000, Size: 0x00001ed8, Max: 0x00020000, ABSOLUTE)

    Base Addr    Size         Type   Attr      Idx    E Section Name        Object

    0x20000000   0x00000010   Data   RW         2972    .data               stm32f4xx_rcc.o
    0x20000010   0x00000014   Data   RW         5306    .data               system_stm32f4xx.o
    0x20000024   0x00000010   Data   RW         5393    .data               usart.o
    0x20000034   0x0000000c   Data   RW         5485    .data               can.o
    0x20000040   0x00000010   Data   RW         5651    .data               cpuport.o
    0x20000050   0x00000004   Data   RW         5706    .data               clock.o
    0x20000054   0x00000001   Data   RW         5993    .data               irq.o
    0x20000055   0x00000003   PAD
    0x20000058   0x00000018   Data   RW         6204    .data               mem.o
    0x20000070   0x00000040   Data   RW         6271    .data               object.o
    0x200000b0   0x00000018   Data   RW         6345    .data               scheduler.o
    0x200000c8   0x0000000c   Data   RW         6540    .data               timer.o
    0x200000d4   0x00000018   Data   RW         6839    .data               shell.o
    0x200000ec   0x00000030   Zero   RW         5128    .bss                main.o
    0x2000011c   0x00000200   Zero   RW         5392    .bss                usart.o
    0x2000031c   0x00000280   Zero   RW         5484    .bss                can.o
    0x2000059c   0x00000178   Zero   RW         5815    .bss                idle.o
    0x20000714   0x00000080   Zero   RW         6045    .bss                kservice.o
    0x20000794   0x00000020   Zero   RW         6202    .bss                mem.o
    0x200007b4   0x00000040   Zero   RW         6344    .bss                scheduler.o
    0x200007f4   0x00001000   Zero   RW         6635    .bss                board.o
    0x200017f4   0x00000081   Zero   RW         6838    .bss                shell.o
    0x20001875   0x00000003   PAD
    0x20001878   0x00000060   Zero   RW         7013    .bss                c_w.l(libspace.o)
    0x200018d8   0x00000200   Zero   RW            2    HEAP                startup_stm32f40_41xxx.o
    0x20001ad8   0x00000400   Zero   RW            1    STACK               startup_stm32f40_41xxx.o


==============================================================================

Image component sizes


      Code (inc. data)   RO Data    RW Data    ZI Data      Debug   Object Name

       132         16          0          0       4096       3237   board.o
       412         38          0         12        640       2368   can.o
       116         12          0          4          0       1832   clock.o
      1916        642        311          0          0      14738   cmd.o
       182         28         16          0          0       6164   components.o
       308         26          0          0          0        876   context_rvds.o
      1480        738          0         16          0       6546   cpuport.o
        14          0          0          0          0        448   flash_if.o
       164         14          0          0          0        998   gpio.o
       228         32          0          0        376       5690   idle.o
       392          0          0          0          0       8565   ipc.o
        64         12          0          1          0       1638   irq.o
      1770        164        290          0        128       9841   kservice.o
       316        138          0          0         48       8917   main.o
      1110        310         17         24         32       5398   mem.o
       120         14          0          0          0     280312   misc.o
       886        154         55          0          0       9469   msh.o
       326          4          0         64          0       8496   object.o
       526         90          0         24         64       8750   scheduler.o
      1348        150          4         24        129      10320   shell.o
        64         26        392          0       1536        844   startup_stm32f40_41xxx.o
       886         12          0          0          0       4575   stm32f4xx_can.o
        48         18          0          0          0        953   stm32f4xx_flash.o
       240          0          0          0          0       2809   stm32f4xx_gpio.o
       114         16          0          0          0       3585   stm32f4xx_it.o
       360         42          0         16          0       5004   stm32f4xx_rcc.o
       468          8          0          0          0       5827   stm32f4xx_usart.o
       532         54          0         20          0       2313   system_stm32f4xx.o
       784         36          0          0          0      12352   thread.o
       732         20          0         12          0      11568   timer.o
       472         44          4         16        512       6243   usart.o

    ----------------------------------------------------------------------
     16546       2858       1124        236       7564     450676   Object Totals
         0          0         32          0          0          0   (incl. Generated)
        36          0          3          3          3          0   (incl. Padding)

    ----------------------------------------------------------------------

      Code (inc. data)   RO Data    RW Data    ZI Data      Debug   Library Member Name

         8          0          0          0          0         68   __main.o
         0          0          0          0          0          0   __rtentry.o
        12          0          0          0          0          0   __rtentry2.o
         6          0          0          0          0          0   __rtentry4.o
        52          8          0          0          0          0   __scatter.o
        26          0          0          0          0          0   __scatter_copy.o
        28          0          0          0          0          0   __scatter_zi.o
        18          0          0          0          0         80   exit.o
         6          0          0          0          0        152   heapauxi.o
         2          0          0          0          0          0   libinit.o
         6          0          0          0          0          0   libinit2.o
         2          0          0          0          0          0   libshutdown.o
         2          0          0          0          0          0   libshutdown2.o
         8          4          0          0         96         68   libspace.o
        68          0          0          0          0         68   rt_memclr.o
        78          0          0          0          0         80   rt_memclr_w.o
       100          0          0          0          0         80   rt_memcpy_w.o
         2          0          0          0          0          0   rtexit.o
        10          0          0          0          0          0   rtexit2.o
        24          0          0          0          0         68   strcat.o
        72          0          0          0          0         80   strcpy.o
        62          0          0          0          0         76   strlen.o
       150          0          0          0          0         80   strncmp.o
        86          0          0          0          0         76   strncpy.o
        74          0          0          0          0         80   sys_stackheap_outer.o
         2          0          0          0          0         68   use_no_semi.o
         2          0          0          0          0         68   use_no_semi_2.o
        10          0          0          0          0        116   fpinit.o

    ----------------------------------------------------------------------
       922         12          0          0         96       1308   Library Totals
         6          0          0          0          0          0   (incl. Padding)

    ----------------------------------------------------------------------

      Code (inc. data)   RO Data    RW Data    ZI Data      Debug   Library Name

       906         12          0          0         96       1192   c_w.l
        10          0          0          0          0        116   fz_wm.l

    ----------------------------------------------------------------------
       922         12          0          0         96       1308   Library Totals

    ----------------------------------------------------------------------

==============================================================================


      Code (inc. data)   RO Data    RW Data    ZI Data      Debug   

     17468       2870       1124        236       7660     433812   Grand Totals
     17468       2870       1124        236       7660     433812   ELF Image Totals
     17468       2870       1124        236          0          0   ROM Totals

==============================================================================

    Total RO  Size (Code + RO Data)                18592 (  18.16kB)
    Total RW  Size (RW Data + ZI Data)              7896 (   7.71kB)
    Total ROM Size (Code + RO Data + RW Data)      18828 (  18.39kB)

==============================================================================

