Component: ARM Compiler 5.06 update 4 (build 422) Tool: armlink [4d35d2]

==============================================================================

Section Cross References

    startup_stm32f40_41xxx.o(STACK) refers (Special) to heapauxi.o(.text) for __use_two_region_memory
    startup_stm32f40_41xxx.o(HEAP) refers (Special) to heapauxi.o(.text) for __use_two_region_memory
    startup_stm32f40_41xxx.o(RESET) refers (Special) to heapauxi.o(.text) for __use_two_region_memory
    startup_stm32f40_41xxx.o(RESET) refers to startup_stm32f40_41xxx.o(STACK) for __initial_sp
    startup_stm32f40_41xxx.o(RESET) refers to startup_stm32f40_41xxx.o(.text) for Reset_Handler
    startup_stm32f40_41xxx.o(RESET) refers to stm32f4xx_it.o(i.NMI_Handler) for NMI_Handler
    startup_stm32f40_41xxx.o(RESET) refers to context_rvds.o(.text) for HardFault_Handler
    startup_stm32f40_41xxx.o(RESET) refers to stm32f4xx_it.o(i.MemManage_Handler) for MemManage_Handler
    startup_stm32f40_41xxx.o(RESET) refers to stm32f4xx_it.o(i.BusFault_Handler) for BusFault_Handler
    startup_stm32f40_41xxx.o(RESET) refers to stm32f4xx_it.o(i.UsageFault_Handler) for UsageFault_Handler
    startup_stm32f40_41xxx.o(RESET) refers to stm32f4xx_it.o(i.SVC_Handler) for SVC_Handler
    startup_stm32f40_41xxx.o(RESET) refers to stm32f4xx_it.o(i.DebugMon_Handler) for DebugMon_Handler
    startup_stm32f40_41xxx.o(RESET) refers to board.o(i.SysTick_Handler) for SysTick_Handler
    startup_stm32f40_41xxx.o(RESET) refers to stm32f4xx_it.o(i.CAN1_RX0_IRQHandler) for CAN1_RX0_IRQHandler
    startup_stm32f40_41xxx.o(RESET) refers to stm32f4xx_it.o(i.TIM1_CC_IRQHandler) for TIM1_CC_IRQHandler
    startup_stm32f40_41xxx.o(RESET) refers to stm32f4xx_it.o(i.TIM2_IRQHandler) for TIM2_IRQHandler
    startup_stm32f40_41xxx.o(RESET) refers to stm32f4xx_it.o(i.USART2_IRQHandler) for USART2_IRQHandler
    startup_stm32f40_41xxx.o(RESET) refers to adc.o(i.DMA2_Stream0_IRQHandler) for DMA2_Stream0_IRQHandler
    startup_stm32f40_41xxx.o(RESET) refers to stm32f4xx_it.o(i.USART6_IRQHandler) for USART6_IRQHandler
    startup_stm32f40_41xxx.o(.text) refers (Special) to heapauxi.o(.text) for __use_two_region_memory
    startup_stm32f40_41xxx.o(.text) refers to system_stm32f4xx.o(i.SystemInit) for SystemInit
    startup_stm32f40_41xxx.o(.text) refers to __main.o(!!!main) for __main
    startup_stm32f40_41xxx.o(.text) refers to startup_stm32f40_41xxx.o(HEAP) for Heap_Mem
    startup_stm32f40_41xxx.o(.text) refers to startup_stm32f40_41xxx.o(STACK) for Stack_Mem
    stm32f4xx_adc.o(i.ADC_DeInit) refers to stm32f4xx_rcc.o(i.RCC_APB2PeriphResetCmd) for RCC_APB2PeriphResetCmd
    stm32f4xx_can.o(i.CAN_DeInit) refers to stm32f4xx_rcc.o(i.RCC_APB1PeriphResetCmd) for RCC_APB1PeriphResetCmd
    stm32f4xx_can.o(i.CAN_GetITStatus) refers to stm32f4xx_can.o(i.CheckITStatus) for CheckITStatus
    stm32f4xx_cryp.o(i.CRYP_DeInit) refers to stm32f4xx_rcc.o(i.RCC_AHB2PeriphResetCmd) for RCC_AHB2PeriphResetCmd
    stm32f4xx_cryp_aes.o(i.CRYP_AES_CBC) refers to stm32f4xx_cryp.o(i.CRYP_KeyStructInit) for CRYP_KeyStructInit
    stm32f4xx_cryp_aes.o(i.CRYP_AES_CBC) refers to stm32f4xx_cryp.o(i.CRYP_FIFOFlush) for CRYP_FIFOFlush
    stm32f4xx_cryp_aes.o(i.CRYP_AES_CBC) refers to stm32f4xx_cryp.o(i.CRYP_Init) for CRYP_Init
    stm32f4xx_cryp_aes.o(i.CRYP_AES_CBC) refers to stm32f4xx_cryp.o(i.CRYP_KeyInit) for CRYP_KeyInit
    stm32f4xx_cryp_aes.o(i.CRYP_AES_CBC) refers to stm32f4xx_cryp.o(i.CRYP_Cmd) for CRYP_Cmd
    stm32f4xx_cryp_aes.o(i.CRYP_AES_CBC) refers to stm32f4xx_cryp.o(i.CRYP_GetFlagStatus) for CRYP_GetFlagStatus
    stm32f4xx_cryp_aes.o(i.CRYP_AES_CBC) refers to stm32f4xx_cryp.o(i.CRYP_IVInit) for CRYP_IVInit
    stm32f4xx_cryp_aes.o(i.CRYP_AES_CBC) refers to stm32f4xx_cryp.o(i.CRYP_GetCmdStatus) for CRYP_GetCmdStatus
    stm32f4xx_cryp_aes.o(i.CRYP_AES_CBC) refers to stm32f4xx_cryp.o(i.CRYP_DataIn) for CRYP_DataIn
    stm32f4xx_cryp_aes.o(i.CRYP_AES_CBC) refers to stm32f4xx_cryp.o(i.CRYP_DataOut) for CRYP_DataOut
    stm32f4xx_cryp_aes.o(i.CRYP_AES_CCM) refers to stm32f4xx_cryp.o(i.CRYP_KeyStructInit) for CRYP_KeyStructInit
    stm32f4xx_cryp_aes.o(i.CRYP_AES_CCM) refers to stm32f4xx_cryp.o(i.CRYP_FIFOFlush) for CRYP_FIFOFlush
    stm32f4xx_cryp_aes.o(i.CRYP_AES_CCM) refers to stm32f4xx_cryp.o(i.CRYP_KeyInit) for CRYP_KeyInit
    stm32f4xx_cryp_aes.o(i.CRYP_AES_CCM) refers to stm32f4xx_cryp.o(i.CRYP_IVInit) for CRYP_IVInit
    stm32f4xx_cryp_aes.o(i.CRYP_AES_CCM) refers to stm32f4xx_cryp.o(i.CRYP_Init) for CRYP_Init
    stm32f4xx_cryp_aes.o(i.CRYP_AES_CCM) refers to stm32f4xx_cryp.o(i.CRYP_PhaseConfig) for CRYP_PhaseConfig
    stm32f4xx_cryp_aes.o(i.CRYP_AES_CCM) refers to stm32f4xx_cryp.o(i.CRYP_DataIn) for CRYP_DataIn
    stm32f4xx_cryp_aes.o(i.CRYP_AES_CCM) refers to stm32f4xx_cryp.o(i.CRYP_Cmd) for CRYP_Cmd
    stm32f4xx_cryp_aes.o(i.CRYP_AES_CCM) refers to stm32f4xx_cryp.o(i.CRYP_GetCmdStatus) for CRYP_GetCmdStatus
[...]
    __rt_memcpy_w                            0x080007e5   Thumb Code   100  rt_memcpy_w.o(.text)
    _memcpy_lastbytes_aligned                0x0800082d   Thumb Code     0  rt_memcpy_w.o(.text)
    __aeabi_memclr                           0x08000849   Thumb Code     0  rt_memclr.o(.text)
    __rt_memclr                              0x08000849   Thumb Code    68  rt_memclr.o(.text)
    _memset                                  0x0800084d   Thumb Code     0  rt_memclr.o(.text)
    __aeabi_memclr4                          0x0800088d   Thumb Code     0  rt_memclr_w.o(.text)
    __aeabi_memclr8                          0x0800088d   Thumb Code     0  rt_memclr_w.o(.text)
    __rt_memclr_w                            0x0800088d   Thumb Code    78  rt_memclr_w.o(.text)
    _memset_w                                0x08000891   Thumb Code     0  rt_memclr_w.o(.text)
    strncpy                                  0x080008db   Thumb Code    86  strncpy.o(.text)
    __use_two_region_memory                  0x08000931   Thumb Code     2  heapauxi.o(.text)
    __rt_heap_escrow$2region                 0x08000933   Thumb Code     2  heapauxi.o(.text)
    __rt_heap_expand$2region                 0x08000935   Thumb Code     2  heapauxi.o(.text)
    __I$use$semihosting                      0x08000937   Thumb Code     0  use_no_semi.o(.text)
    __use_no_semihosting_swi                 0x08000937   Thumb Code     2  use_no_semi.o(.text)
    __aeabi_errno_addr                       0x08000939   Thumb Code     8  rt_errno_addr_intlibspace.o(.text)
    __errno$intlibspace                      0x08000939   Thumb Code     0  rt_errno_addr_intlibspace.o(.text)
    __rt_errno_addr$intlibspace              0x08000939   Thumb Code     0  rt_errno_addr_intlibspace.o(.text)
    __lib_sel_fp_printf                      0x08000941   Thumb Code     2  _printf_fp_dec.o(.text)
    _printf_fp_dec_real                      0x08000aef   Thumb Code   620  _printf_fp_dec.o(.text)
    _printf_char_common                      0x08000d67   Thumb Code    32  _printf_char_common.o(.text)
    _sputc                                   0x08000d8d   Thumb Code    10  _sputc.o(.text)
    _printf_cs_common                        0x08000d97   Thumb Code    20  _printf_char.o(.text)
    _printf_char                             0x08000dab   Thumb Code    16  _printf_char.o(.text)
    _printf_string                           0x08000dbb   Thumb Code     8  _printf_char.o(.text)
    strtol                                   0x08000dc3   Thumb Code   112  strtol.o(.text)
    __user_libspace                          0x08000e35   Thumb Code     8  libspace.o(.text)
    __user_perproc_libspace                  0x08000e35   Thumb Code     0  libspace.o(.text)
    __user_perthread_libspace                0x08000e35   Thumb Code     0  libspace.o(.text)
    __rt_ctype_table                         0x08000e3d   Thumb Code    16  rt_ctype_table.o(.text)
    __rt_locale                              0x08000e4d   Thumb Code     8  rt_locale_intlibspace.o(.text)
    _ll_udiv10                               0x08000e55   Thumb Code   138  lludiv10.o(.text)
    _printf_fp_infnan                        0x08000ee1   Thumb Code   112  _printf_fp_infnan.o(.text)
    _strtoul                                 0x08000f61   Thumb Code   158  _strtoul.o(.text)
    _btod_etento                             0x08001001   Thumb Code   216  bigflt0.o(.text)
    __user_setup_stackheap                   0x080010dd   Thumb Code    74  sys_stackheap_outer.o(.text)
    _chval                                   0x08001127   Thumb Code    28  _chval.o(.text)
    exit                                     0x08001143   Thumb Code    18  exit.o(.text)
    strcmp                                   0x08001155   Thumb Code   128  strcmpv7m.o(.text)
    _btod_d2e                                0x080011d5   Thumb Code    62  btod.o(CL$$btod_d2e)
    _d2e_denorm_low                          0x08001213   Thumb Code    70  btod.o(CL$$btod_d2e_denorm_low)
    _d2e_norm_op1                            0x08001259   Thumb Code    96  btod.o(CL$$btod_d2e_norm_op1)
    __btod_div_common                        0x080012b9   Thumb Code   696  btod.o(CL$$btod_div_common)
    _e2e                                     0x080015f1   Thumb Code   198  btod.o(CL$$btod_e2e)
    _btod_ediv                               0x080016b7   Thumb Code    40  btod.o(CL$$btod_ediv)
    _btod_emul                               0x080016df   Thumb Code    40  btod.o(CL$$btod_emul)
    __btod_mult_common                       0x08001707   Thumb Code   580  btod.o(CL$$btod_mult_common)
    main                                     0x0800194b   Thumb Code    10  components.o(i.$Sub$$main)
    ADC_All_Config                           0x08001955   Thumb Code    16  adc.o(i.ADC_All_Config)
    ADC_Cmd                                  0x08001965   Thumb Code    22  stm32f4xx_adc.o(i.ADC_Cmd)
    ADC_CommonInit                           0x0800197d   Thumb Code    34  stm32f4xx_adc.o(i.ADC_CommonInit)
    ADC_Common_config                        0x080019ad   Thumb Code   260  adc.o(i.ADC_Common_config)
    ADC_DMACmd                               0x08001ab5   Thumb Code    22  stm32f4xx_adc.o(i.ADC_DMACmd)
    ADC_DMARequestAfterLastTransferCmd       0x08001acb   Thumb Code    22  stm32f4xx_adc.o(i.ADC_DMARequestAfterLastTransferCmd)
    ADC_DMA_config                           0x08001ae1   Thumb Code   108  adc.o(i.ADC_DMA_config)
    ADC_GPIO_config                          0x08001b59   Thumb Code    82  adc.o(i.ADC_GPIO_config)
    ADC_Init                                 0x08001bb9   Thumb Code    74  stm32f4xx_adc.o(i.ADC_Init)
    ADC_RegularChannelConfig                 0x08001c0d   Thumb Code   184  stm32f4xx_adc.o(i.ADC_RegularChannelConfig)
    ADC_SoftwareStartConv                    0x08001cc5   Thumb Code    10  stm32f4xx_adc.o(i.ADC_SoftwareStartConv)
    ADS1248_ReadByte                         0x08001cd1   Thumb Code    36  ads1248.o(i.ADS1248_ReadByte)
    ADS1248_ResToTemp                        0x08001cf9   Thumb Code   316  ads1248.o(i.ADS1248_ResToTemp)
    ADS_Read_Reg                             0x08001e55   Thumb Code    78  ads1248.o(i.ADS_Read_Reg)
    ADS_Write_Reg                            0x08001ea9   Thumb Code    80  ads1248.o(i.ADS_Write_Reg)
    Ads_Delay                                0x08001efd   Thumb Code    12  ads1248.o(i.Ads_Delay)
    Ads_Init                                 0x08001f09   Thumb Code   600  ads1248.o(i.Ads_Init)
    Ads_Read_Temp                            0x08002179   Thumb Code   804  ads1248.o(i.Ads_Read_Temp)
    Average_Float                            0x080024c9   Thumb Code    50  adc.o(i.Average_Float)
    BusFault_Handler                         0x08002501   Thumb Code     4  stm32f4xx_it.o(i.BusFault_Handler)
    CAN1_Config                              0x08002505   Thumb Code   258  can.o(i.CAN1_Config)
    CAN1_Push_Packet                         0x08002615   Thumb Code    68  can.o(i.CAN1_Push_Packet)
    CAN1_RX0_IRQHandler                      0x0800265d   Thumb Code    30  stm32f4xx_it.o(i.CAN1_RX0_IRQHandler)
    CAN1_SendData_ID                         0x08002685   Thumb Code   154  can.o(i.CAN1_SendData_ID)
    CAN_DeInit                               0x08002725   Thumb Code    50  stm32f4xx_can.o(i.CAN_DeInit)
    CAN_FilterInit                           0x0800275d   Thumb Code   258  stm32f4xx_can.o(i.CAN_FilterInit)
    CAN_ITConfig                             0x08002865   Thumb Code    18  stm32f4xx_can.o(i.CAN_ITConfig)
    CAN_Init                                 0x08002877   Thumb Code   276  stm32f4xx_can.o(i.CAN_Init)
    CAN_Receive                              0x0800298b   Thumb Code   240  stm32f4xx_can.o(i.CAN_Receive)
    CAN_StructInit                           0x08002a7b   Thumb Code    32  stm32f4xx_can.o(i.CAN_StructInit)
    CAN_Transmit                             0x08002a9b   Thumb Code   294  stm32f4xx_can.o(i.CAN_Transmit)
    Can_Delay                                0x08002bc1   Thumb Code    12  can.o(i.Can_Delay)
    Check_Ack                                0x08002bcd   Thumb Code    54  updata.o(i.Check_Ack)
    Check_Sum                                0x08002c03   Thumb Code    26  updata.o(i.Check_Sum)
    Creat_Task                               0x08002c1d   Thumb Code   324  main.o(i.Creat_Task)
    DMA2_Stream0_IRQHandler                  0x08002f21   Thumb Code    24  adc.o(i.DMA2_Stream0_IRQHandler)
    DMA_ClearFlag                            0x08002f41   Thumb Code    38  stm32f4xx_dma.o(i.DMA_ClearFlag)
    DMA_Cmd                                  0x08002f75   Thumb Code    22  stm32f4xx_dma.o(i.DMA_Cmd)
    DMA_DeInit                               0x08002f8d   Thumb Code   324  stm32f4xx_dma.o(i.DMA_DeInit)
    DMA_GetCmdStatus                         0x080030e5   Thumb Code    20  stm32f4xx_dma.o(i.DMA_GetCmdStatus)
    DMA_GetFlagStatus                        0x080030f9   Thumb Code    54  stm32f4xx_dma.o(i.DMA_GetFlagStatus)
    DMA_Init                                 0x0800313d   Thumb Code    82  stm32f4xx_dma.o(i.DMA_Init)
    DO_Config                                0x08003195   Thumb Code   106  gpio.o(i.DO_Config)
    DO_Contrl                                0x08003211   Thumb Code    30  gpio.o(i.DO_Contrl)
    DO_Regist                                0x08003231   Thumb Code    72  gpio.o(i.DO_Regist)
    DebugMon_Handler                         0x0800327d   Thumb Code     2  stm32f4xx_it.o(i.DebugMon_Handler)
    GPIO_Init                                0x0800327f   Thumb Code   144  stm32f4xx_gpio.o(i.GPIO_Init)
    GPIO_PinAFConfig                         0x0800330f   Thumb Code    70  stm32f4xx_gpio.o(i.GPIO_PinAFConfig)
    GPIO_ReadInputDataBit                    0x08003355   Thumb Code    18  stm32f4xx_gpio.o(i.GPIO_ReadInputDataBit)
    GPIO_ResetBits                           0x08003367   Thumb Code     4  stm32f4xx_gpio.o(i.GPIO_ResetBits)
    GPIO_SetBits                             0x0800336b   Thumb Code     4  stm32f4xx_gpio.o(i.GPIO_SetBits)
    GPIO_ToggleBits                          0x0800336f   Thumb Code     8  stm32f4xx_gpio.o(i.GPIO_ToggleBits)
    Get_CAN1_Addr                            0x08003379   Thumb Code     6  can.o(i.Get_CAN1_Addr)
    Get_Self_Addr                            0x08003385   Thumb Code     6  gpio.o(i.Get_Self_Addr)
    LED_Flash                                0x0800338d   Thumb Code    12  gpio.o(i.LED_Flash)
    Make_Ack_Data                            0x0800339d   Thumb Code    80  updata.o(i.Make_Ack_Data)
    MemManage_Handler                        0x080033ed   Thumb Code     4  stm32f4xx_it.o(i.MemManage_Handler)
    NMI_Handler                              0x080033f1   Thumb Code     2  stm32f4xx_it.o(i.NMI_Handler)
    NVIC_Init                                0x080033f5   Thumb Code   106  misc.o(i.NVIC_Init)
    PID_DeInit                               0x0800346d   Thumb Code    98  pid.o(i.PID_DeInit)
    PID_Init                                 0x080034d5   Thumb Code   296  pid.o(i.PID_Init)
    PostionPIDCalc                           0x08003635   Thumb Code   158  pid.o(i.PostionPIDCalc)
    RCC_AHB1PeriphClockCmd                   0x080036d5   Thumb Code    26  stm32f4xx_rcc.o(i.RCC_AHB1PeriphClockCmd)
    RCC_APB1PeriphClockCmd                   0x080036f5   Thumb Code    26  stm32f4xx_rcc.o(i.RCC_APB1PeriphClockCmd)
    RCC_APB1PeriphResetCmd                   0x08003715   Thumb Code    26  stm32f4xx_rcc.o(i.RCC_APB1PeriphResetCmd)
    RCC_APB2PeriphClockCmd                   0x08003735   Thumb Code    26  stm32f4xx_rcc.o(i.RCC_APB2PeriphClockCmd)
    RCC_APB2PeriphResetCmd                   0x08003755   Thumb Code    26  stm32f4xx_rcc.o(i.RCC_APB2PeriphResetCmd)
    RCC_GetClocksFreq                        0x08003775   Thumb Code   214  stm32f4xx_rcc.o(i.RCC_GetClocksFreq)
    SPI_Cmd                                  0x0800385d   Thumb Code    24  stm32f4xx_spi.o(i.SPI_Cmd)
    SPI_I2S_DeInit                           0x08003875   Thumb Code   152  stm32f4xx_spi.o(i.SPI_I2S_DeInit)
    SPI_I2S_GetFlagStatus                    0x08003925   Thumb Code    18  stm32f4xx_spi.o(i.SPI_I2S_GetFlagStatus)
    SPI_I2S_ReceiveData                      0x08003937   Thumb Code     6  stm32f4xx_spi.o(i.SPI_I2S_ReceiveData)
    SPI_I2S_SendData                         0x0800393d   Thumb Code     4  stm32f4xx_spi.o(i.SPI_I2S_SendData)
    SPI_Init                                 0x08003941   Thumb Code    60  stm32f4xx_spi.o(i.SPI_Init)
    SPI_Soft_CS_Disable                      0x0800397d   Thumb Code    52  spi.o(i.SPI_Soft_CS_Disable)
    SPI_Soft_CS_Enable                       0x080039c1   Thumb Code    68  spi.o(i.SPI_Soft_CS_Enable)
    SPI_Soft_Configuration                   0x08003a15   Thumb Code   292  spi.o(i.SPI_Soft_Configuration)
    SPI_transmit                             0x08003b4d   Thumb Code    54  spi.o(i.SPI_transmit)
    SVC_Handler                              0x08003b83   Thumb Code     2  stm32f4xx_it.o(i.SVC_Handler)
    SysTick_Handler                          0x08003c71   Thumb Code    16  board.o(i.SysTick_Handler)
    SystemCoreClockUpdate                    0x08003c81   Thumb Code   170  system_stm32f4xx.o(i.SystemCoreClockUpdate)
    SystemInit                               0x08003d41   Thumb Code    88  system_stm32f4xx.o(i.SystemInit)
    TIM1_CC_IRQHandler                       0x08003ecd   Thumb Code   514  stm32f4xx_it.o(i.TIM1_CC_IRQHandler)
    TIM1_Config                              0x080040ed   Thumb Code   224  timer.o(i.TIM1_Config)
    TIM2_Config                              0x080041dd   Thumb Code    86  timer.o(i.TIM2_Config)
    TIM2_IRQHandler                          0x08004239   Thumb Code    26  stm32f4xx_it.o(i.TIM2_IRQHandler)
    TIM2_Update_Hook                         0x08004255   Thumb Code   108  main.o(i.TIM2_Update_Hook)
    TIM3_Config                              0x080042cd   Thumb Code   254  timer.o(i.TIM3_Config)
    TIM4_Config                              0x080043dd   Thumb Code   306  timer.o(i.TIM4_Config)
    TIM_ARRPreloadConfig                     0x08004521   Thumb Code    24  stm32f4xx_tim.o(i.TIM_ARRPreloadConfig)
    TIM_ClearITPendingBit                    0x08004539   Thumb Code     6  stm32f4xx_tim.o(i.TIM_ClearITPendingBit)
    TIM_Cmd                                  0x0800453f   Thumb Code    24  stm32f4xx_tim.o(i.TIM_Cmd)
    TIM_GetITStatus                          0x08004557   Thumb Code    34  stm32f4xx_tim.o(i.TIM_GetITStatus)
    TIM_ICInit                               0x08004579   Thumb Code   110  stm32f4xx_tim.o(i.TIM_ICInit)
    TIM_ITConfig                             0x080045e7   Thumb Code    18  stm32f4xx_tim.o(i.TIM_ITConfig)
    TIM_OC1Init                              0x080045f9   Thumb Code   114  stm32f4xx_tim.o(i.TIM_OC1Init)
    TIM_OC1PreloadConfig                     0x08004675   Thumb Code    18  stm32f4xx_tim.o(i.TIM_OC1PreloadConfig)
    TIM_OC2Init                              0x08004689   Thumb Code   154  stm32f4xx_tim.o(i.TIM_OC2Init)
    TIM_OC2PreloadConfig                     0x0800472d   Thumb Code    26  stm32f4xx_tim.o(i.TIM_OC2PreloadConfig)
    TIM_OC3Init                              0x08004749   Thumb Code   150  stm32f4xx_tim.o(i.TIM_OC3Init)
    TIM_OC3PreloadConfig                     0x080047e9   Thumb Code    18  stm32f4xx_tim.o(i.TIM_OC3PreloadConfig)
    TIM_OC4Init                              0x080047fd   Thumb Code   112  stm32f4xx_tim.o(i.TIM_OC4Init)
    TIM_OC4PreloadConfig                     0x08004875   Thumb Code    26  stm32f4xx_tim.o(i.TIM_OC4PreloadConfig)
    TIM_SetCompare1                          0x0800488f   Thumb Code     4  stm32f4xx_tim.o(i.TIM_SetCompare1)
    TIM_SetCompare2                          0x08004893   Thumb Code     4  stm32f4xx_tim.o(i.TIM_SetCompare2)
    TIM_SetCompare3                          0x08004897   Thumb Code     4  stm32f4xx_tim.o(i.TIM_SetCompare3)
    TIM_SetCompare4                          0x0800489b   Thumb Code     4  stm32f4xx_tim.o(i.TIM_SetCompare4)
    TIM_SetIC1Prescaler                      0x0800489f   Thumb Code    18  stm32f4xx_tim.o(i.TIM_SetIC1Prescaler)
    TIM_SetIC2Prescaler                      0x080048b1   Thumb Code    26  stm32f4xx_tim.o(i.TIM_SetIC2Prescaler)
    TIM_SetIC3Prescaler                      0x080048cb   Thumb Code    18  stm32f4xx_tim.o(i.TIM_SetIC3Prescaler)
    TIM_SetIC4Prescaler                      0x080048dd   Thumb Code    26  stm32f4xx_tim.o(i.TIM_SetIC4Prescaler)
    TIM_Set_Duty                             0x080048f9   Thumb Code   148  timer.o(i.TIM_Set_Duty)
    TIM_TimeBaseInit                         0x0800499d   Thumb Code   104  stm32f4xx_tim.o(i.TIM_TimeBaseInit)
    USART2_Config                            0x08004a21   Thumb Code   192  usart.o(i.USART2_Config)
    USART2_IRQHandler                        0x08004ae9   Thumb Code    50  stm32f4xx_it.o(i.USART2_IRQHandler)
    USART6_IRQHandler                        0x08004b21   Thumb Code    50  stm32f4xx_it.o(i.USART6_IRQHandler)
    USART_ClearITPendingBit                  0x08004b59   Thumb Code    30  stm32f4xx_usart.o(i.USART_ClearITPendingBit)
    USART_Cmd                                0x08004b77   Thumb Code    24  stm32f4xx_usart.o(i.USART_Cmd)
    USART_GetFlagStatus                      0x08004b8f   Thumb Code    26  stm32f4xx_usart.o(i.USART_GetFlagStatus)
    USART_GetITStatus                        0x08004ba9   Thumb Code    84  stm32f4xx_usart.o(i.USART_GetITStatus)
    USART_ITConfig                           0x08004bfd   Thumb Code    74  stm32f4xx_usart.o(i.USART_ITConfig)
    USART_Init                               0x08004c49   Thumb Code   204  stm32f4xx_usart.o(i.USART_Init)
    USART_ReceiveData                        0x08004d1d   Thumb Code    10  stm32f4xx_usart.o(i.USART_ReceiveData)
    USART_SendData                           0x08004d27   Thumb Code     8  stm32f4xx_usart.o(i.USART_SendData)
    UsageFault_Handler                       0x08004d2f   Thumb Code     4  stm32f4xx_it.o(i.UsageFault_Handler)
    Usart2_Get_Char                          0x08004d35   Thumb Code    52  usart.o(i.Usart2_Get_Char)
    Usart2_Push_Char                         0x08004d75   Thumb Code    42  usart.o(i.Usart2_Push_Char)
    Usart6_Push_Char                         0x08004dad   Thumb Code    42  usart.o(i.Usart6_Push_Char)
    Usart_Send_Data                          0x08004de5   Thumb Code    48  usart.o(i.Usart_Send_Data)
    __ARM_fpclassify                         0x08004e45   Thumb Code    48  fpclassify.o(i.__ARM_fpclassify)
    __rt_ffs                                 0x08004e75   Thumb Code    70  kservice.o(i.__rt_ffs)
    _is_digit                                0x08004ed5   Thumb Code    14  __printf_wp.o(i._is_digit)
    _sys_exit                                0x08005059   Thumb Code     4  usart.o(i._sys_exit)
    cmd_free                                 0x08005159   Thumb Code    14  msh.o(i.cmd_free)
    cmd_ps                                   0x08005167   Thumb Code    14  msh.o(i.cmd_ps)
    finsh_get_prompt                         0x08005175   Thumb Code    84  shell.o(i.finsh_get_prompt)
    finsh_set_prompt_mode                    0x080051f1   Thumb Code    22  shell.o(i.finsh_set_prompt_mode)
    finsh_system_function_init               0x0800520d   Thumb Code    10  shell.o(i.finsh_system_function_init)
    finsh_system_init                        0x08005221   Thumb Code    98  shell.o(i.finsh_system_init)
    finsh_thread_entry                       0x080052bd   Thumb Code   936  shell.o(i.finsh_thread_entry)
    hello                                    0x08005705   Thumb Code    12  cmd.o(i.hello)
    list                                     0x08005725   Thumb Code    52  cmd.o(i.list)
    list_mailbox                             0x08005831   Thumb Code   224  cmd.o(i.list_mailbox)
    list_mem                                 0x0800598d   Thumb Code    34  mem.o(i.list_mem)
    list_mutex                               0x08005a05   Thumb Code   168  cmd.o(i.list_mutex)
    list_sem                                 0x08005b11   Thumb Code   216  cmd.o(i.list_sem)
    list_thread                              0x08005c49   Thumb Code   294  cmd.o(i.list_thread)
    list_timer                               0x08005e2d   Thumb Code   190  cmd.o(i.list_timer)
    $Super$$main                             0x08005f8d   Thumb Code   238  main.o(i.main)
    main_thread_entry                        0x080060e9   Thumb Code    14  components.o(i.main_thread_entry)
    msh_auto_complete                        0x080061e1   Thumb Code   138  msh.o(i.msh_auto_complete)
    msh_exec                                 0x08006281   Thumb Code    82  msh.o(i.msh_exec)
    msh_help                                 0x08006349   Thumb Code    64  msh.o(i.msh_help)
    msh_is_used                              0x080063bd   Thumb Code     4  msh.o(i.msh_is_used)
    rt_application_init                      0x08006e51   Thumb Code    34  components.o(i.rt_application_init)
    rt_calloc                                0x08006e81   Thumb Code    34  mem.o(i.rt_calloc)
    rt_components_board_init                 0x08006ea5   Thumb Code    20  components.o(i.rt_components_board_init)
    rt_components_init                       0x08006ec1   Thumb Code    20  components.o(i.rt_components_init)
    rt_enter_critical                        0x08006edd   Thumb Code    28  scheduler.o(i.rt_enter_critical)
    rt_exit_critical                         0x08006efd   Thumb Code    60  scheduler.o(i.rt_exit_critical)
    rt_free                                  0x08006f41   Thumb Code   146  mem.o(i.rt_free)
    rt_heap_begin_get                        0x08007039   Thumb Code     4  board.o(i.rt_heap_begin_get)
    rt_heap_end_get                          0x08007041   Thumb Code     4  board.o(i.rt_heap_end_get)
    rt_hw_board_init                         0x08007049   Thumb Code    48  board.o(i.rt_hw_board_init)
    rt_hw_console_getchar                    0x0800707d   Thumb Code    30  usart.o(i.rt_hw_console_getchar)
    rt_hw_console_output                     0x0800709d   Thumb Code    58  usart.o(i.rt_hw_console_output)
    rt_hw_hard_fault_exception               0x080070dd   Thumb Code   220  cpuport.o(i.rt_hw_hard_fault_exception)
    rt_hw_stack_init                         0x08007309   Thumb Code    74  cpuport.o(i.rt_hw_stack_init)
    rt_interrupt_enter                       0x08007359   Thumb Code    42  irq.o(i.rt_interrupt_enter)
    rt_interrupt_leave                       0x0800738d   Thumb Code    42  irq.o(i.rt_interrupt_leave)
    rt_kprintf                               0x08007451   Thumb Code    44  kservice.o(i.rt_kprintf)
    rt_malloc                                0x08007535   Thumb Code   360  mem.o(i.rt_malloc)
    rt_memmove                               0x080076bd   Thumb Code    66  kservice.o(i.rt_memmove)
    rt_memset                                0x080076ff   Thumb Code    72  kservice.o(i.rt_memset)
    rt_mutex_init                            0x08007747   Thumb Code    44  ipc.o(i.rt_mutex_init)
    rt_mutex_release                         0x08007775   Thumb Code   172  ipc.o(i.rt_mutex_release)
    rt_mutex_take                            0x08007825   Thumb Code   228  ipc.o(i.rt_mutex_take)
    rt_object_allocate                       0x08007911   Thumb Code   102  object.o(i.rt_object_allocate)
    rt_object_delete                         0x0800797d   Thumb Code    54  object.o(i.rt_object_delete)
    rt_object_detach                         0x080079b9   Thumb Code    48  object.o(i.rt_object_detach)
    rt_object_get_information                0x080079ed   Thumb Code    36  object.o(i.rt_object_get_information)
    rt_object_init                           0x08007a15   Thumb Code   104  object.o(i.rt_object_init)
    rt_object_is_systemobject                0x08007a81   Thumb Code    18  object.o(i.rt_object_is_systemobject)
    rt_schedule                              0x08007a95   Thumb Code   126  scheduler.o(i.rt_schedule)
    rt_schedule_insert_thread                0x08007b31   Thumb Code    72  scheduler.o(i.rt_schedule_insert_thread)
    rt_schedule_remove_thread                0x08007b81   Thumb Code    76  scheduler.o(i.rt_schedule_remove_thread)
    rt_sem_init                              0x08007bd5   Thumb Code    38  ipc.o(i.rt_sem_init)
    rt_sem_release                           0x08007bfd   Thumb Code    76  ipc.o(i.rt_sem_release)
    rt_sem_take                              0x08007c4d   Thumb Code   152  ipc.o(i.rt_sem_take)
    rt_show_version                          0x08007ced   Thumb Code    38  kservice.o(i.rt_show_version)
    rt_soft_timer_check                      0x08007d9d   Thumb Code   156  timer_1.o(i.rt_soft_timer_check)
    rt_strlen                                0x08007e45   Thumb Code    18  kservice.o(i.rt_strlen)
    rt_strncpy                               0x08007e57   Thumb Code    52  kservice.o(i.rt_strncpy)
    rt_system_heap_init                      0x08007e8d   Thumb Code   160  mem.o(i.rt_system_heap_init)
    rt_system_scheduler_init                 0x08007f85   Thumb Code    52  scheduler.o(i.rt_system_scheduler_init)
    rt_system_scheduler_start                0x08007fd1   Thumb Code    36  scheduler.o(i.rt_system_scheduler_start)
    rt_system_timer_init                     0x08008001   Thumb Code    24  timer_1.o(i.rt_system_timer_init)
    rt_system_timer_thread_init              0x0800801d   Thumb Code    58  timer_1.o(i.rt_system_timer_thread_init)
    rt_thread_control                        0x08008071   Thumb Code   118  thread.o(i.rt_thread_control)
    rt_thread_create                         0x080080e7   Thumb Code    80  thread.o(i.rt_thread_create)
    rt_thread_delay                          0x08008137   Thumb Code    12  thread.o(i.rt_thread_delay)
    rt_thread_delete                         0x08008145   Thumb Code    60  thread.o(i.rt_thread_delete)
    rt_thread_exit                           0x08008185   Thumb Code    76  thread.o(i.rt_thread_exit)
    rt_thread_idle_excute                    0x08008201   Thumb Code   134  idle.o(i.rt_thread_idle_excute)
    rt_thread_idle_init                      0x0800828d   Thumb Code    38  idle.o(i.rt_thread_idle_init)
    rt_thread_init                           0x080082c9   Thumb Code    52  thread.o(i.rt_thread_init)
    rt_thread_mdelay                         0x080082fd   Thumb Code    20  thread.o(i.rt_thread_mdelay)
    rt_thread_resume                         0x08008311   Thumb Code    78  thread.o(i.rt_thread_resume)
    rt_thread_self                           0x08008365   Thumb Code     6  thread.o(i.rt_thread_self)
    rt_thread_sleep                          0x08008371   Thumb Code    62  thread.o(i.rt_thread_sleep)
    rt_thread_startup                        0x080083b5   Thumb Code    44  thread.o(i.rt_thread_startup)
    rt_thread_suspend                        0x080083e1   Thumb Code    86  thread.o(i.rt_thread_suspend)
    rt_thread_timeout                        0x0800843d   Thumb Code    32  thread.o(i.rt_thread_timeout)
    rt_thread_yield                          0x080084a1   Thumb Code    92  thread.o(i.rt_thread_yield)
    rt_tick_from_millisecond                 0x08008505   Thumb Code    56  clock.o(i.rt_tick_from_millisecond)
    rt_tick_get                              0x0800853d   Thumb Code     6  clock.o(i.rt_tick_get)
    rt_tick_increase                         0x08008549   Thumb Code    42  clock.o(i.rt_tick_increase)
    rt_timer_check                           0x08008579   Thumb Code   154  timer_1.o(i.rt_timer_check)
    rt_timer_control                         0x08008621   Thumb Code    56  timer_1.o(i.rt_timer_control)
    rt_timer_detach                          0x08008659   Thumb Code    32  timer_1.o(i.rt_timer_detach)
    rt_timer_init                            0x08008679   Thumb Code    46  timer_1.o(i.rt_timer_init)
    rt_timer_start                           0x080086c5   Thumb Code   300  timer_1.o(i.rt_timer_start)
    rt_timer_stop                            0x08008805   Thumb Code    66  timer_1.o(i.rt_timer_stop)
    rt_vsnprintf                             0x0800884d   Thumb Code   808  kservice.o(i.rt_vsnprintf)
    rtthread_startup                         0x08008b8d   Thumb Code    42  components.o(i.rtthread_startup)
    sum_check                                0x08008c83   Thumb Code    38  updata.o(i.sum_check)
    version                                  0x08009ccd   Thumb Code    10  cmd.o(i.version)
    _get_lc_numeric                          0x08009cd9   Thumb Code    44  lc_numeric_c.o(locale$$code)
    _get_lc_ctype                            0x08009d05   Thumb Code    44  lc_ctype_c.o(locale$$code)
    __aeabi_d2f                              0x08009d31   Thumb Code     0  d2f.o(x$fpl$d2f)
    _d2f                                     0x08009d31   Thumb Code    98  d2f.o(x$fpl$d2f)
    __aeabi_dadd                             0x08009d95   Thumb Code     0  daddsub_clz.o(x$fpl$dadd)
    _dadd                                    0x08009d95   Thumb Code   332  daddsub_clz.o(x$fpl$dadd)
    __aeabi_ddiv                             0x08009ee5   Thumb Code     0  ddiv.o(x$fpl$ddiv)
    _ddiv                                    0x08009ee5   Thumb Code   552  ddiv.o(x$fpl$ddiv)
    __aeabi_i2d                              0x0800a195   Thumb Code     0  dflt_clz.o(x$fpl$dflt)
    _dflt                                    0x0800a195   Thumb Code    46  dflt_clz.o(x$fpl$dflt)
    __aeabi_ui2d                             0x0800a1c3   Thumb Code     0  dflt_clz.o(x$fpl$dfltu)
    _dfltu                                   0x0800a1c3   Thumb Code    38  dflt_clz.o(x$fpl$dfltu)
    __aeabi_dmul                             0x0800a1e9   Thumb Code     0  dmul.o(x$fpl$dmul)
    _dmul                                    0x0800a1e9   Thumb Code   332  dmul.o(x$fpl$dmul)
    __fpl_dnaninf                            0x0800a33d   Thumb Code   156  dnaninf.o(x$fpl$dnaninf)
    __fpl_dretinf                            0x0800a3d9   Thumb Code    12  dretinf.o(x$fpl$dretinf)
    __aeabi_dsub                             0x0800a3e5   Thumb Code     0  daddsub_clz.o(x$fpl$dsub)
    _dsub                                    0x0800a3e5   Thumb Code   464  daddsub_clz.o(x$fpl$dsub)
    __aeabi_f2d                              0x0800a5b9   Thumb Code     0  f2d.o(x$fpl$f2d)
    _f2d                                     0x0800a5b9   Thumb Code    86  f2d.o(x$fpl$f2d)
    __fpl_fnaninf                            0x0800a60f   Thumb Code   140  fnaninf.o(x$fpl$fnaninf)
    _fp_init                                 0x0800a69b   Thumb Code    10  fpinit.o(x$fpl$fpinit)
    __fplib_config_fpu_vfp                   0x0800a6a3   Thumb Code     0  fpinit.o(x$fpl$fpinit)
    __fplib_config_pureend_doubles           0x0800a6a3   Thumb Code     0  fpinit.o(x$fpl$fpinit)
    __fpl_fretinf                            0x0800a6a5   Thumb Code    10  fretinf.o(x$fpl$fretinf)
    _printf_fp_dec                           0x0800a6af   Thumb Code     4  printf1.o(x$fpl$printf1)
    __I$use$fp                               0x0800a6b2   Number         0  usenofp.o(x$fpl$usenofp)
    __fsym___cmd_print_adc_name              0x0800a6b2   Data          16  main.o(.constdata)
    __fsym___cmd_print_temp_name             0x0800a6c2   Data          17  main.o(.constdata)
    __fsym___cmd_print_freq_name             0x0800a6d3   Data          17  main.o(.constdata)
    __fsym___cmd_set_softPWM_duty_name       0x0800a6e4   Data          23  main.o(.constdata)
    pt1000_table                             0x0800a6fc   Data        4804  ads1248.o(.constdata)
    __fsym_hello_name                        0x0800b9c0   Data           6  cmd.o(.constdata)
    __fsym_version_name                      0x0800b9c6   Data           8  cmd.o(.constdata)
    __fsym___cmd_version_name                0x0800b9ce   Data          14  cmd.o(.constdata)
    __fsym_list_thread_name                  0x0800b9dc   Data          12  cmd.o(.constdata)
    __fsym___cmd_list_thread_name            0x0800b9e8   Data          18  cmd.o(.constdata)
    __fsym_list_sem_name                     0x0800b9fa   Data           9  cmd.o(.constdata)
    __fsym___cmd_list_sem_name               0x0800ba03   Data          15  cmd.o(.constdata)
    __fsym_list_mutex_name                   0x0800ba12   Data          11  cmd.o(.constdata)
    __fsym___cmd_list_mutex_name             0x0800ba1d   Data          17  cmd.o(.constdata)
    __fsym_list_mailbox_name                 0x0800ba2e   Data          13  cmd.o(.constdata)
    __fsym___cmd_list_mailbox_name           0x0800ba3b   Data          19  cmd.o(.constdata)
    __fsym_list_timer_name                   0x0800ba4e   Data          11  cmd.o(.constdata)
    __fsym___cmd_list_timer_name             0x0800ba59   Data          17  cmd.o(.constdata)
    __fsym_list_name                         0x0800ba6a   Data           5  cmd.o(.constdata)
    __fsym___cmd_help_name                   0x0800ba6f   Data          11  msh.o(.constdata)
    __fsym___cmd_ps_name                     0x0800ba7a   Data           9  msh.o(.constdata)
    __fsym___cmd_free_name                   0x0800ba83   Data          11  msh.o(.constdata)
    __lowest_bit_bitmap                      0x0800ba8e   Data         256  kservice.o(.constdata)
    __fsym_list_mem_name                     0x0800bbb0   Data           9  mem.o(.constdata)
    __rt_init_rti_start                      0x0800bca4   Data           4  components.o(.rti_fn.0)
    __rt_init_rti_board_start                0x0800bca8   Data           4  components.o(.rti_fn.0.end)
    __rt_init_uart_init                      0x0800bcac   Data           4  usart.o(.rti_fn.1)
    __rt_init_rti_board_end                  0x0800bcb0   Data           4  components.o(.rti_fn.1.end)
    __rt_init_finsh_system_init              0x0800bcb4   Data           4  shell.o(.rti_fn.6)
    __rt_init_rti_end                        0x0800bcb8   Data           4  components.o(.rti_fn.6.end)
    FSymTab$$Base                            0x0800bcbc   Number         0  main.o(FSymTab)
    __fsym___cmd_print_adc                   0x0800bcbc   Data           8  main.o(FSymTab)
    __fsym___cmd_print_temp                  0x0800bcc4   Data           8  main.o(FSymTab)
    __fsym___cmd_print_freq                  0x0800bccc   Data           8  main.o(FSymTab)
    __fsym___cmd_set_softPWM_duty            0x0800bcd4   Data           8  main.o(FSymTab)
    __fsym_hello                             0x0800bcdc   Data           8  cmd.o(FSymTab)
    __fsym_version                           0x0800bce4   Data           8  cmd.o(FSymTab)
    __fsym___cmd_version                     0x0800bcec   Data           8  cmd.o(FSymTab)
    __fsym_list_thread                       0x0800bcf4   Data           8  cmd.o(FSymTab)
    __fsym___cmd_list_thread                 0x0800bcfc   Data           8  cmd.o(FSymTab)
    __fsym_list_sem                          0x0800bd04   Data           8  cmd.o(FSymTab)
    __fsym___cmd_list_sem                    0x0800bd0c   Data           8  cmd.o(FSymTab)
    __fsym_list_mutex                        0x0800bd14   Data           8  cmd.o(FSymTab)
    __fsym___cmd_list_mutex                  0x0800bd1c   Data           8  cmd.o(FSymTab)
    __fsym_list_mailbox                      0x0800bd24   Data           8  cmd.o(FSymTab)
    __fsym___cmd_list_mailbox                0x0800bd2c   Data           8  cmd.o(FSymTab)
    __fsym_list_timer                        0x0800bd34   Data           8  cmd.o(FSymTab)
    __fsym___cmd_list_timer                  0x0800bd3c   Data           8  cmd.o(FSymTab)
    __fsym_list                              0x0800bd44   Data           8  cmd.o(FSymTab)
    __fsym___cmd_help                        0x0800bd4c   Data           8  msh.o(FSymTab)
    __fsym___cmd_ps                          0x0800bd54   Data           8  msh.o(FSymTab)
    __fsym___cmd_free                        0x0800bd5c   Data           8  msh.o(FSymTab)
    __fsym_list_mem                          0x0800bd64   Data           8  mem.o(FSymTab)
    FSymTab$$Limit                           0x0800bd6c   Number         0  mem.o(FSymTab)
    Region$$Table$$Base                      0x0800bd6c   Number         0  anon$$obj.o(Region$$Table)
    Region$$Table$$Limit                     0x0800bd8c   Number         0  anon$$obj.o(Region$$Table)
    __ctype                                  0x0800bdb5   Data           0  lc_ctype_c.o(locale$$data)
    SystemCoreClock                          0x20000028   Data           4  system_stm32f4xx.o(.data)
    AHBPrescTable                            0x2000002c   Data          16  system_stm32f4xx.o(.data)
    __stdout                                 0x2000005c   Data           4  usart.o(.data)
    _syscall_table_begin                     0x20000060   Data           4  shell.o(.data)
    _syscall_table_end                       0x20000064   Data           4  shell.o(.data)
    _sysvar_table_begin                      0x20000068   Data           4  shell.o(.data)
    _sysvar_table_end                        0x2000006c   Data           4  shell.o(.data)
    shell                                    0x20000070   Data           4  shell.o(.data)
    rt_interrupt_from_thread                 0x20000078   Data           4  cpuport.o(.data)
    rt_interrupt_to_thread                   0x2000007c   Data           4  cpuport.o(.data)
    rt_thread_switch_interrupt_flag          0x20000080   Data           4  cpuport.o(.data)
    rt_interrupt_nest                        0x20000094   Data           1  irq.o(.data)
    rt_object_trytake_hook                   0x20000110   Data           4  object.o(.data)
    rt_object_take_hook                      0x20000114   Data           4  object.o(.data)
    rt_object_put_hook                       0x20000118   Data           4  object.o(.data)
    rt_current_thread                        0x20000120   Data           4  scheduler.o(.data)
    rt_current_priority                      0x20000124   Data           1  scheduler.o(.data)
    rt_thread_ready_priority_group           0x20000128   Data           4  scheduler.o(.data)
    rt_thread_defunct                        0x2000012c   Data           8  scheduler.o(.data)
    RCC_Clocks                               0x20000160   Data          16  main.o(.bss)
    Can1_Rx_Sem                              0x20000194   Data          32  main.o(.bss)
    Can1_Buff                                0x20000b78   Data         640  can.o(.bss)
    Can1_Rx_Buff                             0x20000df8   Data         268  can.o(.bss)
    Freq_InputCapture                        0x20000f04   Data          12  timer.o(.bss)
    ADC_Result                               0x20001372   Data          26  adc.o(.bss)
    PID_Incubate                             0x2000138c   Data          48  pid.o(.bss)
    PID_Reagent                              0x200013bc   Data          48  pid.o(.bss)
    PID_SysLiquid                            0x200013ec   Data          48  pid.o(.bss)
    PID_TrigLiquid                           0x2000141c   Data          48  pid.o(.bss)
    PID_MagClean                             0x2000144c   Data          48  pid.o(.bss)
    PID_Env                                  0x2000147c   Data          48  pid.o(.bss)
    PID_Scan_Window                          0x200014ac   Data          48  pid.o(.bss)
    rt_thread_priority_table                 0x20001788   Data         128  scheduler.o(.bss)
    __libspace_start                         0x20011a80   Data          96  libspace.o(.bss)
    __temporary_stack_top$libspace           0x20011ae0   Data           0  libspace.o(.bss)



==============================================================================

Memory Map of the image

  Image Entry point : 0x08000189

  Load Region LR_IROM1 (Base: 0x08000000, Size: 0x0000c018, Max: 0x00100000, ABSOLUTE, COMPRESSED[0x0000bf00])

    Execution Region ER_IROM1 (Base: 0x08000000, Size: 0x0000beb8, Max: 0x00100000, ABSOLUTE)

    Base Addr    Size         Type   Attr      Idx    E Section Name        Object

    0x08000000   0x00000188   Data   RO            3    RESET               startup_stm32f40_41xxx.o
    0x08000188   0x00000008   Code   RO         7697  * !!!main             c_w.l(__main.o)
    0x08000190   0x00000034   Code   RO         7965    !!!scatter          c_w.l(__scatter.o)
    0x080001c4   0x0000005a   Code   RO         7963    !!dczerorl2         c_w.l(__dczerorl2.o)
    0x0800021e   0x00000002   PAD
    0x08000220   0x0000001c   Code   RO         7967    !!handler_zi        c_w.l(__scatter_zi.o)
    0x0800023c   0x00000000   Code   RO         7674    .ARM.Collect$$_printf_percent$$00000000  c_w.l(_printf_percent.o)
    0x0800023c   0x00000006   Code   RO         7673    .ARM.Collect$$_printf_percent$$00000003  c_w.l(_printf_f.o)
    0x08000242   0x00000006   Code   RO         7671    .ARM.Collect$$_printf_percent$$00000014  c_w.l(_printf_s.o)
    0x08000248   0x00000004   Code   RO         7743    .ARM.Collect$$_printf_percent$$00000017  c_w.l(_printf_percent_end.o)
    0x0800024c   0x00000002   Code   RO         7840    .ARM.Collect$$libinit$$00000000  c_w.l(libinit.o)
    0x0800024e   0x00000004   Code   RO         7841    .ARM.Collect$$libinit$$00000001  c_w.l(libinit2.o)
    0x08000252   0x00000000   Code   RO         7844    .ARM.Collect$$libinit$$00000004  c_w.l(libinit2.o)
    0x08000252   0x00000000   Code   RO         7847    .ARM.Collect$$libinit$$0000000A  c_w.l(libinit2.o)
    0x08000252   0x00000000   Code   RO         7849    .ARM.Collect$$libinit$$0000000C  c_w.l(libinit2.o)
    0x08000252   0x00000000   Code   RO         7851    .ARM.Collect$$libinit$$0000000E  c_w.l(libinit2.o)
    0x08000252   0x00000006   Code   RO         7852    .ARM.Collect$$libinit$$0000000F  c_w.l(libinit2.o)
    0x08000258   0x00000000   Code   RO         7854    .ARM.Collect$$libinit$$00000011  c_w.l(libinit2.o)
    0x08000258   0x0000000c   Code   RO         7855    .ARM.Collect$$libinit$$00000012  c_w.l(libinit2.o)
    0x08000264   0x00000000   Code   RO         7856    .ARM.Collect$$libinit$$00000013  c_w.l(libinit2.o)
    0x08000264   0x00000000   Code   RO         7858    .ARM.Collect$$libinit$$00000015  c_w.l(libinit2.o)
    0x08000264   0x0000000a   Code   RO         7859    .ARM.Collect$$libinit$$00000016  c_w.l(libinit2.o)
    0x0800026e   0x00000000   Code   RO         7860    .ARM.Collect$$libinit$$00000017  c_w.l(libinit2.o)
    0x0800026e   0x00000000   Code   RO         7862    .ARM.Collect$$libinit$$00000019  c_w.l(libinit2.o)
    0x0800026e   0x00000000   Code   RO         7864    .ARM.Collect$$libinit$$0000001B  c_w.l(libinit2.o)
    0x0800026e   0x00000000   Code   RO         7866    .ARM.Collect$$libinit$$0000001D  c_w.l(libinit2.o)
    0x0800026e   0x00000000   Code   RO         7868    .ARM.Collect$$libinit$$0000001F  c_w.l(libinit2.o)
    0x0800026e   0x00000000   Code   RO         7870    .ARM.Collect$$libinit$$00000021  c_w.l(libinit2.o)
    0x0800026e   0x00000000   Code   RO         7872    .ARM.Collect$$libinit$$00000023  c_w.l(libinit2.o)
    0x0800026e   0x00000000   Code   RO         7874    .ARM.Collect$$libinit$$00000025  c_w.l(libinit2.o)
    0x0800026e   0x00000000   Code   RO         7878    .ARM.Collect$$libinit$$0000002C  c_w.l(libinit2.o)
    0x0800026e   0x00000000   Code   RO         7880    .ARM.Collect$$libinit$$0000002E  c_w.l(libinit2.o)
    0x0800026e   0x00000000   Code   RO         7882    .ARM.Collect$$libinit$$00000030  c_w.l(libinit2.o)
    0x0800026e   0x00000000   Code   RO         7884    .ARM.Collect$$libinit$$00000032  c_w.l(libinit2.o)
    0x0800026e   0x00000002   Code   RO         7885    .ARM.Collect$$libinit$$00000033  c_w.l(libinit2.o)
    0x08000270   0x00000002   Code   RO         7913    .ARM.Collect$$libshutdown$$00000000  c_w.l(libshutdown.o)
    0x08000272   0x00000000   Code   RO         7922    .ARM.Collect$$libshutdown$$00000002  c_w.l(libshutdown2.o)
    0x08000272   0x00000000   Code   RO         7924    .ARM.Collect$$libshutdown$$00000004  c_w.l(libshutdown2.o)
    0x08000272   0x00000000   Code   RO         7927    .ARM.Collect$$libshutdown$$00000007  c_w.l(libshutdown2.o)
    0x08000272   0x00000000   Code   RO         7930    .ARM.Collect$$libshutdown$$0000000A  c_w.l(libshutdown2.o)
    0x08000272   0x00000000   Code   RO         7932    .ARM.Collect$$libshutdown$$0000000C  c_w.l(libshutdown2.o)
    0x08000272   0x00000000   Code   RO         7935    .ARM.Collect$$libshutdown$$0000000F  c_w.l(libshutdown2.o)
    0x08000272   0x00000002   Code   RO         7936    .ARM.Collect$$libshutdown$$00000010  c_w.l(libshutdown2.o)
    0x08000274   0x00000000   Code   RO         7725    .ARM.Collect$$rtentry$$00000000  c_w.l(__rtentry.o)
    0x08000274   0x00000000   Code   RO         7759    .ARM.Collect$$rtentry$$00000002  c_w.l(__rtentry2.o)
    0x08000274   0x00000006   Code   RO         7771    .ARM.Collect$$rtentry$$00000004  c_w.l(__rtentry4.o)
    0x0800027a   0x00000000   Code   RO         7761    .ARM.Collect$$rtentry$$00000009  c_w.l(__rtentry2.o)
    0x0800027a   0x00000004   Code   RO         7762    .ARM.Collect$$rtentry$$0000000A  c_w.l(__rtentry2.o)
    0x0800027e   0x00000000   Code   RO         7764    .ARM.Collect$$rtentry$$0000000C  c_w.l(__rtentry2.o)
    0x0800027e   0x00000008   Code   RO         7765    .ARM.Collect$$rtentry$$0000000D  c_w.l(__rtentry2.o)
    0x08000286   0x00000002   Code   RO         7886    .ARM.Collect$$rtexit$$00000000  c_w.l(rtexit.o)
    0x08000288   0x00000000   Code   RO         7893    .ARM.Collect$$rtexit$$00000002  c_w.l(rtexit2.o)
    0x08000288   0x00000004   Code   RO         7894    .ARM.Collect$$rtexit$$00000003  c_w.l(rtexit2.o)
    0x0800028c   0x00000006   Code   RO         7895    .ARM.Collect$$rtexit$$00000004  c_w.l(rtexit2.o)
    0x08000292   0x00000002   PAD
    0x08000294   0x00000040   Code   RO            4    .text               startup_stm32f40_41xxx.o
    0x080002d4   0x00000134   Code   RO         6439    .text               context_rvds.o
    0x08000408   0x00000002   Code   RO         7633    .text               c_w.l(use_no_semi_2.o)
    0x0800040a   0x00000002   PAD
    0x0800040c   0x00000028   Code   RO         7641    .text               c_w.l(noretval__2sprintf.o)
    0x08000434   0x0000004e   Code   RO         7645    .text               c_w.l(_printf_pad.o)
    0x08000482   0x00000052   Code   RO         7647    .text               c_w.l(_printf_str.o)
    0x080004d4   0x00000138   Code   RO         7663    .text               c_w.l(__printf_flags_wp.o)
    0x0800060c   0x0000001a   Code   RO         7675    .text               c_w.l(atoi.o)
    0x08000626   0x00000048   Code   RO         7677    .text               c_w.l(strcpy.o)
    0x0800066e   0x0000003e   Code   RO         7679    .text               c_w.l(strlen.o)
    0x080006ac   0x00000096   Code   RO         7681    .text               c_w.l(strncmp.o)
    0x08000742   0x00000018   Code   RO         7683    .text               c_w.l(strcat.o)
    0x0800075a   0x0000008a   Code   RO         7685    .text               c_w.l(rt_memcpy_v6.o)
    0x080007e4   0x00000064   Code   RO         7687    .text               c_w.l(rt_memcpy_w.o)
    0x08000848   0x00000044   Code   RO         7689    .text               c_w.l(rt_memclr.o)
    0x0800088c   0x0000004e   Code   RO         7691    .text               c_w.l(rt_memclr_w.o)
    0x080008da   0x00000056   Code   RO         7693    .text               c_w.l(strncpy.o)
    0x08000930   0x00000006   Code   RO         7695    .text               c_w.l(heapauxi.o)
    0x08000936   0x00000002   Code   RO         7723    .text               c_w.l(use_no_semi.o)
    0x08000938   0x00000008   Code   RO         7729    .text               c_w.l(rt_errno_addr_intlibspace.o)
    0x08000940   0x0000041a   Code   RO         7733    .text               c_w.l(_printf_fp_dec.o)
    0x08000d5a   0x00000002   PAD
    0x08000d5c   0x00000030   Code   RO         7735    .text               c_w.l(_printf_char_common.o)
    0x08000d8c   0x0000000a   Code   RO         7737    .text               c_w.l(_sputc.o)
    0x08000d96   0x0000002c   Code   RO         7739    .text               c_w.l(_printf_char.o)
    0x08000dc2   0x00000070   Code   RO         7744    .text               c_w.l(strtol.o)
    0x08000e32   0x00000002   PAD
    0x08000e34   0x00000008   Code   RO         7755    .text               c_w.l(libspace.o)
    0x08000e3c   0x00000010   Code   RO         7773    .text               c_w.l(rt_ctype_table.o)
    0x08000e4c   0x00000008   Code   RO         7778    .text               c_w.l(rt_locale_intlibspace.o)
    0x08000e54   0x0000008a   Code   RO         7780    .text               c_w.l(lludiv10.o)
    0x08000ede   0x00000002   PAD
    0x08000ee0   0x00000080   Code   RO         7782    .text               c_w.l(_printf_fp_infnan.o)
    0x08000f60   0x0000009e   Code   RO         7786    .text               c_w.l(_strtoul.o)
    0x08000ffe   0x00000002   PAD
    0x08001000   0x000000dc   Code   RO         7788    .text               c_w.l(bigflt0.o)
    0x080010dc   0x0000004a   Code   RO         7824    .text               c_w.l(sys_stackheap_outer.o)
    0x08001126   0x0000001c   Code   RO         7826    .text               c_w.l(_chval.o)
    0x08001142   0x00000012   Code   RO         7831    .text               c_w.l(exit.o)
    0x08001154   0x00000080   Code   RO         7833    .text               c_w.l(strcmpv7m.o)
    0x080011d4   0x0000003e   Code   RO         7791    CL$$btod_d2e        c_w.l(btod.o)
    0x08001212   0x00000046   Code   RO         7793    CL$$btod_d2e_denorm_low  c_w.l(btod.o)
    0x08001258   0x00000060   Code   RO         7792    CL$$btod_d2e_norm_op1  c_w.l(btod.o)
    0x080012b8   0x00000338   Code   RO         7801    CL$$btod_div_common  c_w.l(btod.o)
    0x080015f0   0x000000c6   Code   RO         7798    CL$$btod_e2e        c_w.l(btod.o)
    0x080016b6   0x00000028   Code   RO         7795    CL$$btod_ediv       c_w.l(btod.o)
    0x080016de   0x00000028   Code   RO         7794    CL$$btod_emul       c_w.l(btod.o)
    0x08001706   0x00000244   Code   RO         7800    CL$$btod_mult_common  c_w.l(btod.o)
    0x0800194a   0x0000000a   Code   RO         6540    i.$Sub$$main        components.o
    0x08001954   0x00000010   Code   RO         5966    i.ADC_All_Config    adc.o
    0x08001964   0x00000016   Code   RO          172    i.ADC_Cmd           stm32f4xx_adc.o
    0x0800197a   0x00000002   PAD
    0x0800197c   0x00000030   Code   RO          173    i.ADC_CommonInit    stm32f4xx_adc.o
    0x080019ac   0x00000108   Code   RO         5967    i.ADC_Common_config  adc.o
    0x08001ab4   0x00000016   Code   RO          176    i.ADC_DMACmd        stm32f4xx_adc.o
    0x08001aca   0x00000016   Code   RO          177    i.ADC_DMARequestAfterLastTransferCmd  stm32f4xx_adc.o
    0x08001ae0   0x00000078   Code   RO         5968    i.ADC_DMA_config    adc.o
    0x08001b58   0x00000060   Code   RO         5969    i.ADC_GPIO_config   adc.o
    0x08001bb8   0x00000054   Code   RO          192    i.ADC_Init          stm32f4xx_adc.o
    0x08001c0c   0x000000b8   Code   RO          197    i.ADC_RegularChannelConfig  stm32f4xx_adc.o
    0x08001cc4   0x0000000a   Code   RO          199    i.ADC_SoftwareStartConv  stm32f4xx_adc.o
    0x08001cce   0x00000002   PAD
    0x08001cd0   0x00000028   Code   RO         5885    i.ADS1248_ReadByte  ads1248.o
    0x08001cf8   0x0000015c   Code   RO         5886    i.ADS1248_ResToTemp  ads1248.o
    0x08001e54   0x00000054   Code   RO         5887    i.ADS_Read_Reg      ads1248.o
    0x08001ea8   0x00000054   Code   RO         5890    i.ADS_Write_Reg     ads1248.o
    0x08001efc   0x0000000c   Code   RO         5891    i.Ads_Delay         ads1248.o
    0x08001f08   0x00000270   Code   RO         5892    i.Ads_Init          ads1248.o
    0x08002178   0x00000350   Code   RO         5893    i.Ads_Read_Temp     ads1248.o
    0x080024c8   0x00000038   Code   RO         5970    i.Average_Float     adc.o
    0x08002500   0x00000004   Code   RO         5324    i.BusFault_Handler  stm32f4xx_it.o
    0x08002504   0x00000110   Code   RO         5484    i.CAN1_Config       can.o
    0x08002614   0x00000048   Code   RO         5485    i.CAN1_Push_Packet  can.o
    0x0800265c   0x00000028   Code   RO         5325    i.CAN1_RX0_IRQHandler  stm32f4xx_it.o
    0x08002684   0x000000a0   Code   RO         5488    i.CAN1_SendData_ID  can.o
    0x08002724   0x00000038   Code   RO          416    i.CAN_DeInit        stm32f4xx_can.o
    0x0800275c   0x00000108   Code   RO          418    i.CAN_FilterInit    stm32f4xx_can.o
    0x08002864   0x00000012   Code   RO          424    i.CAN_ITConfig      stm32f4xx_can.o
    0x08002876   0x00000114   Code   RO          425    i.CAN_Init          stm32f4xx_can.o
    0x0800298a   0x000000f0   Code   RO          428    i.CAN_Receive       stm32f4xx_can.o
    0x08002a7a   0x00000020   Code   RO          431    i.CAN_StructInit    stm32f4xx_can.o
    0x08002a9a   0x00000126   Code   RO          433    i.CAN_Transmit      stm32f4xx_can.o
    0x08002bc0   0x0000000c   Code   RO         5489    i.Can_Delay         can.o
    0x08002bcc   0x00000036   Code   RO         6142    i.Check_Ack         updata.o
    0x08002c02   0x0000001a   Code   RO         6143    i.Check_Sum         updata.o
    0x08002c1c   0x00000304   Code   RO         5123    i.Creat_Task        main.o
    0x08002f20   0x00000020   Code   RO         5971    i.DMA2_Stream0_IRQHandler  adc.o
    0x08002f40   0x00000034   Code   RO         1191    i.DMA_ClearFlag     stm32f4xx_dma.o
    0x08002f74   0x00000016   Code   RO         1193    i.DMA_Cmd           stm32f4xx_dma.o
    0x08002f8a   0x00000002   PAD
    0x08002f8c   0x00000158   Code   RO         1194    i.DMA_DeInit        stm32f4xx_dma.o
    0x080030e4   0x00000014   Code   RO         1198    i.DMA_GetCmdStatus  stm32f4xx_dma.o
    0x080030f8   0x00000044   Code   RO         1202    i.DMA_GetFlagStatus  stm32f4xx_dma.o
    0x0800313c   0x00000058   Code   RO         1205    i.DMA_Init          stm32f4xx_dma.o
    0x08003194   0x0000007c   Code   RO         5610    i.DO_Config         gpio.o
    0x08003210   0x0000001e   Code   RO         5611    i.DO_Contrl         gpio.o
    0x0800322e   0x00000002   PAD
    0x08003230   0x0000004c   Code   RO         5612    i.DO_Regist         gpio.o
    0x0800327c   0x00000002   Code   RO         5326    i.DebugMon_Handler  stm32f4xx_it.o
    0x0800327e   0x00000090   Code   RO         1993    i.GPIO_Init         stm32f4xx_gpio.o
    0x0800330e   0x00000046   Code   RO         1994    i.GPIO_PinAFConfig  stm32f4xx_gpio.o
    0x08003354   0x00000012   Code   RO         1997    i.GPIO_ReadInputDataBit  stm32f4xx_gpio.o
    0x08003366   0x00000004   Code   RO         2000    i.GPIO_ResetBits    stm32f4xx_gpio.o
    0x0800336a   0x00000004   Code   RO         2001    i.GPIO_SetBits      stm32f4xx_gpio.o
    0x0800336e   0x00000008   Code   RO         2003    i.GPIO_ToggleBits   stm32f4xx_gpio.o
    0x08003376   0x00000002   PAD
    0x08003378   0x0000000c   Code   RO         5490    i.Get_CAN1_Addr     can.o
    0x08003384   0x00000006   Code   RO         5615    i.Get_Self_Addr     gpio.o
    0x0800338a   0x00000002   PAD
    0x0800338c   0x00000010   Code   RO         5616    i.LED_Flash         gpio.o
    0x0800339c   0x00000050   Code   RO         6144    i.Make_Ack_Data     updata.o
    0x080033ec   0x00000004   Code   RO         5327    i.MemManage_Handler  stm32f4xx_it.o
    0x080033f0   0x00000002   Code   RO         5328    i.NMI_Handler       stm32f4xx_it.o
    0x080033f2   0x00000002   PAD
    0x080033f4   0x00000078   Code   RO           13    i.NVIC_Init         misc.o
    0x0800346c   0x00000068   Code   RO         6107    i.PID_DeInit        pid.o
    0x080034d4   0x00000160   Code   RO         6108    i.PID_Init          pid.o
    0x08003634   0x0000009e   Code   RO         6109    i.PostionPIDCalc    pid.o
    0x080036d2   0x00000002   PAD
    0x080036d4   0x00000020   Code   RO         2919    i.RCC_AHB1PeriphClockCmd  stm32f4xx_rcc.o
    0x080036f4   0x00000020   Code   RO         2928    i.RCC_APB1PeriphClockCmd  stm32f4xx_rcc.o
    0x08003714   0x00000020   Code   RO         2930    i.RCC_APB1PeriphResetCmd  stm32f4xx_rcc.o
    0x08003734   0x00000020   Code   RO         2931    i.RCC_APB2PeriphClockCmd  stm32f4xx_rcc.o
    0x08003754   0x00000020   Code   RO         2933    i.RCC_APB2PeriphResetCmd  stm32f4xx_rcc.o
    0x08003774   0x000000e8   Code   RO         2940    i.RCC_GetClocksFreq  stm32f4xx_rcc.o
    0x0800385c   0x00000018   Code   RO         4077    i.SPI_Cmd           stm32f4xx_spi.o
    0x08003874   0x000000b0   Code   RO         4084    i.SPI_I2S_DeInit    stm32f4xx_spi.o
    0x08003924   0x00000012   Code   RO         4085    i.SPI_I2S_GetFlagStatus  stm32f4xx_spi.o
    0x08003936   0x00000006   Code   RO         4088    i.SPI_I2S_ReceiveData  stm32f4xx_spi.o
    0x0800393c   0x00000004   Code   RO         4089    i.SPI_I2S_SendData  stm32f4xx_spi.o
    0x08003940   0x0000003c   Code   RO         4090    i.SPI_Init          stm32f4xx_spi.o
    0x0800397c   0x00000044   Code   RO         5840    i.SPI_Soft_CS_Disable  spi.o
    0x080039c0   0x00000054   Code   RO         5841    i.SPI_Soft_CS_Enable  spi.o
    0x08003a14   0x00000138   Code   RO         5842    i.SPI_Soft_Configuration  spi.o
    0x08003b4c   0x00000036   Code   RO         5843    i.SPI_transmit      spi.o
    0x08003b82   0x00000002   Code   RO         5329    i.SVC_Handler       stm32f4xx_it.o
    0x08003b84   0x000000ec   Code   RO         5443    i.SetSysClock       system_stm32f4xx.o
    0x08003c70   0x00000010   Code   RO         7585    i.SysTick_Handler   board.o
    0x08003c80   0x000000c0   Code   RO         5444    i.SystemCoreClockUpdate  system_stm32f4xx.o
    0x08003d40   0x00000068   Code   RO         5445    i.SystemInit        system_stm32f4xx.o
    0x08003da8   0x0000003a   Code   RO         4299    i.TI1_Config        stm32f4xx_tim.o
    0x08003de2   0x00000050   Code   RO         4300    i.TI2_Config        stm32f4xx_tim.o
    0x08003e32   0x00000048   Code   RO         4301    i.TI3_Config        stm32f4xx_tim.o
    0x08003e7a   0x00000050   Code   RO         4302    i.TI4_Config        stm32f4xx_tim.o
    0x08003eca   0x00000002   PAD
    0x08003ecc   0x00000220   Code   RO         5330    i.TIM1_CC_IRQHandler  stm32f4xx_it.o
    0x080040ec   0x000000f0   Code   RO         5670    i.TIM1_Config       timer.o
    0x080041dc   0x0000005c   Code   RO         5671    i.TIM2_Config       timer.o
    0x08004238   0x0000001a   Code   RO         5331    i.TIM2_IRQHandler   stm32f4xx_it.o
    0x08004252   0x00000002   PAD
    0x08004254   0x00000078   Code   RO         5125    i.TIM2_Update_Hook  main.o
    0x080042cc   0x00000110   Code   RO         5672    i.TIM3_Config       timer.o
    0x080043dc   0x00000144   Code   RO         5673    i.TIM4_Config       timer.o
    0x08004520   0x00000018   Code   RO         4303    i.TIM_ARRPreloadConfig  stm32f4xx_tim.o
    0x08004538   0x00000006   Code   RO         4310    i.TIM_ClearITPendingBit  stm32f4xx_tim.o
    0x0800453e   0x00000018   Code   RO         4315    i.TIM_Cmd           stm32f4xx_tim.o
    0x08004556   0x00000022   Code   RO         4336    i.TIM_GetITStatus   stm32f4xx_tim.o
    0x08004578   0x0000006e   Code   RO         4338    i.TIM_ICInit        stm32f4xx_tim.o
    0x080045e6   0x00000012   Code   RO         4340    i.TIM_ITConfig      stm32f4xx_tim.o
    0x080045f8   0x0000007c   Code   RO         4344    i.TIM_OC1Init       stm32f4xx_tim.o
    0x08004674   0x00000012   Code   RO         4347    i.TIM_OC1PreloadConfig  stm32f4xx_tim.o
    0x08004686   0x00000002   PAD
    0x08004688   0x000000a4   Code   RO         4349    i.TIM_OC2Init       stm32f4xx_tim.o
    0x0800472c   0x0000001a   Code   RO         4352    i.TIM_OC2PreloadConfig  stm32f4xx_tim.o
    0x08004746   0x00000002   PAD
    0x08004748   0x000000a0   Code   RO         4354    i.TIM_OC3Init       stm32f4xx_tim.o
    0x080047e8   0x00000012   Code   RO         4357    i.TIM_OC3PreloadConfig  stm32f4xx_tim.o
    0x080047fa   0x00000002   PAD
    0x080047fc   0x00000078   Code   RO         4359    i.TIM_OC4Init       stm32f4xx_tim.o
    0x08004874   0x0000001a   Code   RO         4361    i.TIM_OC4PreloadConfig  stm32f4xx_tim.o
    0x0800488e   0x00000004   Code   RO         4377    i.TIM_SetCompare1   stm32f4xx_tim.o
    0x08004892   0x00000004   Code   RO         4378    i.TIM_SetCompare2   stm32f4xx_tim.o
    0x08004896   0x00000004   Code   RO         4379    i.TIM_SetCompare3   stm32f4xx_tim.o
    0x0800489a   0x00000004   Code   RO         4380    i.TIM_SetCompare4   stm32f4xx_tim.o
    0x0800489e   0x00000012   Code   RO         4382    i.TIM_SetIC1Prescaler  stm32f4xx_tim.o
    0x080048b0   0x0000001a   Code   RO         4383    i.TIM_SetIC2Prescaler  stm32f4xx_tim.o
    0x080048ca   0x00000012   Code   RO         4384    i.TIM_SetIC3Prescaler  stm32f4xx_tim.o
    0x080048dc   0x0000001a   Code   RO         4385    i.TIM_SetIC4Prescaler  stm32f4xx_tim.o
    0x080048f6   0x00000002   PAD
    0x080048f8   0x000000a4   Code   RO         5674    i.TIM_Set_Duty      timer.o
    0x0800499c   0x00000084   Code   RO         4387    i.TIM_TimeBaseInit  stm32f4xx_tim.o
    0x08004a20   0x000000c8   Code   RO         5724    i.USART2_Config     usart.o
    0x08004ae8   0x00000038   Code   RO         5332    i.USART2_IRQHandler  stm32f4xx_it.o
    0x08004b20   0x00000038   Code   RO         5333    i.USART6_IRQHandler  stm32f4xx_it.o
    0x08004b58   0x0000001e   Code   RO         4866    i.USART_ClearITPendingBit  stm32f4xx_usart.o
    0x08004b76   0x00000018   Code   RO         4869    i.USART_Cmd         stm32f4xx_usart.o
    0x08004b8e   0x0000001a   Code   RO         4872    i.USART_GetFlagStatus  stm32f4xx_usart.o
    0x08004ba8   0x00000054   Code   RO         4873    i.USART_GetITStatus  stm32f4xx_usart.o
    0x08004bfc   0x0000004a   Code   RO         4875    i.USART_ITConfig    stm32f4xx_usart.o
    0x08004c46   0x00000002   PAD
    0x08004c48   0x000000d4   Code   RO         4876    i.USART_Init        stm32f4xx_usart.o
    0x08004d1c   0x0000000a   Code   RO         4883    i.USART_ReceiveData  stm32f4xx_usart.o
    0x08004d26   0x00000008   Code   RO         4886    i.USART_SendData    stm32f4xx_usart.o
    0x08004d2e   0x00000004   Code   RO         5334    i.UsageFault_Handler  stm32f4xx_it.o
    0x08004d32   0x00000002   PAD
    0x08004d34   0x00000040   Code   RO         5727    i.Usart2_Get_Char   usart.o
    0x08004d74   0x00000038   Code   RO         5728    i.Usart2_Push_Char  usart.o
    0x08004dac   0x00000038   Code   RO         5731    i.Usart6_Push_Char  usart.o
    0x08004de4   0x00000030   Code   RO         5733    i.Usart_Send_Data   usart.o
    0x08004e14   0x00000030   Code   RO         7586    i._SysTick_Config   board.o
    0x08004e44   0x00000030   Code   RO         7822    i.__ARM_fpclassify  m_wm.l(fpclassify.o)
    0x08004e74   0x0000004c   Code   RO         6882    i.__rt_ffs          kservice.o
    0x08004ec0   0x00000014   Code   RO         6608    i._has_defunct_thread  idle.o
    0x08004ed4   0x0000000e   Code   RO         7661    i._is_digit         c_w.l(__printf_wp.o)
    0x08004ee2   0x0000006a   Code   RO         6278    i._msh_exec_cmd     msh.o
    0x08004f4c   0x0000009c   Code   RO         7309    i._rt_thread_init   thread.o
    0x08004fe8   0x00000042   Code   RO         7450    i._rt_timer_init    timer_1.o
    0x0800502a   0x0000002e   Code   RO         7451    i._rt_timer_remove  timer_1.o
    0x08005058   0x00000004   Code   RO         5734    i._sys_exit         usart.o
    0x0800505c   0x000000fc   Code   RO         6443    i.bus_fault_track   cpuport.o
    0x08005158   0x0000000e   Code   RO         6279    i.cmd_free          msh.o
    0x08005166   0x0000000e   Code   RO         6280    i.cmd_ps            msh.o
    0x08005174   0x00000074   Code   RO         6351    i.finsh_get_prompt  shell.o
    0x080051e8   0x00000008   Code   RO         6353    i.finsh_getchar     shell.o
    0x080051f0   0x0000001c   Code   RO         6356    i.finsh_set_prompt_mode  shell.o
    0x0800520c   0x00000014   Code   RO         6357    i.finsh_system_function_init  shell.o
    0x08005220   0x0000009c   Code   RO         6358    i.finsh_system_init  shell.o
    0x080052bc   0x000003c8   Code   RO         6360    i.finsh_thread_entry  shell.o
    0x08005684   0x00000080   Code   RO         6444    i.hard_fault_track  cpuport.o
    0x08005704   0x00000020   Code   RO         6179    i.hello             cmd.o
    0x08005724   0x00000058   Code   RO         6180    i.list              cmd.o
    0x0800577c   0x0000002a   Code   RO         6181    i.list_find_init    cmd.o
    0x080057a6   0x00000088   Code   RO         6182    i.list_get_next     cmd.o
    0x0800582e   0x00000002   PAD
    0x08005830   0x0000015c   Code   RO         6183    i.list_mailbox      cmd.o
    0x0800598c   0x00000078   Code   RO         7059    i.list_mem          mem.o
    0x08005a04   0x0000010c   Code   RO         6184    i.list_mutex        cmd.o
    0x08005b10   0x00000138   Code   RO         6185    i.list_sem          cmd.o
    0x08005c48   0x000001e4   Code   RO         6186    i.list_thread       cmd.o
    0x08005e2c   0x00000160   Code   RO         6187    i.list_timer        cmd.o
    0x08005f8c   0x0000015c   Code   RO         5127    i.main              main.o
    0x080060e8   0x0000000e   Code   RO         6541    i.main_thread_entry  components.o
    0x080060f6   0x00000002   PAD
    0x080060f8   0x000000e8   Code   RO         6445    i.mem_manage_fault_track  cpuport.o
    0x080061e0   0x000000a0   Code   RO         6281    i.msh_auto_complete  msh.o
    0x08006280   0x0000006c   Code   RO         6282    i.msh_exec          msh.o
    0x080062ec   0x0000005c   Code   RO         6283    i.msh_get_cmd       msh.o
    0x08006348   0x00000074   Code   RO         6284    i.msh_help          msh.o
    0x080063bc   0x00000004   Code   RO         6285    i.msh_is_used       msh.o
    0x080063c0   0x000000f0   Code   RO         6286    i.msh_split         msh.o
    0x080064b0   0x0000001c   Code   RO         6188    i.object_split      cmd.o
    0x080064cc   0x00000078   Code   RO         7060    i.plug_holes        mem.o
    0x08006544   0x0000047c   Code   RO         5128    i.print_adc         main.o
    0x080069c0   0x000000bc   Code   RO         5129    i.print_freq        main.o
    0x08006a7c   0x00000198   Code   RO         6884    i.print_number      kservice.o
    0x08006c14   0x0000023c   Code   RO         5130    i.print_temp        main.o
    0x08006e50   0x00000030   Code   RO         6542    i.rt_application_init  components.o
    0x08006e80   0x00000022   Code   RO         7061    i.rt_calloc         mem.o
    0x08006ea2   0x00000002   PAD
    0x08006ea4   0x0000001c   Code   RO         6543    i.rt_components_board_init  components.o
    0x08006ec0   0x0000001c   Code   RO         6544    i.rt_components_init  components.o
    0x08006edc   0x00000020   Code   RO         7237    i.rt_enter_critical  scheduler.o
    0x08006efc   0x00000044   Code   RO         7238    i.rt_exit_critical  scheduler.o
    0x08006f40   0x000000f8   Code   RO         7062    i.rt_free           mem.o
    0x08007038   0x00000008   Code   RO         7587    i.rt_heap_begin_get  board.o
    0x08007040   0x00000008   Code   RO         7588    i.rt_heap_end_get   board.o
    0x08007048   0x00000034   Code   RO         7589    i.rt_hw_board_init  board.o
    0x0800707c   0x0000001e   Code   RO         5736    i.rt_hw_console_getchar  usart.o
    0x0800709a   0x00000002   PAD
    0x0800709c   0x00000040   Code   RO         5737    i.rt_hw_console_output  usart.o
    0x080070dc   0x0000022c   Code   RO         6449    i.rt_hw_hard_fault_exception  cpuport.o
    0x08007308   0x00000050   Code   RO         6450    i.rt_hw_stack_init  cpuport.o
    0x08007358   0x00000034   Code   RO         6843    i.rt_interrupt_enter  irq.o
    0x0800738c   0x00000034   Code   RO         6846    i.rt_interrupt_leave  irq.o
    0x080073c0   0x00000014   Code   RO         6660    i.rt_ipc_list_resume  ipc.o
    0x080073d4   0x0000006c   Code   RO         6662    i.rt_ipc_list_suspend  ipc.o
    0x08007440   0x00000010   Code   RO         6663    i.rt_ipc_object_init  ipc.o
    0x08007450   0x00000030   Code   RO         6888    i.rt_kprintf        kservice.o
    0x08007480   0x00000006   Code   RO         6664    i.rt_list_init      ipc.o
    0x08007486   0x00000006   Code   RO         7239    i.rt_list_init      scheduler.o
    0x0800748c   0x00000006   Code   RO         7452    i.rt_list_init      timer_1.o
    0x08007492   0x0000000e   Code   RO         7130    i.rt_list_insert_after  object.o
    0x080074a0   0x0000000e   Code   RO         7310    i.rt_list_insert_after  thread.o
    0x080074ae   0x0000000e   Code   RO         7453    i.rt_list_insert_after  timer_1.o
    0x080074bc   0x0000000e   Code   RO         6665    i.rt_list_insert_before  ipc.o
    0x080074ca   0x00000010   Code   RO         6189    i.rt_list_isempty   cmd.o
    0x080074da   0x00000010   Code   RO         6666    i.rt_list_isempty   ipc.o
    0x080074ea   0x00000010   Code   RO         7454    i.rt_list_isempty   timer_1.o
    0x080074fa   0x00000014   Code   RO         6190    i.rt_list_len       cmd.o
    0x0800750e   0x00000012   Code   RO         7131    i.rt_list_remove    object.o
    0x08007520   0x00000012   Code   RO         7311    i.rt_list_remove    thread.o
    0x08007532   0x00000002   PAD
    0x08007534   0x00000188   Code   RO         7064    i.rt_malloc         mem.o
    0x080076bc   0x00000042   Code   RO         6893    i.rt_memmove        kservice.o
    0x080076fe   0x00000048   Code   RO         6894    i.rt_memset         kservice.o
    0x08007746   0x0000002c   Code   RO         6679    i.rt_mutex_init     ipc.o
    0x08007772   0x00000002   PAD
    0x08007774   0x000000b0   Code   RO         6680    i.rt_mutex_release  ipc.o
    0x08007824   0x000000ec   Code   RO         6681    i.rt_mutex_take     ipc.o
    0x08007910   0x0000006c   Code   RO         7132    i.rt_object_allocate  object.o
    0x0800797c   0x0000003c   Code   RO         7134    i.rt_object_delete  object.o
    0x080079b8   0x00000034   Code   RO         7135    i.rt_object_detach  object.o
    0x080079ec   0x00000028   Code   RO         7138    i.rt_object_get_information  object.o
    0x08007a14   0x0000006c   Code   RO         7140    i.rt_object_init    object.o
    0x08007a80   0x00000012   Code   RO         7141    i.rt_object_is_systemobject  object.o
    0x08007a92   0x00000002   PAD
    0x08007a94   0x0000009c   Code   RO         7240    i.rt_schedule       scheduler.o
    0x08007b30   0x00000050   Code   RO         7241    i.rt_schedule_insert_thread  scheduler.o
    0x08007b80   0x00000054   Code   RO         7242    i.rt_schedule_remove_thread  scheduler.o
    0x08007bd4   0x00000026   Code   RO         6686    i.rt_sem_init       ipc.o
    0x08007bfa   0x00000002   PAD
    0x08007bfc   0x00000050   Code   RO         6687    i.rt_sem_release    ipc.o
    0x08007c4c   0x000000a0   Code   RO         6688    i.rt_sem_take       ipc.o
    0x08007cec   0x000000b0   Code   RO         6896    i.rt_show_version   kservice.o
    0x08007d9c   0x000000a8   Code   RO         7455    i.rt_soft_timer_check  timer_1.o
    0x08007e44   0x00000012   Code   RO         6902    i.rt_strlen         kservice.o
    0x08007e56   0x00000034   Code   RO         6904    i.rt_strncpy        kservice.o
    0x08007e8a   0x00000002   PAD
    0x08007e8c   0x000000f8   Code   RO         7068    i.rt_system_heap_init  mem.o
    0x08007f84   0x0000004c   Code   RO         7244    i.rt_system_scheduler_init  scheduler.o
    0x08007fd0   0x00000030   Code   RO         7245    i.rt_system_scheduler_start  scheduler.o
    0x08008000   0x0000001c   Code   RO         7456    i.rt_system_timer_init  timer_1.o
    0x0800801c   0x00000054   Code   RO         7457    i.rt_system_timer_thread_init  timer_1.o
    0x08008070   0x00000076   Code   RO         7312    i.rt_thread_control  thread.o
    0x080080e6   0x00000050   Code   RO         7313    i.rt_thread_create  thread.o
    0x08008136   0x0000000c   Code   RO         7314    i.rt_thread_delay   thread.o
    0x08008142   0x00000002   PAD
    0x08008144   0x00000040   Code   RO         7315    i.rt_thread_delete  thread.o
    0x08008184   0x00000054   Code   RO         7317    i.rt_thread_exit    thread.o
    0x080081d8   0x00000028   Code   RO         6610    i.rt_thread_idle_entry  idle.o
    0x08008200   0x0000008c   Code   RO         6611    i.rt_thread_idle_excute  idle.o
    0x0800828c   0x0000003c   Code   RO         6613    i.rt_thread_idle_init  idle.o
    0x080082c8   0x00000034   Code   RO         7319    i.rt_thread_init    thread.o
    0x080082fc   0x00000014   Code   RO         7321    i.rt_thread_mdelay  thread.o
    0x08008310   0x00000054   Code   RO         7322    i.rt_thread_resume  thread.o
    0x08008364   0x0000000c   Code   RO         7324    i.rt_thread_self    thread.o
    0x08008370   0x00000044   Code   RO         7325    i.rt_thread_sleep   thread.o
    0x080083b4   0x0000002c   Code   RO         7326    i.rt_thread_startup  thread.o
    0x080083e0   0x0000005c   Code   RO         7327    i.rt_thread_suspend  thread.o
    0x0800843c   0x00000020   Code   RO         7329    i.rt_thread_timeout  thread.o
    0x0800845c   0x00000044   Code   RO         7458    i.rt_thread_timer_entry  timer_1.o
    0x080084a0   0x00000064   Code   RO         7330    i.rt_thread_yield   thread.o
    0x08008504   0x00000038   Code   RO         6503    i.rt_tick_from_millisecond  clock.o
    0x0800853c   0x0000000c   Code   RO         6504    i.rt_tick_get       clock.o
    0x08008548   0x00000030   Code   RO         6505    i.rt_tick_increase  clock.o
    0x08008578   0x000000a8   Code   RO         7459    i.rt_timer_check    timer_1.o
    0x08008620   0x00000038   Code   RO         7460    i.rt_timer_control  timer_1.o
    0x08008658   0x00000020   Code   RO         7463    i.rt_timer_detach   timer_1.o
    0x08008678   0x0000002e   Code   RO         7466    i.rt_timer_init     timer_1.o
    0x080086a6   0x0000001c   Code   RO         7467    i.rt_timer_list_next_timeout  timer_1.o
    0x080086c2   0x00000002   PAD
    0x080086c4   0x00000140   Code   RO         7469    i.rt_timer_start    timer_1.o
    0x08008804   0x00000048   Code   RO         7470    i.rt_timer_stop     timer_1.o
    0x0800884c   0x00000330   Code   RO         6907    i.rt_vsnprintf      kservice.o
    0x08008b7c   0x00000004   Code   RO         6545    i.rti_board_end     components.o
    0x08008b80   0x00000004   Code   RO         6546    i.rti_board_start   components.o
    0x08008b84   0x00000004   Code   RO         6547    i.rti_end           components.o
    0x08008b88   0x00000004   Code   RO         6548    i.rti_start         components.o
    0x08008b8c   0x0000002a   Code   RO         6549    i.rtthread_startup  components.o
    0x08008bb6   0x00000002   PAD
    0x08008bb8   0x0000001c   Code   RO         5131    i.set_softPWM_duty  main.o
    0x08008bd4   0x00000038   Code   RO         6361    i.shell_auto_complete  shell.o
    0x08008c0c   0x00000030   Code   RO         6191    i.show_wait_queue   cmd.o
    0x08008c3c   0x00000026   Code   RO         6909    i.skip_atoi         kservice.o
    0x08008c62   0x00000020   Code   RO         6287    i.str_common        msh.o
    0x08008c82   0x00000026   Code   RO         6145    i.sum_check         updata.o
    0x08008ca8   0x00000164   Code   RO         5132    i.task1_thread      main.o
    0x08008e0c   0x00000194   Code   RO         5133    i.task2_thread      main.o
    0x08008fa0   0x000000e4   Code   RO         5134    i.task3_thread      main.o
    0x08009084   0x000000e4   Code   RO         5135    i.task4_thread      main.o
    0x08009168   0x000000e4   Code   RO         5136    i.task5_thread      main.o
    0x0800924c   0x000000b0   Code   RO         5137    i.task6_thread      main.o
    0x080092fc   0x00000374   Code   RO         5138    i.task7_thread      main.o
    0x08009670   0x00000568   Code   RO         5139    i.task8_thread      main.o
    0x08009bd8   0x0000000a   Code   RO         5738    i.uart_init         usart.o
    0x08009be2   0x00000002   PAD
    0x08009be4   0x000000e8   Code   RO         6451    i.usage_fault_track  cpuport.o
    0x08009ccc   0x0000000a   Code   RO         6192    i.version           cmd.o
    0x08009cd6   0x00000002   PAD
    0x08009cd8   0x0000002c   Code   RO         7818    locale$$code        c_w.l(lc_numeric_c.o)
    0x08009d04   0x0000002c   Code   RO         7829    locale$$code        c_w.l(lc_ctype_c.o)
    0x08009d30   0x00000062   Code   RO         7699    x$fpl$d2f           fz_wm.l(d2f.o)
    0x08009d92   0x00000002   PAD
    0x08009d94   0x00000150   Code   RO         7701    x$fpl$dadd          fz_wm.l(daddsub_clz.o)
    0x08009ee4   0x000002b0   Code   RO         7708    x$fpl$ddiv          fz_wm.l(ddiv.o)
    0x0800a194   0x0000002e   Code   RO         7712    x$fpl$dflt          fz_wm.l(dflt_clz.o)
    0x0800a1c2   0x00000026   Code   RO         7711    x$fpl$dfltu         fz_wm.l(dflt_clz.o)
    0x0800a1e8   0x00000154   Code   RO         7717    x$fpl$dmul          fz_wm.l(dmul.o)
    0x0800a33c   0x0000009c   Code   RO         7746    x$fpl$dnaninf       fz_wm.l(dnaninf.o)
    0x0800a3d8   0x0000000c   Code   RO         7748    x$fpl$dretinf       fz_wm.l(dretinf.o)
    0x0800a3e4   0x000001d4   Code   RO         7703    x$fpl$dsub          fz_wm.l(daddsub_clz.o)
    0x0800a5b8   0x00000056   Code   RO         7719    x$fpl$f2d           fz_wm.l(f2d.o)
    0x0800a60e   0x0000008c   Code   RO         7750    x$fpl$fnaninf       fz_wm.l(fnaninf.o)
    0x0800a69a   0x0000000a   Code   RO         7890    x$fpl$fpinit        fz_wm.l(fpinit.o)
    0x0800a6a4   0x0000000a   Code   RO         7752    x$fpl$fretinf       fz_wm.l(fretinf.o)
    0x0800a6ae   0x00000004   Code   RO         7721    x$fpl$printf1       fz_wm.l(printf1.o)
    0x0800a6b2   0x00000000   Code   RO         7754    x$fpl$usenofp       fz_wm.l(usenofp.o)
    0x0800a6b2   0x00000049   Data   RO         5141    .constdata          main.o
    0x0800a6fb   0x00000001   PAD
    0x0800a6fc   0x000012c4   Data   RO         5895    .constdata          ads1248.o
    0x0800b9c0   0x000000af   Data   RO         6193    .constdata          cmd.o
    0x0800ba6f   0x0000001f   Data   RO         6288    .constdata          msh.o
    0x0800ba8e   0x00000122   Data   RO         6911    .constdata          kservice.o
    0x0800bbb0   0x00000009   Data   RO         7070    .constdata          mem.o
    0x0800bbb9   0x00000011   Data   RO         7664    .constdata          c_w.l(__printf_flags_wp.o)
    0x0800bbca   0x00000002   PAD
    0x0800bbcc   0x00000094   Data   RO         7789    .constdata          c_w.l(bigflt0.o)
    0x0800bc60   0x00000044   Data   RO         6194    .conststring        cmd.o
    0x0800bca4   0x00000004   Data   RO         6550    .rti_fn.0           components.o
    0x0800bca8   0x00000004   Data   RO         6551    .rti_fn.0.end       components.o
    0x0800bcac   0x00000004   Data   RO         5741    .rti_fn.1           usart.o
    0x0800bcb0   0x00000004   Data   RO         6552    .rti_fn.1.end       components.o
    0x0800bcb4   0x00000004   Data   RO         6364    .rti_fn.6           shell.o
    0x0800bcb8   0x00000004   Data   RO         6553    .rti_fn.6.end       components.o
    0x0800bcbc   0x00000020   Data   RO         5143    FSymTab             main.o
    0x0800bcdc   0x00000070   Data   RO         6195    FSymTab             cmd.o
    0x0800bd4c   0x00000018   Data   RO         6289    FSymTab             msh.o
    0x0800bd64   0x00000008   Data   RO         7072    FSymTab             mem.o
    0x0800bd6c   0x00000020   Data   RO         7961    Region$$Table       anon$$obj.o
    0x0800bd8c   0x0000001c   Data   RO         7817    locale$$data        c_w.l(lc_numeric_c.o)
    0x0800bda8   0x00000110   Data   RO         7828    locale$$data        c_w.l(lc_ctype_c.o)


    Execution Region RW_IRAM1 (Base: 0x20000000, Size: 0x000120e0, Max: 0x00020000, ABSOLUTE, COMPRESSED[0x00000048])

    Base Addr    Size         Type   Attr      Idx    E Section Name        Object

    0x20000000   0x00000010   Data   RW         2972    .data               stm32f4xx_rcc.o
    0x20000010   0x00000010   Data   RW         5142    .data               main.o
    0x20000020   0x00000006   Data   RW         5336    .data               stm32f4xx_it.o
    0x20000026   0x00000002   PAD
    0x20000028   0x00000014   Data   RW         5446    .data               system_stm32f4xx.o
    0x2000003c   0x0000000c   Data   RW         5492    .data               can.o
    0x20000048   0x00000018   Data   RW         5740    .data               usart.o
    0x20000060   0x00000018   Data   RW         6363    .data               shell.o
    0x20000078   0x00000010   Data   RW         6452    .data               cpuport.o
    0x20000088   0x00000004   Data   RW         6507    .data               clock.o
    0x2000008c   0x00000009   Data   RW         6848    .data               irq.o
    0x20000095   0x00000003   PAD
    0x20000098   0x00000020   Data   RW         7071    .data               mem.o
    0x200000b8   0x00000064   Data   RW         7146    .data               object.o
    0x2000011c   0x0000001c   Data   RW         7247    .data               scheduler.o
    0x20000138   0x0000000c   Data   RW         7331    .data               thread.o
    0x20000144   0x0000001c   Data   RW         7472    .data               timer_1.o
    0x20000160   0x000009f4   Zero   RW         5140    .bss                main.o
    0x20000b54   0x00000024   Zero   RW         5335    .bss                stm32f4xx_it.o
    0x20000b78   0x0000038c   Zero   RW         5491    .bss                can.o
    0x20000f04   0x0000006e   Zero   RW         5675    .bss                timer.o
    0x20000f72   0x00000400   Zero   RW         5739    .bss                usart.o
    0x20001372   0x0000001a   Zero   RW         5972    .bss                adc.o
    0x2000138c   0x00000150   Zero   RW         6110    .bss                pid.o
    0x200014dc   0x00000081   Zero   RW         6362    .bss                shell.o
    0x2000155d   0x00000003   PAD
    0x20001560   0x00000188   Zero   RW         6615    .bss                idle.o
    0x200016e8   0x00000080   Zero   RW         6910    .bss                kservice.o
    0x20001768   0x00000020   Zero   RW         7069    .bss                mem.o
    0x20001788   0x00000080   Zero   RW         7246    .bss                scheduler.o
    0x20001808   0x00000278   Zero   RW         7471    .bss                timer_1.o
    0x20001a80   0x00010000   Zero   RW         7590    .bss                board.o
    0x20011a80   0x00000060   Zero   RW         7756    .bss                c_w.l(libspace.o)
    0x20011ae0   0x00000200   Zero   RW            2    HEAP                startup_stm32f40_41xxx.o
    0x20011ce0   0x00000400   Zero   RW            1    STACK               startup_stm32f40_41xxx.o


==============================================================================

Image component sizes


      Code (inc. data)   RO Data    RW Data    ZI Data      Debug   Object Name

       584         44          0          0         26       3899   adc.o
      2040        114       4804          0          0       7916   ads1248.o
       132         16          0          0      65536       3295   board.o
       528         30          0         12        908       3797   can.o
       116         12          0          4          0       1832   clock.o
      2184        742        355          0          0      15961   cmd.o
       186         30         16          0          0       6164   components.o
       308         26          0          0          0        892   context_rvds.o
      1480        738          0         16          0       6546   cpuport.o
       252         26          0          0          0       2952   gpio.o
       260         36          0          0        392       5838   idle.o
       914         24          0          0          0      11220   ipc.o
       104         20          0          9          0       1742   irq.o
      1770        164        290          0        128       9841   kservice.o
      7064       2016        105         16       2548      20952   main.o
      1162        320         17         32         32       5494   mem.o
       120         14          0          0          0     334648   misc.o
       886        154         55          0          0       9469   msh.o
       418         24          0        100          0       8880   object.o
       614         62          0          0        336       2942   pid.o
       550         94          0         28        128       8806   scheduler.o
      1352        152          4         24        129      10320   shell.o
       518         52          0          0          0       3147   spi.o
        64         26        392          0       1536        860   startup_stm32f40_41xxx.o
       392         24          0          0          0       5339   stm32f4xx_adc.o
      1180         12          0          0          0       5374   stm32f4xx_can.o
       594         54          0          0          0       4909   stm32f4xx_dma.o
       248          0          0          0          0       3949   stm32f4xx_gpio.o
       740         52          0          6         36       6188   stm32f4xx_it.o
       392         48          0         16          0       5681   stm32f4xx_rcc.o
       288         24          0          0          0       3999   stm32f4xx_spi.o
      1398         66          0          0          0      17202   stm32f4xx_tim.o
       468          8          0          0          0       5947   stm32f4xx_usart.o
       532         54          0         20          0       2425   system_stm32f4xx.o
      1050         58          0         12          0      15312   thread.o
      1092         74          0          0        110       4275   timer.o
      1218         88          0         28        632      13983   timer_1.o
       198          0          0          0          0       4424   updata.o
       532         54          4         24       1024       7119   usart.o

    ----------------------------------------------------------------------
     33988       5552       6075        352      73504     593539   Object Totals
         0          0         32          0          0          0   (incl. Generated)
        60          0          1          5          3          0   (incl. Padding)

    ----------------------------------------------------------------------

      Code (inc. data)   RO Data    RW Data    ZI Data      Debug   Library Member Name

        90          0          0          0          0          0   __dczerorl2.o
         8          0          0          0          0         68   __main.o
       312          4         17          0          0         92   __printf_flags_wp.o
        14          0          0          0          0         68   __printf_wp.o
         0          0          0          0          0          0   __rtentry.o
        12          0          0          0          0          0   __rtentry2.o
         6          0          0          0          0          0   __rtentry4.o
        52          8          0          0          0          0   __scatter.o
        28          0          0          0          0          0   __scatter_zi.o
        28          0          0          0          0         68   _chval.o
        44          0          0          0          0        108   _printf_char.o
        48          6          0          0          0         96   _printf_char_common.o
         6          0          0          0          0          0   _printf_f.o
      1050          0          0          0          0        216   _printf_fp_dec.o
       128         16          0          0          0         84   _printf_fp_infnan.o
        78          0          0          0          0        108   _printf_pad.o
         0          0          0          0          0          0   _printf_percent.o
         4          0          0          0          0          0   _printf_percent_end.o
         6          0          0          0          0          0   _printf_s.o
        82          0          0          0          0         80   _printf_str.o
        10          0          0          0          0         68   _sputc.o
       158          0          0          0          0         92   _strtoul.o
        26          0          0          0          0         80   atoi.o
       220          4        148          0          0         96   bigflt0.o
      1910        128          0          0          0        672   btod.o
        18          0          0          0          0         80   exit.o
         6          0          0          0          0        152   heapauxi.o
        44         10        272          0          0         76   lc_ctype_c.o
        44         10         28          0          0         76   lc_numeric_c.o
         2          0          0          0          0          0   libinit.o
        34          0          0          0          0          0   libinit2.o
         2          0          0          0          0          0   libshutdown.o
         2          0          0          0          0          0   libshutdown2.o
         8          4          0          0         96         68   libspace.o
       138          0          0          0          0         80   lludiv10.o
        40          6          0          0          0         84   noretval__2sprintf.o
        16          4          0          0          0         76   rt_ctype_table.o
         8          4          0          0          0         68   rt_errno_addr_intlibspace.o
         8          4          0          0          0         68   rt_locale_intlibspace.o
        68          0          0          0          0         68   rt_memclr.o
        78          0          0          0          0         80   rt_memclr_w.o
       138          0          0          0          0         68   rt_memcpy_v6.o
       100          0          0          0          0         80   rt_memcpy_w.o
         2          0          0          0          0          0   rtexit.o
        10          0          0          0          0          0   rtexit2.o
        24          0          0          0          0         68   strcat.o
       128          0          0          0          0         68   strcmpv7m.o
        72          0          0          0          0         80   strcpy.o
        62          0          0          0          0         76   strlen.o
       150          0          0          0          0         80   strncmp.o
        86          0          0          0          0         76   strncpy.o
       112          0          0          0          0         88   strtol.o
        74          0          0          0          0         80   sys_stackheap_outer.o
         2          0          0          0          0         68   use_no_semi.o
         2          0          0          0          0         68   use_no_semi_2.o
        98          4          0          0          0        140   d2f.o
       804         16          0          0          0        368   daddsub_clz.o
       688        140          0          0          0        256   ddiv.o
        84          0          0          0          0        232   dflt_clz.o
       340         12          0          0          0        152   dmul.o
       156          4          0          0          0        140   dnaninf.o
        12          0          0          0          0        116   dretinf.o
        86          4          0          0          0        132   f2d.o
       140          4          0          0          0        132   fnaninf.o
        10          0          0          0          0        116   fpinit.o
        10          0          0          0          0        116   fretinf.o
         4          0          0          0          0        116   printf1.o
         0          0          0          0          0          0   usenofp.o
        48          0          0          0          0        124   fpclassify.o

    ----------------------------------------------------------------------
      8294        392        467          0         96       6012   Library Totals
        16          0          2          0          0          0   (incl. Padding)

    ----------------------------------------------------------------------

      Code (inc. data)   RO Data    RW Data    ZI Data      Debug   Library Name

      5798        208        465          0         96       3872   c_w.l
      2432        184          0          0          0       2016   fz_wm.l
        48          0          0          0          0        124   m_wm.l

    ----------------------------------------------------------------------
      8294        392        467          0         96       6012   Library Totals

    ----------------------------------------------------------------------

==============================================================================


      Code (inc. data)   RO Data    RW Data    ZI Data      Debug   

     42282       5944       6542        352      73600     567815   Grand Totals
     42282       5944       6542         72      73600     567815   ELF Image Totals (compressed)
     42282       5944       6542         72          0          0   ROM Totals

==============================================================================

    Total RO  Size (Code + RO Data)                48824 (  47.68kB)
    Total RW  Size (RW Data + ZI Data)             73952 (  72.22kB)
    Total ROM Size (Code + RO Data + RW Data)      48896 (  47.75kB)

==============================================================================

